BL51 BANKED LINKER/LOCATER V6.22                                                        04/18/2024  20:31:04  PAGE 1


BL51 BANKED LINKER/LOCATER V6.22, INVOKED BY:
F:\KEIL5\C51\BIN\BL51.EXE .\Output\STARTUP.obj, .\Output\Main.obj, .\Output\HC89F30xC_GeneralKey_Touch_Auxiliary.obj, .\
>> Output\HC89F30xC_GeneralKey_Touch_Lib_CFG.obj, ..\..\Libraries\HC89F30xC_GeneralKey_Touch_Lib_V3.01\HC89F30xC_General
>> Key_Touch_Lib_V3.01.LIB, .\Output\HC89F30xC_TouchUartDebug_Lib_CFG.obj, ..\..\Libraries\HC89F30xC_TouchUartDebug_Lib_
>> V2.00\HC89F30xC_TouchUartDebug_Lib_V2.00.LIB, .\Output\HC89F30xC_IO_INIT.obj, .\Output\HC89F30xC_ISR.obj, .\Output\HC
>> 89F30xC_PORT_MAP.obj, .\Output\HC89F30xC_SYS.obj, .\Output\Buzzer_Driver.obj, .\Output\display.obj, .\Output\TM1652.o
>> bj, .\Output\WDT.obj, .\Output\TIMER.obj, .\Output\E2PROM_R_W.obj, .\Output\AD_TDS.obj, .\Output\Fun_Handle.obj, .\Ou
>> tput\KEY.obj, .\Output\USART.obj, .\Output\RS485.obj, .\Output\CRC.obj TO .\Output\HC89F30xC_Touch_Library_Code PRINT
>>  (.\List\HC89F30xC_Touch_Library_Code.m51) RAMSIZE (256) DISABLEWARNING (16, 57)


MEMORY MODEL: SMALL WITH FLOATING POINT ARITHMETIC


INPUT MODULES INCLUDED:
  .\Output\STARTUP.obj (?C_STARTUP)
  .\Output\Main.obj (MAIN)
  .\Output\HC89F30xC_GeneralKey_Touch_Auxiliary.obj (HC89F30XC_GENERALKEY_TOUCH_AUXILIARY)
  .\Output\HC89F30xC_GeneralKey_Touch_Lib_CFG.obj (HC89F30XC_GENERALKEY_TOUCH_LIB_CFG)
  ..\..\Libraries\HC89F30xC_GeneralKey_Touch_Lib_V3.01\HC89F30xC_GeneralKey_Touch_Lib_V3.01.LIB (HC89F30XC_GENERALKEY_TO
>> UCH_LIB)
  .\Output\HC89F30xC_TouchUartDebug_Lib_CFG.obj (HC89F30XC_TOUCHUARTDEBUG_LIB_CFG)
  .\Output\HC89F30xC_IO_INIT.obj (HC89F30XC_IO_INIT)
  .\Output\HC89F30xC_ISR.obj (HC89F30XC_ISR)
  .\Output\HC89F30xC_PORT_MAP.obj (HC89F30XC_PORT_MAP)
  .\Output\HC89F30xC_SYS.obj (HC89F30XC_SYS)
  .\Output\Buzzer_Driver.obj (BUZZER_DRIVER)
  .\Output\display.obj (DISPLAY)
  .\Output\TM1652.obj (TM1652)
  .\Output\WDT.obj (WDT)
  .\Output\TIMER.obj (TIMER)
  .\Output\E2PROM_R_W.obj (E2PROM_R_W)
  .\Output\AD_TDS.obj (AD_TDS)
  .\Output\Fun_Handle.obj (FUN_HANDLE)
  .\Output\KEY.obj (KEY)
  .\Output\USART.obj (USART)
  .\Output\RS485.obj (RS485)
  .\Output\CRC.obj (CRC)
  F:\KEIL5\C51\LIB\C51FPS.LIB (?C?FPADD)
  F:\KEIL5\C51\LIB\C51FPS.LIB (?C?FPMUL)
  F:\KEIL5\C51\LIB\C51FPS.LIB (?C?FCAST)
  F:\KEIL5\C51\LIB\C51FPS.LIB (?C?CASTF)
  F:\KEIL5\C51\LIB\C51FPS.LIB (?C?FPGETOPN)
  F:\KEIL5\C51\LIB\C51S.LIB (?C_INIT)
  F:\KEIL5\C51\LIB\C51S.LIB (?C?CLDPTR)
  F:\KEIL5\C51\LIB\C51S.LIB (?C?CLDOPTR)
  F:\KEIL5\C51\LIB\C51S.LIB (?C?CSTPTR)
  F:\KEIL5\C51\LIB\C51S.LIB (?C?IMUL)
  F:\KEIL5\C51\LIB\C51S.LIB (?C?UIDIV)
  F:\KEIL5\C51\LIB\C51S.LIB (?C?SIDIV)
  F:\KEIL5\C51\LIB\C51S.LIB (?C?IILDX)
  F:\KEIL5\C51\LIB\C51S.LIB (?C?ULDIV)
  F:\KEIL5\C51\LIB\C51S.LIB (?C?LNOT)
  F:\KEIL5\C51\LIB\C51S.LIB (?C?LNEG)
  F:\KEIL5\C51\LIB\C51S.LIB (?C?ULCMP)
  F:\KEIL5\C51\LIB\C51S.LIB (?C?LSHL)
  F:\KEIL5\C51\LIB\C51S.LIB (?C?LSTXDATA)
  F:\KEIL5\C51\LIB\C51S.LIB (?C?LIMUL)
BL51 BANKED LINKER/LOCATER V6.22                                                      04/18/2024  20:31:04  PAGE 2




LINK MAP OF MODULE:  .\Output\HC89F30xC_Touch_Library_Code (?C_STARTUP)


            TYPE    BASE      LENGTH    RELOCATION   SEGMENT NAME
            -----------------------------------------------------

            * * * * * * *   D A T A   M E M O R Y   * * * * * * *
            REG     0000H     0008H     ABSOLUTE     "REG BANK 0"
            DATA    0008H     0014H     UNIT         ?DT?AD_TDS
            DATA    001CH     0004H     UNIT         ?DT?_RS485_SENDDATA?RS485
            BIT     0020H.0   0001H.6   UNIT         ?BI?FUN_HANDLE
            BIT     0021H.6   0001H.0   UNIT         ?BI?TIMER
            BIT     0022H.6   0000H.5   UNIT         ?BI?BUZZER_DRIVER
            BIT     0023H.3   0000H.4   UNIT         ?BI?HC89F30XC_GENERALKEY_TOUCH_LIB
            BIT     0023H.7   0000H.3   UNIT         ?BI?KEY
            BIT     0024H.2   0000H.2   UNIT         ?BI?RS485
            BIT     0024H.4   0000H.2   UNIT         _BIT_GROUP_
            BIT     0024H.6   0000H.1   UNIT         ?BI?USART
                    0024H.7   0000H.1                *** GAP ***
            DATA    0025H     0020H     UNIT         ?DT?DISPLAY
            DATA    0045H     000CH     UNIT         _DATA_GROUP_
            DATA    0051H     000AH     UNIT         ?DT?FUN_HANDLE
            DATA    005BH     000AH     UNIT         ?DT?RS485
            DATA    0065H     0008H     UNIT         ?DT?HC89F30XC_GENERALKEY_TOUCH_LIB
            DATA    006DH     0008H     UNIT         ?DT?USART
            DATA    0075H     0007H     UNIT         ?DT?KEY
            DATA    007CH     0003H     UNIT         ?DT?_GETCRC16?CRC
            IDATA   007FH     0001H     UNIT         ?STACK

            * * * * * * *  X D A T A   M E M O R Y  * * * * * * *
            XDATA   0000H     0200H     UNIT         ?XD?CRC
            XDATA   0200H     00C1H     UNIT         ?XD?RS485
            XDATA   02C1H     003DH     UNIT         ?XD?AD_TDS
            XDATA   02FEH     0026H     UNIT         ?XD?HC89F30XC_GENERALKEY_TOUCH_LIB_CFG
            XDATA   0324H     0023H     UNIT         ?XD?USART
            XDATA   0347H     0020H     UNIT         ?XD?E2PROM_R_W
            XDATA   0367H     0012H     UNIT         ?XD?TIMER
            XDATA   0379H     0008H     UNIT         ?XD?KEY
            XDATA   0381H     0006H     UNIT         ?XD?FUN_HANDLE
            XDATA   0387H     0006H     UNIT         ?XD?UARTDRIVER?RS485
            XDATA   038DH     0005H     UNIT         ?XD?BUZZER_DRIVER
            XDATA   0392H     0004H     UNIT         ?XD?HC89F30XC_GENERALKEY_TOUCH_LIB
            XDATA   0396H     0002H     UNIT         _XDATA_GROUP_
                    0398H     FAE1H                  *** GAP ***
            XDATA   FE79H     0001H     ABSOLUTE     
            XDATA   FE7AH     0001H     ABSOLUTE     
            XDATA   FE7BH     0001H     ABSOLUTE     
                    FE7CH     0004H                  *** GAP ***
            XDATA   FE80H     0001H     ABSOLUTE     
                    FE81H     0010H                  *** GAP ***
            XDATA   FE91H     0001H     ABSOLUTE     
            XDATA   FE92H     0001H     ABSOLUTE     
            XDATA   FE93H     0001H     ABSOLUTE     
            XDATA   FE94H     0001H     ABSOLUTE     
            XDATA   FE95H     0001H     ABSOLUTE     
BL51 BANKED LINKER/LOCATER V6.22                                                      04/18/2024  20:31:04  PAGE 3


                    FE96H     0005H                  *** GAP ***
            XDATA   FE9BH     0001H     ABSOLUTE     
            XDATA   FE9CH     0001H     ABSOLUTE     
                    FE9DH     0003H                  *** GAP ***
            XDATA   FEA0H     0001H     ABSOLUTE     
                    FEA1H     0003H                  *** GAP ***
            XDATA   FEA4H     0001H     ABSOLUTE     
            XDATA   FEA5H     0001H     ABSOLUTE     
                    FEA6H     0004H                  *** GAP ***
            XDATA   FEAAH     0001H     ABSOLUTE     
                    FEABH     0005H                  *** GAP ***
            XDATA   FEB0H     0001H     ABSOLUTE     
                    FEB1H     0003H                  *** GAP ***
            XDATA   FEB4H     0001H     ABSOLUTE     
                    FEB5H     0005H                  *** GAP ***
            XDATA   FEBAH     0001H     ABSOLUTE     
            XDATA   FEBBH     0001H     ABSOLUTE     
            XDATA   FEBCH     0001H     ABSOLUTE     
            XDATA   FEBDH     0001H     ABSOLUTE     
            XDATA   FEBEH     0001H     ABSOLUTE     
                    FEBFH     0041H                  *** GAP ***
            XDATA   FF00H     0001H     ABSOLUTE     
            XDATA   FF01H     0001H     ABSOLUTE     
            XDATA   FF02H     0001H     ABSOLUTE     
            XDATA   FF03H     0001H     ABSOLUTE     
            XDATA   FF04H     0001H     ABSOLUTE     
            XDATA   FF05H     0001H     ABSOLUTE     
            XDATA   FF06H     0001H     ABSOLUTE     
            XDATA   FF07H     0001H     ABSOLUTE     
            XDATA   FF08H     0001H     ABSOLUTE     
            XDATA   FF09H     0001H     ABSOLUTE     
            XDATA   FF0AH     0001H     ABSOLUTE     
            XDATA   FF0BH     0001H     ABSOLUTE     
            XDATA   FF0CH     0001H     ABSOLUTE     
            XDATA   FF0DH     0001H     ABSOLUTE     
            XDATA   FF0EH     0001H     ABSOLUTE     
            XDATA   FF0FH     0001H     ABSOLUTE     
            XDATA   FF10H     0001H     ABSOLUTE     
            XDATA   FF11H     0001H     ABSOLUTE     
            XDATA   FF12H     0001H     ABSOLUTE     
            XDATA   FF13H     0001H     ABSOLUTE     
            XDATA   FF14H     0001H     ABSOLUTE     
            XDATA   FF15H     0001H     ABSOLUTE     
            XDATA   FF16H     0001H     ABSOLUTE     
            XDATA   FF17H     0001H     ABSOLUTE     
                    FF18H     0004H                  *** GAP ***
            XDATA   FF1CH     0001H     ABSOLUTE     
            XDATA   FF1DH     0001H     ABSOLUTE     
                    FF1EH     0062H                  *** GAP ***
            XDATA   FF80H     0001H     ABSOLUTE     
            XDATA   FF81H     0001H     ABSOLUTE     
                    FF82H     0001H                  *** GAP ***
            XDATA   FF83H     0001H     ABSOLUTE     
            XDATA   FF84H     0001H     ABSOLUTE     
                    FF85H     000AH                  *** GAP ***
            XDATA   FF8FH     0001H     ABSOLUTE     
            XDATA   FF90H     0001H     ABSOLUTE     
BL51 BANKED LINKER/LOCATER V6.22                                                      04/18/2024  20:31:04  PAGE 4


            XDATA   FF91H     0001H     ABSOLUTE     
                    FF92H     000AH                  *** GAP ***
            XDATA   FF9CH     0001H     ABSOLUTE     
                    FF9DH     0003H                  *** GAP ***
            XDATA   FFA0H     0001H     ABSOLUTE     
            XDATA   FFA1H     0001H     ABSOLUTE     
            XDATA   FFA2H     0001H     ABSOLUTE     
            XDATA   FFA3H     0001H     ABSOLUTE     
            XDATA   FFA4H     0001H     ABSOLUTE     
            XDATA   FFA5H     0001H     ABSOLUTE     
            XDATA   FFA6H     0001H     ABSOLUTE     
            XDATA   FFA7H     0001H     ABSOLUTE     

            * * * * * * *   C O D E   M E M O R Y   * * * * * * *
            CODE    0000H     0003H     ABSOLUTE     
            CODE    0003H     0003H     UNIT         ?PR?RS485_INIT?RS485
            CODE    0006H     0001H     UNIT         ?PR?TOUCHMULTIBUTTONHANDLE?HC89F30XC_GENERALKEY_TOUCH_AUXILIARY
            CODE    0007H     0001H     UNIT         ?CO?HC89F30XC_GENERALKEY_TOUCH_LIB
            CODE    0008H     0001H     UNIT         ?PR?ISR_TIMER0?HC89F30XC_ISR
            CODE    0009H     0001H     UNIT         ?PR?TIMR0_ISR_HANDLE?TIMER
                    000AH     0001H                  *** GAP ***
            CODE    000BH     0003H     ABSOLUTE     
            CODE    000EH     000BH     UNIT         ?PR?_DELAY_US?TIMER
                    0019H     0002H                  *** GAP ***
            CODE    001BH     0003H     ABSOLUTE     
                    001EH     0005H                  *** GAP ***
            CODE    0023H     0003H     ABSOLUTE     
            CODE    0026H     004BH     UNIT         ?PR?SENSORFINDNEXT?HC89F30XC_GENERALKEY_TOUCH_LIB
                    0071H     0002H                  *** GAP ***
            CODE    0073H     0003H     ABSOLUTE     
            CODE    0076H     050EH     UNIT         ?C?LIB_CODE
            CODE    0584H     04DFH     UNIT         ?PR?TDS_YS_READ?AD_TDS
            CODE    0A63H     03FAH     UNIT         ?PR?_RENOVATE?HC89F30XC_GENERALKEY_TOUCH_LIB
            CODE    0E5DH     0367H     UNIT         ?C_INITSEG
            CODE    11C4H     02F8H     UNIT         ?PR?SENSORADJUST?HC89F30XC_GENERALKEY_TOUCH_LIB
            CODE    14BCH     0197H     UNIT         ?PR?UARTDRIVER?RS485
            CODE    1653H     0186H     UNIT         ?PR?_KEY_HANDLE?KEY
            CODE    17D9H     016FH     UNIT         ?PR?TDS_RO_READ?AD_TDS
            CODE    1948H     0115H     UNIT         ?PR?CURRENTSOURCEINIT?HC89F30XC_GENERALKEY_TOUCH_LIB
            CODE    1A5DH     00B8H     UNIT         ?PR?CTK_INIT?HC89F30XC_GENERALKEY_TOUCH_LIB
            CODE    1B15H     00B8H     UNIT         ?PR?EEPROM_INIT?E2PROM_R_W
            CODE    1BCDH     00A9H     UNIT         ?PR?SCAN_XSEC?FUN_HANDLE
            CODE    1C76H     00A2H     UNIT         ?PR?DIS_MANAGE?DISPLAY
            CODE    1D18H     009AH     UNIT         ?C_C51STARTUP
            CODE    1DB2H     008FH     UNIT         ?PR?IO_INIT?HC89F30XC_IO_INIT
            CODE    1E41H     0089H     UNIT         ?PR?SCAN_XMIN?FUN_HANDLE
            CODE    1ECAH     007EH     UNIT         ?PR?EEPROM_WRITE?E2PROM_R_W
            CODE    1F48H     007DH     UNIT         ?CO?HC89F30XC_GENERALKEY_TOUCH_LIB_CFG
            CODE    1FC5H     007AH     UNIT         ?PR?MAIN?MAIN
            CODE    203FH     0075H     UNIT         ?PR?YALI_SW_CHECK?FUN_HANDLE
            CODE    20B4H     0061H     UNIT         ?PR?TIMER_SCAN?TIMER
            CODE    2115H     0060H     UNIT         ?PR?_JUDGETHERECEIVEDATA?USART
            CODE    2175H     0057H     UNIT         ?PR?DISPLAY?DISPLAY
            CODE    21CCH     0050H     UNIT         ?PR?SCAN_500MS?FUN_HANDLE
            CODE    221CH     004FH     UNIT         ?PR?SPEEK_MANAGE0?BUZZER_DRIVER
            CODE    226BH     004EH     UNIT         ?PR?DIS_TO_MAIN_SEND?USART
            CODE    22B9H     0049H     UNIT         ?PR?_TM1652_SEND_DATA?TM1652
BL51 BANKED LINKER/LOCATER V6.22                                                      04/18/2024  20:31:04  PAGE 5


            CODE    2302H     0046H     UNIT         ?PR?_GETCRC16?CRC
            CODE    2348H     0044H     UNIT         ?PR?_FLASH_WRITEARR?E2PROM_R_W
            CODE    238CH     0041H     UNIT         ?PR?CTK_ISR_HANDLE?HC89F30XC_GENERALKEY_TOUCH_LIB
            CODE    23CDH     0041H     UNIT         ?PR?SINGRECEIVE?USART
            CODE    240EH     003BH     UNIT         ?PR?ISR_CTK?HC89F30XC_ISR
            CODE    2449H     003BH     UNIT         ?PR?ISR_TIMER1?HC89F30XC_ISR
            CODE    2484H     003BH     UNIT         ?PR?RO_CLEAN_CHECK?FUN_HANDLE
            CODE    24BFH     003AH     UNIT         ?PR?_RS485_SENDDATA?RS485
            CODE    24F9H     0039H     UNIT         ?PR?BASELINERESET?HC89F30XC_GENERALKEY_TOUCH_LIB
            CODE    2532H     0037H     UNIT         ?PR?_FLASH_READARR1?E2PROM_R_W
            CODE    2569H     0032H     UNIT         ?PR?_DELAY_1MS?TM1652
            CODE    259BH     0032H     UNIT         ?PR?CHECK_LEAK?FUN_HANDLE
            CODE    25CDH     0030H     UNIT         ?PR?UART1_RPT?HC89F30XC_ISR
            CODE    25FDH     0030H     UNIT         ?PR?TM1652_INIT?TM1652
            CODE    262DH     0030H     UNIT         ?PR?RO_SYS_WORK?FUN_HANDLE
            CODE    265DH     002FH     UNIT         ?PR?TOUCHRAWDATAFILTER?HC89F30XC_GENERALKEY_TOUCH_AUXILIARY
            CODE    268CH     002EH     UNIT         ?PR?TDS_CHECK?FUN_HANDLE
            CODE    26BAH     002DH     UNIT         ?PR?SETACCESSINDEXES?HC89F30XC_GENERALKEY_TOUCH_LIB
            CODE    26E7H     002DH     UNIT         ?PR?_RS485_READDATA?RS485
            CODE    2714H     002CH     UNIT         ?PR?UARTINIT?USART
            CODE    2740H     002BH     UNIT         ?PR?UARTRXMONITOR?RS485
            CODE    276BH     0029H     UNIT         ?PR?RO_SIGN_CHULI?FUN_HANDLE
            CODE    2794H     0027H     UNIT         ?PR?SCAN_100MS?FUN_HANDLE
            CODE    27BBH     0024H     UNIT         ?PR?TOUCH_SIGNAL_HANDLE?HC89F30XC_GENERALKEY_TOUCH_LIB
            CODE    27DFH     0024H     UNIT         ?PR?_FLASH_WRITEDATA?E2PROM_R_W
            CODE    2803H     0022H     UNIT         ?PR?_FLASH_ERASEBLOCK?E2PROM_R_W
            CODE    2825H     0021H     UNIT         ?PR?AD_INIT?HC89F30XC_IO_INIT
            CODE    2846H     001EH     UNIT         ?PR?FUN_HANDLE?FUN_HANDLE
            CODE    2864H     001DH     UNIT         ?PR?SCAN_10MS?FUN_HANDLE
            CODE    2881H     001CH     UNIT         ?PR?_UART_SENDDATA?USART
            CODE    289DH     001AH     UNIT         ?PR?PARAMHANDLEINIT?FUN_HANDLE
            CODE    28B7H     0019H     UNIT         ?PR?_SPEEK_DUO?BUZZER_DRIVER
            CODE    28D0H     0019H     UNIT         ?PR?TIMER0_INIT?TIMER
            CODE    28E9H     0019H     UNIT         ?PR?TIMR1_ISR_HANDLE?TIMER
            CODE    2902H     0019H     UNIT         ?PR?JUDGEONESTRINGEND?USART
            CODE    291BH     0018H     UNIT         ?PR?SCAN_XHOUR?FUN_HANDLE
            CODE    2933H     0017H     UNIT         ?PR?_SPEEK_DAN0?BUZZER_DRIVER
            CODE    294AH     0017H     UNIT         ?PR?CONTROL_DISPLAY?TM1652
            CODE    2961H     0016H     UNIT         ?PR?SYSTEMINIT?HC89F30XC_SYS
            CODE    2977H     0016H     UNIT         ?PR?TIMER1_INIT?TIMER
            CODE    298DH     0015H     UNIT         ?PR?_DELAY_MS?TIMER
            CODE    29A2H     0015H     UNIT         ?PR?PARAMKEYINIT?KEY
            CODE    29B7H     0013H     UNIT         ?PR?SCAN_CONTINUE?HC89F30XC_GENERALKEY_TOUCH_LIB
            CODE    29CAH     0012H     UNIT         ?PR?WORKPRO?FUN_HANDLE
            CODE    29DCH     0012H     UNIT         ?PR?CLEARBUFFER?USART
            CODE    29EEH     0011H     UNIT         ?PR?PARAMTIMTINIT?TIMER
            CODE    29FFH     000FH     UNIT         ?PR?SCAN_1MS?FUN_HANDLE
            CODE    2A0EH     000BH     UNIT         ?PR?_UART_SENDCHAR?USART
            CODE    2A19H     000AH     UNIT         ?PR?SCAN_PAUSE?HC89F30XC_GENERALKEY_TOUCH_LIB
            CODE    2A23H     000AH     UNIT         ?PR?WDT_INIT?WDT
            CODE    2A2DH     0009H     UNIT         ?PR?SCAN_CONTINUE_INSIDE?HC89F30XC_GENERALKEY_TOUCH_LIB
            CODE    2A36H     0009H     UNIT         ?PR?PARAMINIT?FUN_HANDLE



OVERLAY MAP OF MODULE:   .\Output\HC89F30xC_Touch_Library_Code (?C_STARTUP)

BL51 BANKED LINKER/LOCATER V6.22                                                      04/18/2024  20:31:04  PAGE 6



SEGMENT                                             BIT_GROUP          DATA_GROUP          XDATA_GROUP
  +--> CALLED SEGMENT                            START    LENGTH     START    LENGTH     START    LENGTH
--------------------------------------------------------------------------------------------------------
?C_C51STARTUP                                    -----    -----      -----    -----      -----    -----
  +--> ?PR?MAIN?MAIN
  +--> ?C_INITSEG

?PR?MAIN?MAIN                                    -----    -----      -----    -----      -----    -----
  +--> ?PR?SYSTEMINIT?HC89F30XC_SYS
  +--> ?PR?IO_INIT?HC89F30XC_IO_INIT
  +--> ?PR?TM1652_INIT?TM1652
  +--> ?PR?EEPROM_INIT?E2PROM_R_W
  +--> ?PR?PARAMINIT?FUN_HANDLE
  +--> ?PR?TIMER0_INIT?TIMER
  +--> ?PR?TIMER1_INIT?TIMER
  +--> ?PR?AD_INIT?HC89F30XC_IO_INIT
  +--> ?PR?CTK_INIT?HC89F30XC_GENERALKEY_TOU...
  +--> ?PR?WDT_INIT?WDT
  +--> ?PR?_SPEEK_DAN0?BUZZER_DRIVER
  +--> ?PR?UARTINIT?USART
  +--> ?PR?TOUCH_SIGNAL_HANDLE?HC89F30XC_GEN...
  +--> ?PR?FUN_HANDLE?FUN_HANDLE

?PR?TM1652_INIT?TM1652                           -----    -----      -----    -----      -----    -----
  +--> ?PR?_TM1652_SEND_DATA?TM1652
  +--> ?PR?_DELAY_1MS?TM1652
  +--> ?PR?CONTROL_DISPLAY?TM1652

?PR?_TM1652_SEND_DATA?TM1652                     -----    -----      0046H    0003H      -----    -----
  +--> ?PR?_DELAY_US?TIMER

?PR?_DELAY_1MS?TM1652                            -----    -----      0046H    0002H      -----    -----
  +--> ?PR?_DELAY_US?TIMER

?PR?CONTROL_DISPLAY?TM1652                       -----    -----      0045H    0001H      -----    -----
  +--> ?PR?_TM1652_SEND_DATA?TM1652
  +--> ?PR?_DELAY_1MS?TM1652

?PR?EEPROM_INIT?E2PROM_R_W                       -----    -----      -----    -----      -----    -----
  +--> ?PR?_FLASH_READARR1?E2PROM_R_W
  +--> ?PR?EEPROM_WRITE?E2PROM_R_W

?PR?_FLASH_READARR1?E2PROM_R_W                   -----    -----      0045H    0005H      -----    -----

?PR?EEPROM_WRITE?E2PROM_R_W                      -----    -----      -----    -----      -----    -----
  +--> ?PR?_FLASH_ERASEBLOCK?E2PROM_R_W
  +--> ?PR?_FLASH_WRITEARR?E2PROM_R_W

?PR?_FLASH_WRITEARR?E2PROM_R_W                   -----    -----      0049H    0006H      -----    -----
  +--> ?PR?_FLASH_WRITEDATA?E2PROM_R_W

?PR?PARAMINIT?FUN_HANDLE                         -----    -----      -----    -----      -----    -----
  +--> ?PR?PARAMTIMTINIT?TIMER
  +--> ?PR?PARAMHANDLEINIT?FUN_HANDLE
  +--> ?PR?PARAMKEYINIT?KEY

BL51 BANKED LINKER/LOCATER V6.22                                                      04/18/2024  20:31:04  PAGE 7


?PR?AD_INIT?HC89F30XC_IO_INIT                    -----    -----      -----    -----      -----    -----
  +--> ?PR?_DELAY_US?TIMER

?PR?CTK_INIT?HC89F30XC_GENERALKEY_TOU...         -----    -----      0045H    0001H      -----    -----
  +--> ?CO?HC89F30XC_GENERALKEY_TOUCH_LIB_CFG
  +--> ?PR?SETACCESSINDEXES?HC89F30XC_GENERA...
  +--> ?PR?SENSORFINDNEXT?HC89F30XC_GENERALK...
  +--> ?PR?SCAN_CONTINUE_INSIDE?HC89F30XC_GE...
  +--> ?PR?TOUCHRAWDATAFILTER?HC89F30XC_GENE...
  +--> ?PR?CURRENTSOURCEINIT?HC89F30XC_GENER...
  +--> ?PR?BASELINERESET?HC89F30XC_GENERALKE...

?PR?SETACCESSINDEXES?HC89F30XC_GENERA...         -----    -----      -----    -----      -----    -----
  +--> ?CO?HC89F30XC_GENERALKEY_TOUCH_LIB_CFG

?PR?SENSORFINDNEXT?HC89F30XC_GENERALK...         -----    -----      -----    -----      -----    -----
  +--> ?CO?HC89F30XC_GENERALKEY_TOUCH_LIB_CFG

?PR?CURRENTSOURCEINIT?HC89F30XC_GENER...         -----    -----      -----    -----      0396H    0002H
  +--> ?CO?HC89F30XC_GENERALKEY_TOUCH_LIB_CFG
  +--> ?PR?SCAN_CONTINUE_INSIDE?HC89F30XC_GE...

?PR?BASELINERESET?HC89F30XC_GENERALKE...         -----    -----      -----    -----      -----    -----
  +--> ?CO?HC89F30XC_GENERALKEY_TOUCH_LIB_CFG

?PR?TOUCH_SIGNAL_HANDLE?HC89F30XC_GEN...         -----    -----      0045H    0001H      -----    -----
  +--> ?PR?SCAN_PAUSE?HC89F30XC_GENERALKEY_T...
  +--> ?PR?TOUCHRAWDATAFILTER?HC89F30XC_GENE...
  +--> ?CO?HC89F30XC_GENERALKEY_TOUCH_LIB_CFG
  +--> ?PR?_RENOVATE?HC89F30XC_GENERALKEY_TO...
  +--> ?PR?TOUCHMULTIBUTTONHANDLE?HC89F30XC_...
  +--> ?PR?SCAN_CONTINUE_INSIDE?HC89F30XC_GE...

?PR?_RENOVATE?HC89F30XC_GENERALKEY_TO...         0024H.4  0000H.2    0046H    0009H      -----    -----
  +--> ?CO?HC89F30XC_GENERALKEY_TOUCH_LIB_CFG

?PR?FUN_HANDLE?FUN_HANDLE                        -----    -----      -----    -----      -----    -----
  +--> ?PR?TIMER_SCAN?TIMER
  +--> ?PR?JUDGEONESTRINGEND?USART
  +--> ?PR?SCAN_1MS?FUN_HANDLE
  +--> ?PR?SCAN_10MS?FUN_HANDLE
  +--> ?PR?SCAN_100MS?FUN_HANDLE
  +--> ?PR?SCAN_500MS?FUN_HANDLE
  +--> ?PR?SCAN_XSEC?FUN_HANDLE
  +--> ?PR?SCAN_XMIN?FUN_HANDLE
  +--> ?PR?SCAN_XHOUR?FUN_HANDLE

?PR?JUDGEONESTRINGEND?USART                      -----    -----      -----    -----      -----    -----
  +--> ?PR?_JUDGETHERECEIVEDATA?USART
  +--> ?PR?CLEARBUFFER?USART

?PR?_JUDGETHERECEIVEDATA?USART                   -----    -----      0045H    0003H      -----    -----

?PR?SCAN_1MS?FUN_HANDLE                          -----    -----      -----    -----      -----    -----
  +--> ?PR?SINGRECEIVE?USART
  +--> ?PR?UARTRXMONITOR?RS485
  +--> ?PR?TDS_CHECK?FUN_HANDLE
BL51 BANKED LINKER/LOCATER V6.22                                                      04/18/2024  20:31:04  PAGE 8



?PR?TDS_CHECK?FUN_HANDLE                         -----    -----      -----    -----      -----    -----
  +--> ?PR?TDS_YS_READ?AD_TDS
  +--> ?PR?TDS_RO_READ?AD_TDS

?PR?TDS_YS_READ?AD_TDS                           -----    -----      0045H    0004H      -----    -----

?PR?TDS_RO_READ?AD_TDS                           -----    -----      0045H    0004H      -----    -----

?PR?SCAN_10MS?FUN_HANDLE                         -----    -----      -----    -----      -----    -----
  +--> ?PR?SPEEK_MANAGE0?BUZZER_DRIVER
  +--> ?PR?_KEY_HANDLE?KEY
  +--> ?PR?YALI_SW_CHECK?FUN_HANDLE
  +--> ?PR?CHECK_LEAK?FUN_HANDLE
  +--> ?PR?RO_SYS_WORK?FUN_HANDLE

?PR?_KEY_HANDLE?KEY                              -----    -----      0045H    0004H      -----    -----
  +--> ?PR?_SPEEK_DAN0?BUZZER_DRIVER
  +--> ?PR?EEPROM_WRITE?E2PROM_R_W

?PR?CHECK_LEAK?FUN_HANDLE                        -----    -----      -----    -----      -----    -----
  +--> ?PR?_SPEEK_DUO?BUZZER_DRIVER

?PR?SCAN_100MS?FUN_HANDLE                        -----    -----      -----    -----      -----    -----
  +--> ?PR?DIS_MANAGE?DISPLAY
  +--> ?PR?DISPLAY?DISPLAY
  +--> ?PR?WORKPRO?FUN_HANDLE
  +--> ?PR?RO_CLEAN_CHECK?FUN_HANDLE
  +--> ?PR?RO_SIGN_CHULI?FUN_HANDLE

?PR?DISPLAY?DISPLAY                              -----    -----      -----    -----      -----    -----
  +--> ?PR?_TM1652_SEND_DATA?TM1652
  +--> ?PR?_DELAY_1MS?TM1652
  +--> ?PR?CONTROL_DISPLAY?TM1652

?PR?RO_SIGN_CHULI?FUN_HANDLE                     -----    -----      -----    -----      -----    -----
  +--> ?PR?_SPEEK_DUO?BUZZER_DRIVER

?PR?SCAN_XSEC?FUN_HANDLE                         -----    -----      -----    -----      -----    -----
  +--> ?PR?DIS_TO_MAIN_SEND?USART
  +--> ?PR?_SPEEK_DUO?BUZZER_DRIVER

?PR?DIS_TO_MAIN_SEND?USART                       -----    -----      -----    -----      -----    -----
  +--> ?PR?_UART_SENDDATA?USART

?PR?_UART_SENDDATA?USART                         -----    -----      -----    -----      -----    -----
  +--> ?PR?_UART_SENDCHAR?USART

?PR?SCAN_XMIN?FUN_HANDLE                         -----    -----      -----    -----      -----    -----
  +--> ?PR?_SPEEK_DUO?BUZZER_DRIVER
  +--> ?PR?EEPROM_WRITE?E2PROM_R_W

*** NEW ROOT ***************************************************

?PR?ISR_CTK?HC89F30XC_ISR                        -----    -----      -----    -----      -----    -----
  +--> ?PR?CTK_ISR_HANDLE?HC89F30XC_GENERALK...

BL51 BANKED LINKER/LOCATER V6.22                                                      04/18/2024  20:31:04  PAGE 9


?PR?CTK_ISR_HANDLE?HC89F30XC_GENERALK...         -----    -----      -----    -----      -----    -----
  +--> ?CO?HC89F30XC_GENERALKEY_TOUCH_LIB_CFG
  +--> ?PR?SENSORFINDNEXT?HC89F30XC_GENERALK...
  +--> ?PR?SENSORADJUST?HC89F30XC_GENERALKEY...

?PR?SENSORADJUST?HC89F30XC_GENERALKEY...         -----    -----      004FH    0002H      -----    -----
  +--> ?CO?HC89F30XC_GENERALKEY_TOUCH_LIB_CFG
  +--> ?PR?SENSORFINDNEXT?HC89F30XC_GENERALK...

*** NEW ROOT ***************************************************

?PR?ISR_TIMER1?HC89F30XC_ISR                     -----    -----      -----    -----      -----    -----
  +--> ?PR?TIMR1_ISR_HANDLE?TIMER



SYMBOL TABLE OF MODULE:  .\Output\HC89F30xC_Touch_Library_Code (?C_STARTUP)

  VALUE           TYPE          NAME
  ----------------------------------

  -------         MODULE        ?C_STARTUP
  C:1D18H         SEGMENT       ?C_C51STARTUP
  I:007FH         SEGMENT       ?STACK
  C:0000H         PUBLIC        ?C_STARTUP
  D:00E0H         SYMBOL        ACC
  D:00F0H         SYMBOL        B
  D:0083H         SYMBOL        DPH
  D:0082H         SYMBOL        DPL
  N:0000H         SYMBOL        IBPSTACK
  N:0100H         SYMBOL        IBPSTACKTOP
  N:0100H         SYMBOL        IDATALEN
  C:1D1BH         SYMBOL        IDATALOOP
  N:0000H         SYMBOL        PBPSTACK
  N:0100H         SYMBOL        PBPSTACKTOP
  N:0000H         SYMBOL        PDATALEN
  N:0000H         SYMBOL        PDATASTART
  N:0000H         SYMBOL        PPAGE
  N:0000H         SYMBOL        PPAGEENABLE
  D:00A0H         SYMBOL        PPAGE_SFR
  D:0081H         SYMBOL        SP
  C:1D18H         SYMBOL        STARTUP1
  N:0000H         SYMBOL        XBPSTACK
  N:0000H         SYMBOL        XBPSTACKTOP
  N:0400H         SYMBOL        XDATALEN
  C:1D26H         SYMBOL        XDATALOOP
  N:0000H         SYMBOL        XDATASTART
  C:0000H         LINE#         126
  C:1D18H         LINE#         133
  C:1D1AH         LINE#         134
  C:1D1BH         LINE#         135
  C:1D1CH         LINE#         136
  C:1D1EH         LINE#         140
  C:1D21H         LINE#         141
  C:1D23H         LINE#         145
  C:1D25H         LINE#         147
  C:1D26H         LINE#         148
BL51 BANKED LINKER/LOCATER V6.22                                                      04/18/2024  20:31:04  PAGE 10


  C:1D27H         LINE#         149
  C:1D28H         LINE#         150
  C:1D2AH         LINE#         151
  C:1D2CH         LINE#         185
  C:1D2FH         LINE#         196
  -------         ENDMOD        ?C_STARTUP

  -------         MODULE        MAIN
  C:0000H         SYMBOL        _ICE_DUMMY_
  X:FF08H         PUBLIC        P1M0
  X:FF01H         PUBLIC        P0M1
  X:FF10H         PUBLIC        P2M0
  X:FF09H         PUBLIC        P1M1
  X:FF02H         PUBLIC        P0M2
  D:0080H         PUBLIC        P0
  X:FF11H         PUBLIC        P2M1
  X:FF0AH         PUBLIC        P1M2
  X:FF03H         PUBLIC        P0M3
  D:0090H         PUBLIC        P1
  X:FF12H         PUBLIC        P2M2
  X:FF0BH         PUBLIC        P1M3
  X:FF04H         PUBLIC        P0M4
  D:00A0H         PUBLIC        P2
  X:FF13H         PUBLIC        P2M3
  X:FF0CH         PUBLIC        P1M4
  X:FF05H         PUBLIC        P0M5
  D:00B0H         PUBLIC        P3
  X:FF14H         PUBLIC        P2M4
  X:FF0DH         PUBLIC        P1M5
  X:FF06H         PUBLIC        P0M6
  X:FF1CH         PUBLIC        P3M4
  X:FF15H         PUBLIC        P2M5
  X:FF0EH         PUBLIC        P1M6
  X:FF07H         PUBLIC        P0M7
  X:FF1DH         PUBLIC        P3M5
  X:FF16H         PUBLIC        P2M6
  X:FF0FH         PUBLIC        P1M7
  B:00A8H.7       PUBLIC        EA
  X:FF17H         PUBLIC        P2M7
  X:FEBDH         PUBLIC        TRMEN
  X:FE94H         PUBLIC        XTALCFG
  D:00A8H         PUBLIC        IE
  D:00F8H         PUBLIC        RSTFR
  X:FF91H         PUBLIC        PWM01_MAP
  X:FE79H         PUBLIC        TMODCON
  X:FFA3H         PUBLIC        SDA_MAP
  X:FFA5H         PUBLIC        SCK_MAP
  X:FFA2H         PUBLIC        SCL_MAP
  C:1FC5H         PUBLIC        main
  X:FEA4H         PUBLIC        BORC
  X:FFA1H         PUBLIC        RXD_MAP
  X:FEA5H         PUBLIC        BORDBC
  X:FFA0H         PUBLIC        TXD_MAP
  D:00BDH         PUBLIC        WDTC
  X:FEBAH         PUBLIC        PINTE2
  D:0098H         PUBLIC        SCON
  D:0088H         PUBLIC        TCON
BL51 BANKED LINKER/LOCATER V6.22                                                      04/18/2024  20:31:04  PAGE 11


  X:FE95H         PUBLIC        SPOV_RSTEN
  X:FE9BH         PUBLIC        ADCC2
  X:FE9CH         PUBLIC        ADCC3
  X:FE91H         PUBLIC        CLKDIV
  D:00B8H         PUBLIC        IE1
  X:FEBBH         PUBLIC        SFTR
  D:00D8H         PUBLIC        IE2
  X:FF80H         PUBLIC        T0_MAP
  X:FF81H         PUBLIC        T1_MAP
  X:FEAAH         PUBLIC        RSTDBC
  X:FF83H         PUBLIC        T3_MAP
  X:FF84H         PUBLIC        T4_MAP
  X:FEA0H         PUBLIC        WDTCCR
  X:FEBEH         PUBLIC        TRMV
  X:FE7BH         PUBLIC        CTKAUX
  X:FE93H         PUBLIC        CLKOUT
  X:FF90H         PUBLIC        PWM0_MAP
  X:FEBCH         PUBLIC        SFTRMV
  X:FFA4H         PUBLIC        SS_MAP
  X:FE80H         PUBLIC        TCON1
  X:FF9CH         PUBLIC        PWM3_MAP
  X:FF8FH         PUBLIC        CLKO_MAP
  X:FE92H         PUBLIC        FREQ_CLK
  X:FEB0H         PUBLIC        PITS0
  X:FE7AH         PUBLIC        CTKCHS1
  X:FEB4H         PUBLIC        PITS4
  X:FFA7H         PUBLIC        MISO_MAP
  X:FFA6H         PUBLIC        MOSI_MAP
  D:00D0H         PUBLIC        PSW
  X:FF00H         PUBLIC        P0M0
  -------         PROC          MAIN
  C:1FC5H         LINE#         13
  C:1FC5H         LINE#         14
  C:1FC5H         LINE#         15
  C:1FC8H         LINE#         16
  C:1FCBH         LINE#         17
  C:1FCEH         LINE#         19
  C:1FD1H         LINE#         20
  C:1FD4H         LINE#         21
  C:1FD7H         LINE#         22
  C:1FDAH         LINE#         25
  C:1FDDH         LINE#         27
  C:1FDFH         LINE#         28
  C:1FE2H         LINE#         31
  C:1FE5H         LINE#         33
  C:1FEAH         LINE#         39
  C:1FEDH         LINE#         41
  C:1FEDH         LINE#         42
  C:1FEDH         LINE#         43
  C:1FF0H         LINE#         44
  C:1FF0H         LINE#         45
  C:1FF3H         LINE#         46
  C:1FF5H         LINE#         54
  C:2011H         LINE#         55
  C:2011H         LINE#         56
  C:2026H         LINE#         57
  C:2029H         LINE#         58
BL51 BANKED LINKER/LOCATER V6.22                                                      04/18/2024  20:31:04  PAGE 12


  C:202BH         LINE#         60
  C:202BH         LINE#         61
  C:202DH         LINE#         62
  C:2037H         LINE#         63
  C:2037H         LINE#         64
  C:2037H         LINE#         65
  C:203AH         LINE#         66
  C:203DH         LINE#         69
  -------         ENDPROC       MAIN
  -------         ENDMOD        MAIN

  -------         MODULE        HC89F30XC_GENERALKEY_TOUCH_AUXILIARY
  C:0000H         SYMBOL        _ICE_DUMMY_
  D:0080H         PUBLIC        P0
  D:0090H         PUBLIC        P1
  D:00A0H         PUBLIC        P2
  D:00B0H         PUBLIC        P3
  C:0006H         PUBLIC        TouchMultibuttonHandle
  D:00A8H         PUBLIC        IE
  D:00F8H         PUBLIC        RSTFR
  C:265DH         PUBLIC        TouchRawDataFilter
  D:0098H         PUBLIC        SCON
  D:0088H         PUBLIC        TCON
  D:00B8H         PUBLIC        IE1
  D:00D8H         PUBLIC        IE2
  D:00D0H         PUBLIC        PSW
  -------         PROC          TOUCHMULTIBUTTONHANDLE
  C:0006H         LINE#         84
  C:0006H         LINE#         85
  C:0006H         LINE#         134
  -------         ENDPROC       TOUCHMULTIBUTTONHANDLE
  -------         PROC          TOUCHRAWDATAFILTER
  -------         DO            
  D:0007H         SYMBOL        fuc_i
  -------         ENDDO         
  C:265DH         LINE#         172
  C:265DH         LINE#         173
  C:265DH         LINE#         194
  C:265FH         LINE#         195
  C:265FH         LINE#         196
  C:265FH         LINE#         197
  C:2687H         LINE#         198
  C:268BH         LINE#         201
  -------         ENDPROC       TOUCHRAWDATAFILTER
  -------         ENDMOD        HC89F30XC_GENERALKEY_TOUCH_AUXILIARY

  -------         MODULE        HC89F30XC_GENERALKEY_TOUCH_LIB_CFG
  C:0000H         SYMBOL        _ICE_DUMMY_
  X:02FEH         PUBLIC        XDATA_TouchCnt
  C:1F93H         PUBLIC        CODE_CONFIRM_TOUCH_TIME
  C:1F5DH         PUBLIC        CODE_TK_CH_MASK
  C:1F8FH         PUBLIC        CODE_VD
  C:1FC3H         PUBLIC        CODE_RAWDATA_FULL
  C:1F72H         PUBLIC        CODE_TK_LONGKEY
  X:0300H         PUBLIC        XDATA_RawDataBuf
  C:1FC2H         PUBLIC        CODE_FILTER_DEPTH
  C:1F95H         PUBLIC        CODE_LIMIT_FACTOR
BL51 BANKED LINKER/LOCATER V6.22                                                      04/18/2024  20:31:04  PAGE 13


  C:1F8DH         PUBLIC        CODE_VD_RV
  X:0304H         PUBLIC        XDATA_ConfirmTouchRadio
  C:1F94H         PUBLIC        CODE_CONFIRM_NOTOUCH_TIME
  X:0306H         PUBLIC        XDATA_OpenChannel
  X:0308H         PUBLIC        XDATA_OverZeroTime
  C:1F8BH         PUBLIC        CODE_DSCR
  C:1F8CH         PUBLIC        CODE_CTKDS_PRSDIV
  C:1F48H         PUBLIC        CODE_INTERNAL_INDEX
  C:1F89H         PUBLIC        CODE_CALIBRATE_TARGET_LINE
  X:030AH         PUBLIC        XDATA_OverZeroCnt
  C:1F91H         PUBLIC        CODE_OVERLOW_TIME
  X:030EH         PUBLIC        XDATA_NoTouchCnt
  X:0310H         PUBLIC        XDATA_LongRstCnt
  C:1F96H         PUBLIC        CODE_FINGER_THRESHOLD
  X:0314H         PUBLIC        XDATA_OverLowCnt
  C:1FC1H         PUBLIC        CODE_TK_CH_MAX
  X:0316H         PUBLIC        XDATA_ConfirmLongTouchTime
  X:0318H         PUBLIC        XDATA_ConfirmShortTouchTime
  X:031AH         PUBLIC        XDATA_BaseLine
  X:031EH         PUBLIC        XDATA_ConfirmNoTouchRadio
  C:1F8EH         PUBLIC        CODE_RBS
  C:1F88H         PUBLIC        CODE_CALIBRATE_DEFLECTED_AREA
  C:1F87H         PUBLIC        CODE_CHANNEL_CALIBRATE_SW
  C:1FC0H         PUBLIC        CODE_OPENED_TK_AMOUNT
  C:1F90H         PUBLIC        CODE_RBSEL
  X:0320H         PUBLIC        XDATA_RawData
  -------         ENDMOD        HC89F30XC_GENERALKEY_TOUCH_LIB_CFG

  -------         MODULE        HC89F30XC_GENERALKEY_TOUCH_LIB
  C:0000H         SYMBOL        _ICE_DUMMY_
  D:0080H         PUBLIC        P0
  D:0090H         PUBLIC        P1
  D:00A0H         PUBLIC        P2
  D:00B0H         PUBLIC        P3
  D:0069H         SYMBOL        nuc_CurrentIndex
  D:00A8H         PUBLIC        IE
  C:24F9H         PUBLIC        BaseLineReset
  D:00F8H         PUBLIC        RSTFR
  D:006AH         SYMBOL        nui_AdjustTargetLine
  C:0026H         SYMBOL        SensorFindNext
  B:0023H.3       PUBLIC        OneCycleScanDone
  B:00B8H.5       PUBLIC        ECTK
  X:0392H         PUBLIC        TouchKeyFlag
  C:29B7H         PUBLIC        Scan_Continue
  D:006CH         SYMBOL        nuc_CTKIREF
  D:0098H         PUBLIC        SCON
  D:00D6H         PUBLIC        CTKR
  D:0088H         PUBLIC        TCON
  D:00B8H         PUBLIC        IE1
  D:00D8H         PUBLIC        IE2
  D:00D5H         PUBLIC        CTKCHS
  D:00D4H         PUBLIC        CTKCON
  B:0023H.4       SYMBOL        nbt_DetectingPause
  C:0007H         PUBLIC        TOUCH_LIB_VERSION
  C:0A63H         SYMBOL        _Renovate
  C:26BAH         SYMBOL        SetAccessIndexes
  C:1A5DH         PUBLIC        CTK_Init
BL51 BANKED LINKER/LOCATER V6.22                                                      04/18/2024  20:31:04  PAGE 14


  B:0023H.5       SYMBOL        nbt_OneCycleScanWait
  C:238CH         PUBLIC        CTK_ISR_Handle
  C:2A19H         PUBLIC        Scan_Pause
  C:11C4H         SYMBOL        SensorAdjust
  C:2A2DH         PUBLIC        Scan_Continue_Inside
  C:1948H         SYMBOL        CurrentSourceInit
  C:27BBH         PUBLIC        Touch_Signal_Handle
  D:00D0H         PUBLIC        PSW
  B:0023H.6       SYMBOL        nbt_CurrentSourceAdjustDone
  -------         PROC          SETACCESSINDEXES
  -------         DO            
  D:0007H         SYMBOL        fui_i
  D:0006H         SYMBOL        fui_j
  -------         ENDDO         
  C:26BAH         LINE#         172
  C:26BAH         LINE#         173
  C:26BAH         LINE#         174
  C:26BDH         LINE#         176
  C:26C8H         LINE#         177
  C:26C8H         LINE#         178
  C:26D0H         LINE#         179
  C:26D0H         LINE#         180
  C:26E2H         LINE#         181
  C:26E3H         LINE#         182
  C:26E3H         LINE#         183
  C:26E6H         LINE#         184
  -------         ENDPROC       SETACCESSINDEXES
  -------         PROC          SENSORFINDNEXT
  C:0026H         LINE#         194
  C:0026H         LINE#         195
  C:0026H         LINE#         196
  C:0028H         LINE#         197
  C:0034H         LINE#         198
  C:0034H         LINE#         199
  C:0036H         LINE#         200
  C:0038H         LINE#         201
  C:003AH         LINE#         202
  C:003DH         LINE#         203
  C:003DH         LINE#         204
  C:0050H         LINE#         205
  C:0050H         LINE#         206
  C:0054H         LINE#         207
  C:0056H         LINE#         208
  C:0058H         LINE#         210
  C:0058H         LINE#         211
  C:005AH         LINE#         212
  C:0066H         LINE#         213
  C:0066H         LINE#         214
  C:006BH         LINE#         215
  C:0070H         LINE#         216
  -------         ENDPROC       SENSORFINDNEXT
  -------         PROC          CURRENTSOURCEINIT
  -------         DO            
  X:0396H         SYMBOL        fi_MinRaw
  D:0007H         SYMBOL        fuc_i
  -------         ENDDO         
  C:1948H         LINE#         228
BL51 BANKED LINKER/LOCATER V6.22                                                      04/18/2024  20:31:04  PAGE 15


  C:1948H         LINE#         229
  C:1948H         LINE#         230
  C:1952H         LINE#         232
  C:195CH         LINE#         233
  C:195CH         LINE#         234
  C:196BH         LINE#         235
  C:196BH         LINE#         237
  C:1977H         LINE#         238
  C:1977H         LINE#         239
  C:1998H         LINE#         240
  C:1998H         LINE#         241
  C:19B4H         LINE#         242
  C:19B4H         LINE#         243
  C:19BCH         LINE#         244
  C:19BCH         LINE#         245
  C:19BCH         LINE#         246
  C:19BFH         LINE#         247
  C:19ECH         LINE#         248
  C:19ECH         LINE#         249
  C:19FCH         LINE#         250
  C:19FCH         LINE#         252
  C:1A0AH         LINE#         253
  C:1A25H         LINE#         254
  C:1A2FH         LINE#         255
  C:1A2FH         LINE#         257
  C:1A2FH         LINE#         258
  C:1A39H         LINE#         259
  C:1A3BH         LINE#         262
  C:1A3BH         LINE#         263
  C:1A47H         LINE#         264
  C:1A47H         LINE#         267
  C:1A4AH         LINE#         268
  C:1A4CH         LINE#         269
  C:1A4EH         LINE#         270
  C:1A51H         LINE#         271
  C:1A54H         LINE#         272
  C:1A56H         LINE#         273
  C:1A59H         LINE#         274
  C:1A5CH         LINE#         275
  C:1A5CH         LINE#         276
  -------         ENDPROC       CURRENTSOURCEINIT
  -------         PROC          SENSORADJUST
  -------         DO            
  D:0065H         SYMBOL        fuc_Min
  D:0066H         SYMBOL        fuc_Max
  D:0067H         SYMBOL        fuc_AdjustStep
  D:0068H         SYMBOL        fuc_i
  D:004FH         SYMBOL        fui_RawData
  -------         ENDDO         
  C:11C4H         LINE#         286
  C:11C4H         LINE#         287
  C:11C4H         LINE#         288
  C:11CEH         LINE#         289
  C:11CEH         LINE#         293
  C:11D3H         LINE#         295
  C:11EAH         LINE#         296
  C:11F1H         LINE#         297
BL51 BANKED LINKER/LOCATER V6.22                                                      04/18/2024  20:31:04  PAGE 16


  C:11F1H         LINE#         298
  C:1209H         LINE#         299
  C:1209H         LINE#         300
  C:1220H         LINE#         301
  C:1275H         LINE#         302
  C:1278H         LINE#         304
  C:1278H         LINE#         305
  C:127BH         LINE#         306
  C:127EH         LINE#         307
  C:12D6H         LINE#         308
  C:12EEH         LINE#         309
  C:12F1H         LINE#         311
  C:12F1H         LINE#         313
  C:12FAH         LINE#         314
  C:12FAH         LINE#         315
  C:1313H         LINE#         316
  C:1313H         LINE#         317
  C:134EH         LINE#         318
  C:1355H         LINE#         319
  C:1355H         LINE#         320
  C:1357H         LINE#         321
  C:13B5H         LINE#         323
  C:13B5H         LINE#         324
  C:13B5H         LINE#         325
  C:13B7H         LINE#         326
  C:13D0H         LINE#         328
  C:13D0H         LINE#         329
  C:13D9H         LINE#         330
  C:13D9H         LINE#         331
  C:13E6H         LINE#         332
  C:13E6H         LINE#         333
  C:13FEH         LINE#         334
  C:13FEH         LINE#         335
  C:140FH         LINE#         336
  C:1419H         LINE#         337
  C:1419H         LINE#         338
  C:1420H         LINE#         340
  C:1420H         LINE#         342
  C:1420H         LINE#         343
  C:1438H         LINE#         344
  C:1438H         LINE#         345
  C:143AH         LINE#         346
  C:144FH         LINE#         347
  C:144FH         LINE#         348
  C:1460H         LINE#         349
  C:1468H         LINE#         350
  C:1468H         LINE#         351
  C:148CH         LINE#         353
  C:148CH         LINE#         355
  C:148CH         LINE#         356
  C:14A4H         LINE#         357
  C:14A4H         LINE#         358
  C:14A4H         LINE#         359
  C:14A4H         LINE#         360
  C:14A4H         LINE#         361
  C:14A7H         LINE#         362
  C:14AAH         LINE#         363
BL51 BANKED LINKER/LOCATER V6.22                                                      04/18/2024  20:31:04  PAGE 17


  C:14ACH         LINE#         364
  C:14BBH         LINE#         365
  C:14BBH         LINE#         366
  -------         ENDPROC       SENSORADJUST
  -------         PROC          CTK_INIT
  -------         DO            
  D:0045H         SYMBOL        fuc_i
  -------         ENDDO         
  C:1A5DH         LINE#         375
  C:1A5DH         LINE#         376
  C:1A5DH         LINE#         379
  C:1A62H         LINE#         380
  C:1A64H         LINE#         381
  C:1A66H         LINE#         382
  C:1A68H         LINE#         383
  C:1A6AH         LINE#         384
  C:1A6CH         LINE#         385
  C:1A6EH         LINE#         386
  C:1A70H         LINE#         387
  C:1A72H         LINE#         388
  C:1A74H         LINE#         389
  C:1A76H         LINE#         390
  C:1A78H         LINE#         391
  C:1A7AH         LINE#         392
  C:1A7CH         LINE#         393
  C:1A7EH         LINE#         394
  C:1A80H         LINE#         395
  C:1A82H         LINE#         396
  C:1A84H         LINE#         397
  C:1A86H         LINE#         398
  C:1A88H         LINE#         399
  C:1A8AH         LINE#         401
  C:1A8EH         LINE#         402
  C:1A90H         LINE#         403
  C:1A92H         LINE#         404
  C:1A94H         LINE#         405
  C:1A96H         LINE#         406
  C:1A98H         LINE#         407
  C:1A9AH         LINE#         408
  C:1A9CH         LINE#         409
  C:1A9EH         LINE#         410
  C:1AA0H         LINE#         411
  C:1AA2H         LINE#         413
  C:1AAAH         LINE#         414
  C:1AB3H         LINE#         415
  C:1ABCH         LINE#         416
  C:1AC5H         LINE#         418
  C:1AC8H         LINE#         419
  C:1ACAH         LINE#         420
  C:1ACDH         LINE#         421
  C:1AD4H         LINE#         422
  C:1AD6H         LINE#         423
  C:1AD9H         LINE#         424
  C:1ADBH         LINE#         425
  C:1ADDH         LINE#         426
  C:1AE0H         LINE#         430
  C:1AE3H         LINE#         431
BL51 BANKED LINKER/LOCATER V6.22                                                      04/18/2024  20:31:04  PAGE 18


  C:1AE7H         LINE#         432
  C:1AE7H         LINE#         433
  C:1AEAH         LINE#         434
  C:1AEAH         LINE#         435
  C:1AEDH         LINE#         436
  C:1AEFH         LINE#         437
  C:1AF1H         LINE#         438
  C:1AF4H         LINE#         439
  C:1AF4H         LINE#         440
  C:1AF6H         LINE#         441
  C:1AF9H         LINE#         443
  C:1AFCH         LINE#         444
  C:1B00H         LINE#         445
  C:1B00H         LINE#         446
  C:1B03H         LINE#         447
  C:1B03H         LINE#         448
  C:1B06H         LINE#         449
  C:1B08H         LINE#         450
  C:1B0AH         LINE#         451
  C:1B0DH         LINE#         452
  C:1B0DH         LINE#         453
  C:1B0FH         LINE#         457
  C:1B12H         LINE#         458
  C:1B14H         LINE#         459
  -------         ENDPROC       CTK_INIT
  -------         PROC          CTK_ISR_HANDLE
  C:238CH         LINE#         467
  C:238CH         LINE#         468
  C:238CH         LINE#         469
  C:238FH         LINE#         471
  C:239EH         LINE#         472
  C:239EH         LINE#         473
  C:23B5H         LINE#         474
  C:23B5H         LINE#         476
  C:23BDH         LINE#         477
  C:23C0H         LINE#         479
  C:23C3H         LINE#         480
  C:23C3H         LINE#         481
  C:23C6H         LINE#         482
  C:23C6H         LINE#         484
  C:23C6H         LINE#         485
  C:23C6H         LINE#         486
  C:23C9H         LINE#         487
  C:23C9H         LINE#         488
  C:23CCH         LINE#         489
  C:23CCH         LINE#         490
  -------         ENDPROC       CTK_ISR_HANDLE
  -------         PROC          SCAN_PAUSE
  C:2A19H         LINE#         499
  C:2A19H         LINE#         500
  C:2A19H         LINE#         501
  C:2A1BH         LINE#         502
  C:2A20H         LINE#         503
  C:2A22H         LINE#         504
  -------         ENDPROC       SCAN_PAUSE
  -------         PROC          SCAN_CONTINUE_INSIDE
  C:2A2DH         LINE#         513
BL51 BANKED LINKER/LOCATER V6.22                                                      04/18/2024  20:31:04  PAGE 19


  C:2A2DH         LINE#         514
  C:2A2DH         LINE#         515
  C:2A30H         LINE#         516
  C:2A30H         LINE#         517
  C:2A32H         LINE#         518
  C:2A35H         LINE#         519
  C:2A35H         LINE#         520
  -------         ENDPROC       SCAN_CONTINUE_INSIDE
  -------         PROC          SCAN_CONTINUE
  C:29B7H         LINE#         523
  C:29B7H         LINE#         524
  C:29B7H         LINE#         525
  C:29BAH         LINE#         526
  C:29BAH         LINE#         527
  C:29BCH         LINE#         528
  C:29C3H         LINE#         529
  C:29C3H         LINE#         530
  C:29C5H         LINE#         531
  C:29C6H         LINE#         533
  C:29C6H         LINE#         534
  C:29C9H         LINE#         535
  C:29C9H         LINE#         536
  C:29C9H         LINE#         537
  -------         ENDPROC       SCAN_CONTINUE
  -------         PROC          BASELINERESET
  -------         DO            
  D:0007H         SYMBOL        fuc_i
  -------         ENDDO         
  C:24F9H         LINE#         546
  C:24F9H         LINE#         547
  C:24F9H         LINE#         550
  C:2506H         LINE#         551
  C:2506H         LINE#         552
  C:252EH         LINE#         553
  C:2531H         LINE#         554
  -------         ENDPROC       BASELINERESET
  -------         PROC          TOUCH_SIGNAL_HANDLE
  -------         DO            
  D:0045H         SYMBOL        fuc_i
  -------         ENDDO         
  C:27BBH         LINE#         562
  C:27BBH         LINE#         563
  C:27BBH         LINE#         565
  C:27BEH         LINE#         566
  C:27C1H         LINE#         567
  C:27D0H         LINE#         568
  C:27D0H         LINE#         569
  C:27D5H         LINE#         570
  C:27D9H         LINE#         571
  C:27DCH         LINE#         572
  -------         ENDPROC       TOUCH_SIGNAL_HANDLE
  -------         PROC          _RENOVATE
  D:0046H         SYMBOL        fuc_i
  -------         DO            
  D:0047H         SYMBOL        fui_FingerThd
  D:0049H         SYMBOL        fui_NoFingerThd
  D:0002H         SYMBOL        fi_DifferData
BL51 BANKED LINKER/LOCATER V6.22                                                      04/18/2024  20:31:04  PAGE 20


  D:004BH         SYMBOL        mask
  B:0024H.4       SYMBOL        fbt_LimitFlag
  B:0024H.5       SYMBOL        fbt_LongKeyFlag
  -------         ENDDO         
  C:0A63H         LINE#         576
  C:0A65H         LINE#         577
  C:0A65H         LINE#         582
  C:0A67H         LINE#         583
  C:0A69H         LINE#         586
  C:0A88H         LINE#         587
  C:0AB6H         LINE#         588
  C:0AEFH         LINE#         589
  C:0B20H         LINE#         591
  C:0B35H         LINE#         593
  C:0B3CH         LINE#         594
  C:0B3CH         LINE#         595
  C:0B53H         LINE#         596
  C:0B53H         LINE#         597
  C:0B61H         LINE#         598
  C:0B6EH         LINE#         599
  C:0B82H         LINE#         600
  C:0B8FH         LINE#         601
  C:0B91H         LINE#         602
  C:0B91H         LINE#         603
  C:0B91H         LINE#         605
  C:0BA3H         LINE#         606
  C:0BA3H         LINE#         607
  C:0BA6H         LINE#         608
  C:0BA6H         LINE#         609
  C:0BB4H         LINE#         610
  C:0BB4H         LINE#         611
  C:0BCBH         LINE#         612
  C:0BE5H         LINE#         613
  C:0BE5H         LINE#         614
  C:0BE5H         LINE#         615
  C:0BE5H         LINE#         616
  C:0BE5H         LINE#         617
  C:0BE5H         LINE#         618
  C:0BE5H         LINE#         619
  C:0BE7H         LINE#         621
  C:0BE7H         LINE#         622
  C:0BF2H         LINE#         623
  C:0BF2H         LINE#         624
  C:0C09H         LINE#         625
  C:0C23H         LINE#         626
  C:0C23H         LINE#         627
  C:0C39H         LINE#         628
  C:0C46H         LINE#         629
  C:0C5AH         LINE#         630
  C:0C5AH         LINE#         631
  C:0C5AH         LINE#         632
  C:0C5AH         LINE#         633
  C:0C5DH         LINE#         634
  C:0C5DH         LINE#         635
  C:0C6BH         LINE#         636
  C:0C83H         LINE#         637
  C:0C83H         LINE#         638
BL51 BANKED LINKER/LOCATER V6.22                                                      04/18/2024  20:31:04  PAGE 21


  C:0CA5H         LINE#         639
  C:0CB2H         LINE#         640
  C:0CB2H         LINE#         641
  C:0CB2H         LINE#         642
  C:0CC6H         LINE#         643
  C:0CCFH         LINE#         644
  C:0CD2H         LINE#         645
  C:0CE0H         LINE#         646
  C:0CE0H         LINE#         647
  C:0CEBH         LINE#         648
  C:0CEBH         LINE#         649
  C:0D02H         LINE#         650
  C:0D1CH         LINE#         651
  C:0D1CH         LINE#         652
  C:0D32H         LINE#         653
  C:0D46H         LINE#         654
  C:0D46H         LINE#         655
  C:0D46H         LINE#         656
  C:0D58H         LINE#         657
  C:0D58H         LINE#         658
  C:0D66H         LINE#         659
  C:0D7AH         LINE#         660
  C:0D87H         LINE#         661
  C:0D87H         LINE#         662
  C:0D8AH         LINE#         664
  C:0D8AH         LINE#         665
  C:0D97H         LINE#         666
  C:0D97H         LINE#         667
  C:0DA5H         LINE#         668
  C:0DBAH         LINE#         669
  C:0DBAH         LINE#         670
  C:0DC7H         LINE#         671
  C:0DDDH         LINE#         672
  C:0DDDH         LINE#         673
  C:0DDDH         LINE#         674
  C:0DEBH         LINE#         675
  C:0DF8H         LINE#         676
  C:0E0CH         LINE#         677
  C:0E0CH         LINE#         682
  C:0E24H         LINE#         683
  C:0E24H         LINE#         684
  C:0E4FH         LINE#         685
  C:0E5CH         LINE#         686
  C:0E5CH         LINE#         688
  -------         ENDPROC       _RENOVATE
  -------         ENDMOD        HC89F30XC_GENERALKEY_TOUCH_LIB

  -------         MODULE        HC89F30XC_TOUCHUARTDEBUG_LIB_CFG
  C:0000H         SYMBOL        _ICE_DUMMY_
  D:0080H         PUBLIC        P0
  D:0090H         PUBLIC        P1
  D:00A0H         PUBLIC        P2
  D:00B0H         PUBLIC        P3
  D:00A8H         PUBLIC        IE
  D:00F8H         PUBLIC        RSTFR
  D:0098H         PUBLIC        SCON
  D:0088H         PUBLIC        TCON
BL51 BANKED LINKER/LOCATER V6.22                                                      04/18/2024  20:31:04  PAGE 22


  D:00B8H         PUBLIC        IE1
  D:00D8H         PUBLIC        IE2
  D:00D0H         PUBLIC        PSW
  -------         ENDMOD        HC89F30XC_TOUCHUARTDEBUG_LIB_CFG

  -------         MODULE        HC89F30XC_IO_INIT
  C:0000H         SYMBOL        _ICE_DUMMY_
  D:0080H         PUBLIC        P0
  D:0090H         PUBLIC        P1
  D:00A0H         PUBLIC        P2
  D:00B0H         PUBLIC        P3
  D:00A8H         PUBLIC        IE
  C:1DB2H         PUBLIC        IO_Init
  D:00F8H         PUBLIC        RSTFR
  C:2825H         PUBLIC        AD_INIT
  D:0098H         PUBLIC        SCON
  D:0088H         PUBLIC        TCON
  D:00B4H         PUBLIC        ADCC0
  D:00B8H         PUBLIC        IE1
  D:00D8H         PUBLIC        IE2
  D:00D0H         PUBLIC        PSW
  -------         PROC          IO_INIT
  C:1DB2H         LINE#         17
  C:1DB2H         LINE#         18
  C:1DB2H         LINE#         19
  C:1DB5H         LINE#         20
  C:1DBBH         LINE#         21
  C:1DBFH         LINE#         22
  C:1DC5H         LINE#         23
  C:1DCBH         LINE#         25
  C:1DD1H         LINE#         26
  C:1DD5H         LINE#         27
  C:1DD9H         LINE#         28
  C:1DDFH         LINE#         30
  C:1DE2H         LINE#         31
  C:1DE8H         LINE#         32
  C:1DECH         LINE#         33
  C:1DF0H         LINE#         34
  C:1DF6H         LINE#         35
  C:1DFCH         LINE#         36
  C:1E00H         LINE#         37
  C:1E04H         LINE#         38
  C:1E0AH         LINE#         40
  C:1E0DH         LINE#         41
  C:1E13H         LINE#         42
  C:1E17H         LINE#         43
  C:1E1BH         LINE#         44
  C:1E21H         LINE#         45
  C:1E27H         LINE#         46
  C:1E2BH         LINE#         48
  C:1E2FH         LINE#         49
  C:1E33H         LINE#         51
  C:1E36H         LINE#         52
  C:1E3CH         LINE#         53
  C:1E40H         LINE#         54
  -------         ENDPROC       IO_INIT
  -------         PROC          AD_INIT
BL51 BANKED LINKER/LOCATER V6.22                                                      04/18/2024  20:31:04  PAGE 23


  C:2825H         LINE#         56
  C:2825H         LINE#         57
  C:2825H         LINE#         59
  C:282BH         LINE#         60
  C:2831H         LINE#         61
  C:2837H         LINE#         62
  C:283AH         LINE#         63
  C:283FH         LINE#         67
  C:2845H         LINE#         68
  -------         ENDPROC       AD_INIT
  -------         ENDMOD        HC89F30XC_IO_INIT

  -------         MODULE        HC89F30XC_ISR
  C:0000H         SYMBOL        _ICE_DUMMY_
  D:0080H         PUBLIC        P0
  D:0090H         PUBLIC        P1
  D:00A0H         PUBLIC        P2
  D:00B0H         PUBLIC        P3
  C:0008H         PUBLIC        ISR_Timer0
  C:2449H         PUBLIC        ISR_Timer1
  C:25CDH         PUBLIC        UART1_Rpt
  D:00A8H         PUBLIC        IE
  D:00F8H         PUBLIC        RSTFR
  D:0099H         PUBLIC        SBUF
  C:240EH         PUBLIC        ISR_CTK
  D:0098H         PUBLIC        SCON
  D:0088H         PUBLIC        TCON
  D:00B8H         PUBLIC        IE1
  D:00D8H         PUBLIC        IE2
  D:00D0H         PUBLIC        PSW
  -------         PROC          ISR_CTK
  C:240EH         LINE#         21
  C:242BH         LINE#         23
  C:242EH         LINE#         24
  -------         ENDPROC       ISR_CTK
  -------         PROC          ISR_TIMER0
  C:0008H         LINE#         32
  C:0008H         LINE#         35
  -------         ENDPROC       ISR_TIMER0
  -------         PROC          ISR_TIMER1
  C:2449H         LINE#         43
  C:2466H         LINE#         45
  C:2469H         LINE#         46
  -------         ENDPROC       ISR_TIMER1
  -------         PROC          UART1_RPT
  C:25CDH         LINE#         48
  C:25D5H         LINE#         50
  C:25DAH         LINE#         51
  C:25DAH         LINE#         52
  C:25DDH         LINE#         53
  C:25DDH         LINE#         54
  C:25DDH         LINE#         55
  C:25DDH         LINE#         56
  C:25DDH         LINE#         57
  C:25DDH         LINE#         58
  C:25DDH         LINE#         59
  C:25DDH         LINE#         61
BL51 BANKED LINKER/LOCATER V6.22                                                      04/18/2024  20:31:04  PAGE 24


  C:25DDH         LINE#         62
  C:25E4H         LINE#         63
  C:25E4H         LINE#         64
  C:25E6H         LINE#         65
  C:25F4H         LINE#         66
  C:25F4H         LINE#         67
  C:25F4H         LINE#         69
  C:25F4H         LINE#         70
  -------         ENDPROC       UART1_RPT
  -------         ENDMOD        HC89F30XC_ISR

  -------         MODULE        HC89F30XC_PORT_MAP
  C:0000H         SYMBOL        _ICE_DUMMY_
  D:0080H         PUBLIC        P0
  D:0090H         PUBLIC        P1
  D:00A0H         PUBLIC        P2
  D:00B0H         PUBLIC        P3
  D:00A8H         PUBLIC        IE
  D:00F8H         PUBLIC        RSTFR
  D:0098H         PUBLIC        SCON
  D:0088H         PUBLIC        TCON
  D:00B8H         PUBLIC        IE1
  D:00D8H         PUBLIC        IE2
  D:00D0H         PUBLIC        PSW
  -------         ENDMOD        HC89F30XC_PORT_MAP

  -------         MODULE        HC89F30XC_SYS
  C:0000H         SYMBOL        _ICE_DUMMY_
  D:0080H         PUBLIC        P0
  D:0090H         PUBLIC        P1
  D:00A0H         PUBLIC        P2
  D:00B0H         PUBLIC        P3
  D:00A8H         PUBLIC        IE
  D:00F8H         PUBLIC        RSTFR
  C:2961H         PUBLIC        SystemInit
  D:0098H         PUBLIC        SCON
  D:0088H         PUBLIC        TCON
  D:00B8H         PUBLIC        IE1
  D:00D8H         PUBLIC        IE2
  D:008EH         PUBLIC        CLKSWR
  D:00D0H         PUBLIC        PSW
  -------         PROC          SYSTEMINIT
  C:2961H         LINE#         17
  C:2961H         LINE#         18
  C:2961H         LINE#         20
  C:2964H         LINE#         21
  C:296AH         LINE#         24
  C:2970H         LINE#         25
  C:2976H         LINE#         26
  -------         ENDPROC       SYSTEMINIT
  -------         ENDMOD        HC89F30XC_SYS

  -------         MODULE        BUZZER_DRIVER
  C:0000H         SYMBOL        _ICE_DUMMY_
  D:0080H         PUBLIC        P0
  D:0090H         PUBLIC        P1
  D:00A0H         PUBLIC        P2
BL51 BANKED LINKER/LOCATER V6.22                                                      04/18/2024  20:31:04  PAGE 25


  D:00B0H         PUBLIC        P3
  X:038DH         PUBLIC        speekk
  D:00A8H         PUBLIC        IE
  X:038EH         PUBLIC        buz_on
  D:00F8H         PUBLIC        RSTFR
  C:221CH         PUBLIC        speek_manage0
  X:038FH         PUBLIC        speek_countt
  D:0098H         PUBLIC        SCON
  D:0088H         PUBLIC        TCON
  D:00B8H         PUBLIC        IE1
  D:00D8H         PUBLIC        IE2
  X:0390H         PUBLIC        speek_dd
  C:28B7H         PUBLIC        _speek_duo
  X:0391H         PUBLIC        speek_pp
  C:2933H         PUBLIC        _speek_dan0
  B:0022H.6       PUBLIC        F_BEEP1
  B:0022H.7       PUBLIC        F_BEEP2
  B:0023H.0       PUBLIC        F_BEEP3
  B:0023H.1       PUBLIC        F_BEEP4
  B:0023H.2       PUBLIC        F_BEEP5
  D:00D0H         PUBLIC        PSW
  -------         PROC          SPEEK_MANAGE0
  C:221CH         LINE#         25
  C:221CH         LINE#         26
  C:221CH         LINE#         27
  C:2229H         LINE#         28
  C:2229H         LINE#         29
  C:222FH         LINE#         30
  C:2231H         LINE#         32
  C:2231H         LINE#         33
  C:2236H         LINE#         34
  C:2240H         LINE#         35
  C:2240H         LINE#         36
  C:2249H         LINE#         37
  C:2249H         LINE#         38
  C:224CH         LINE#         39
  C:2251H         LINE#         40
  C:2253H         LINE#         42
  C:2253H         LINE#         43
  C:2258H         LINE#         44
  C:225CH         LINE#         45
  C:225CH         LINE#         46
  C:225CH         LINE#         47
  C:225CH         LINE#         48
  C:2267H         LINE#         49
  C:2267H         LINE#         50
  C:226AH         LINE#         51
  C:226AH         LINE#         52
  -------         ENDPROC       SPEEK_MANAGE0
  -------         PROC          _SPEEK_DAN0
  D:0007H         SYMBOL        speek_d_tmp
  C:2933H         LINE#         55
  C:2933H         LINE#         56
  C:2933H         LINE#         57
  C:293BH         LINE#         58
  C:293BH         LINE#         59
  C:293DH         LINE#         60
BL51 BANKED LINKER/LOCATER V6.22                                                      04/18/2024  20:31:04  PAGE 26


  C:293DH         LINE#         61
  C:2942H         LINE#         62
  C:2945H         LINE#         63
  C:2949H         LINE#         64
  -------         ENDPROC       _SPEEK_DAN0
  -------         PROC          _SPEEK_DUO
  D:0007H         SYMBOL        speek_p_tmp
  D:0005H         SYMBOL        speek_d_tmp
  D:0003H         SYMBOL        speek_count_tmp
  C:28B7H         LINE#         66
  C:28B7H         LINE#         67
  C:28B7H         LINE#         68
  C:28BFH         LINE#         69
  C:28BFH         LINE#         70
  C:28C1H         LINE#         71
  C:28C1H         LINE#         72
  C:28C6H         LINE#         73
  C:28C9H         LINE#         74
  C:28CFH         LINE#         75
  -------         ENDPROC       _SPEEK_DUO
  -------         ENDMOD        BUZZER_DRIVER

  -------         MODULE        DISPLAY
  C:0000H         SYMBOL        _ICE_DUMMY_
  D:0025H         PUBLIC        num_ge
  D:0080H         PUBLIC        P0
  D:0090H         PUBLIC        P1
  D:00A0H         PUBLIC        P2
  D:00B0H         PUBLIC        P3
  B:00A8H.7       PUBLIC        EA
  D:00A8H         PUBLIC        IE
  D:00F8H         PUBLIC        RSTFR
  D:0026H         PUBLIC        addrtable
  D:0098H         PUBLIC        SCON
  D:0088H         PUBLIC        TCON
  D:002CH         PUBLIC        dis_code
  D:00B8H         PUBLIC        IE1
  D:00D8H         PUBLIC        IE2
  D:0032H         PUBLIC        dis_code_lock
  D:0038H         PUBLIC        num_bai
  C:1C76H         PUBLIC        DIS_MANAGE
  D:0039H         PUBLIC        LED_font
  D:0044H         PUBLIC        num_shi
  C:2175H         PUBLIC        display
  D:00D0H         PUBLIC        PSW
  -------         PROC          DIS_MANAGE
  C:1C76H         LINE#         12
  C:1C76H         LINE#         13
  C:1C76H         LINE#         14
  C:1C7CH         LINE#         16
  C:1C7FH         LINE#         17
  C:1C7FH         LINE#         18
  C:1C8AH         LINE#         19
  C:1C8DH         LINE#         20
  C:1C8EH         LINE#         22
  C:1C8EH         LINE#         23
  C:1C94H         LINE#         24
BL51 BANKED LINKER/LOCATER V6.22                                                      04/18/2024  20:31:04  PAGE 27


  C:1C94H         LINE#         25
  C:1C97H         LINE#         26
  C:1C97H         LINE#         27
  C:1C9DH         LINE#         28
  C:1C9DH         LINE#         29
  C:1C9FH         LINE#         30
  C:1CA2H         LINE#         31
  C:1CA2H         LINE#         32
  C:1CA5H         LINE#         33
  C:1CA5H         LINE#         34
  C:1CABH         LINE#         35
  C:1CABH         LINE#         36
  C:1CADH         LINE#         37
  C:1CB0H         LINE#         38
  C:1CB0H         LINE#         39
  C:1CB3H         LINE#         40
  C:1CB3H         LINE#         41
  C:1CB9H         LINE#         42
  C:1CB9H         LINE#         43
  C:1CBBH         LINE#         44
  C:1CBEH         LINE#         45
  C:1CBEH         LINE#         46
  C:1CC1H         LINE#         47
  C:1CC1H         LINE#         48
  C:1CC7H         LINE#         49
  C:1CC7H         LINE#         50
  C:1CC9H         LINE#         52
  C:1CC9H         LINE#         53
  C:1CCCH         LINE#         54
  C:1CCCH         LINE#         55
  C:1CD2H         LINE#         56
  C:1CD2H         LINE#         57
  C:1CD2H         LINE#         59
  C:1CDFH         LINE#         60
  C:1CF3H         LINE#         61
  C:1D00H         LINE#         62
  C:1D07H         LINE#         63
  C:1D0FH         LINE#         64
  C:1D17H         LINE#         66
  C:1D17H         LINE#         67
  -------         ENDPROC       DIS_MANAGE
  -------         PROC          DISPLAY
  C:2175H         LINE#         70
  C:2175H         LINE#         71
  C:2175H         LINE#         72
  C:218FH         LINE#         73
  C:218FH         LINE#         74
  C:2192H         LINE#         75
  C:2195H         LINE#         76
  C:2198H         LINE#         77
  C:219BH         LINE#         78
  C:219EH         LINE#         79
  C:21A0H         LINE#         80
  C:21A5H         LINE#         81
  C:21AAH         LINE#         82
  C:21AFH         LINE#         83
  C:21B4H         LINE#         84
BL51 BANKED LINKER/LOCATER V6.22                                                      04/18/2024  20:31:04  PAGE 28


  C:21B9H         LINE#         85
  C:21C1H         LINE#         86
  C:21C6H         LINE#         87
  C:21C9H         LINE#         88
  C:21CBH         LINE#         89
  C:21CBH         LINE#         92
  -------         ENDPROC       DISPLAY
  -------         ENDMOD        DISPLAY

  -------         MODULE        TM1652
  C:0000H         SYMBOL        _ICE_DUMMY_
  D:0080H         PUBLIC        P0
  D:0090H         PUBLIC        P1
  D:00A0H         PUBLIC        P2
  D:00B0H         PUBLIC        P3
  B:00A8H.7       PUBLIC        EA
  C:25FDH         PUBLIC        TM1652_init
  D:00A8H         PUBLIC        IE
  D:00F8H         PUBLIC        RSTFR
  D:00BDH         PUBLIC        WDTC
  D:0098H         PUBLIC        SCON
  D:0088H         PUBLIC        TCON
  C:22B9H         PUBLIC        _tm1652_send_data
  D:00B8H         PUBLIC        IE1
  D:00D8H         PUBLIC        IE2
  C:294AH         PUBLIC        Control_display
  C:2569H         PUBLIC        _Delay_1ms
  B:00B0H.4       PUBLIC        TMSDA
  D:00D0H         PUBLIC        PSW
  -------         PROC          _DELAY_1MS
  D:0046H         SYMBOL        d_ms
  -------         DO            
  D:0047H         SYMBOL        i
  -------         ENDDO         
  C:2569H         LINE#         32
  C:256BH         LINE#         33
  C:256BH         LINE#         35
  C:2575H         LINE#         36
  C:2575H         LINE#         37
  C:2578H         LINE#         38
  C:257DH         LINE#         39
  C:2582H         LINE#         40
  C:2587H         LINE#         41
  C:258CH         LINE#         42
  C:2591H         LINE#         43
  C:2596H         LINE#         44
  C:259AH         LINE#         46
  -------         ENDPROC       _DELAY_1MS
  -------         PROC          TM1652_INIT
  C:25FDH         LINE#         52
  C:25FDH         LINE#         53
  C:25FDH         LINE#         54
  C:25FFH         LINE#         55
  C:2604H         LINE#         56
  C:2609H         LINE#         57
  C:260EH         LINE#         58
  C:2613H         LINE#         59
BL51 BANKED LINKER/LOCATER V6.22                                                      04/18/2024  20:31:04  PAGE 29


  C:2618H         LINE#         60
  C:261DH         LINE#         61
  C:2622H         LINE#         62
  C:2627H         LINE#         63
  C:262AH         LINE#         64
  C:262CH         LINE#         65
  -------         ENDPROC       TM1652_INIT
  -------         PROC          _TM1652_SEND_DATA
  D:0046H         SYMBOL        sdat
  -------         DO            
  D:0047H         SYMBOL        i
  D:0048H         SYMBOL        sfalg
  -------         ENDDO         
  C:22B9H         LINE#         67
  C:22BBH         LINE#         68
  C:22BBH         LINE#         69
  C:22C0H         LINE#         71
  C:22C2H         LINE#         72
  C:22C7H         LINE#         73
  C:22CAH         LINE#         74
  C:22CAH         LINE#         75
  C:22CFH         LINE#         76
  C:22CFH         LINE#         77
  C:22D1H         LINE#         78
  C:22D3H         LINE#         79
  C:22D5H         LINE#         80
  C:22D5H         LINE#         81
  C:22D7H         LINE#         82
  C:22D7H         LINE#         83
  C:22DCH         LINE#         84
  C:22E2H         LINE#         85
  C:22EBH         LINE#         87
  C:22F0H         LINE#         88
  C:22F0H         LINE#         89
  C:22F2H         LINE#         90
  C:22F4H         LINE#         92
  C:22F4H         LINE#         93
  C:22F6H         LINE#         94
  C:22F6H         LINE#         95
  C:22FBH         LINE#         96
  C:22FDH         LINE#         97
  -------         ENDPROC       _TM1652_SEND_DATA
  -------         PROC          CONTROL_DISPLAY
  -------         DO            
  D:0007H         SYMBOL        Ctr_duty
  D:0006H         SYMBOL        Ctr_curr
  D:0005H         SYMBOL        Ctr_mode
  D:0045H         SYMBOL        Crdata
  -------         ENDDO         
  C:294AH         LINE#         110
  C:294AH         LINE#         111
  C:294AH         LINE#         117
  C:294AH         LINE#         118
  C:294AH         LINE#         119
  C:294AH         LINE#         121
  C:2952H         LINE#         122
  C:2957H         LINE#         123
BL51 BANKED LINKER/LOCATER V6.22                                                      04/18/2024  20:31:04  PAGE 30


  C:295CH         LINE#         124
  -------         ENDPROC       CONTROL_DISPLAY
  -------         ENDMOD        TM1652

  -------         MODULE        WDT
  C:0000H         SYMBOL        _ICE_DUMMY_
  D:0080H         PUBLIC        P0
  D:0090H         PUBLIC        P1
  D:00A0H         PUBLIC        P2
  D:00B0H         PUBLIC        P3
  C:2A23H         PUBLIC        WDT_INIT
  D:00A8H         PUBLIC        IE
  D:00F8H         PUBLIC        RSTFR
  D:00BDH         PUBLIC        WDTC
  D:0098H         PUBLIC        SCON
  D:0088H         PUBLIC        TCON
  D:00B8H         PUBLIC        IE1
  D:00D8H         PUBLIC        IE2
  D:00D0H         PUBLIC        PSW
  -------         PROC          WDT_INIT
  C:2A23H         LINE#         15
  C:2A23H         LINE#         16
  C:2A23H         LINE#         17
  C:2A29H         LINE#         18
  C:2A2CH         LINE#         19
  -------         ENDPROC       WDT_INIT
  -------         ENDMOD        WDT

  -------         MODULE        TIMER
  C:0000H         SYMBOL        _ICE_DUMMY_
  D:0080H         PUBLIC        P0
  D:0090H         PUBLIC        P1
  D:00A0H         PUBLIC        P2
  D:00B0H         PUBLIC        P3
  B:00A8H.7       PUBLIC        EA
  C:20B4H         PUBLIC        TIMER_SCAN
  D:00A8H         PUBLIC        IE
  D:00F8H         PUBLIC        RSTFR
  X:0367H         PUBLIC        TIMER_100MS
  B:0021H.6       PUBLIC        F_1HOUR
  X:0368H         PUBLIC        work1_hour
  X:036AH         PUBLIC        work2_hour
  X:036CH         PUBLIC        TIMER_500MS
  X:036DH         PUBLIC        work3_hour
  X:036FH         PUBLIC        work4_hour
  X:0371H         PUBLIC        work5_hour
  B:00A0H.4       PUBLIC        beep
  B:0021H.7       PUBLIC        F_10MS
  C:28D0H         PUBLIC        TIMER0_Init
  C:2977H         PUBLIC        TIMER1_Init
  C:29EEH         PUBLIC        ParamTimtInit
  B:0022H.0       PUBLIC        F_1SEC
  D:00BDH         PUBLIC        WDTC
  D:0098H         PUBLIC        SCON
  X:0373H         PUBLIC        TIMER_1MS
  D:0089H         PUBLIC        TMOD
  D:0088H         PUBLIC        TCON
BL51 BANKED LINKER/LOCATER V6.22                                                      04/18/2024  20:31:04  PAGE 31


  B:0022H.1       PUBLIC        F_1MIN
  D:00B8H         PUBLIC        IE1
  D:00D8H         PUBLIC        IE2
  B:00A8H.1       PUBLIC        ET0
  B:0088H.5       PUBLIC        TF0
  D:008CH         PUBLIC        TH0
  X:0374H         PUBLIC        work_10min
  D:008DH         PUBLIC        TH1
  D:008AH         PUBLIC        TL0
  D:008BH         PUBLIC        TL1
  C:298DH         PUBLIC        _delay_ms
  X:0375H         PUBLIC        TIMER_1HOUR
  B:0088H.4       PUBLIC        TR0
  B:0022H.2       PUBLIC        F_100MS
  C:000EH         PUBLIC        _delay_us
  B:0022H.3       PUBLIC        F_PN_500MS
  B:0022H.4       PUBLIC        F_500MS
  X:0376H         PUBLIC        TIMER_10MS
  C:0009H         PUBLIC        TIMR0_ISR_Handle
  C:28E9H         PUBLIC        TIMR1_ISR_Handle
  X:0377H         PUBLIC        TIMER_1SEC
  B:0022H.5       PUBLIC        F_1MS
  X:0378H         PUBLIC        TIMER_1MIN
  D:00D0H         PUBLIC        PSW
  -------         PROC          PARAMTIMTINIT
  C:29EEH         LINE#         28
  C:29EEH         LINE#         29
  C:29EEH         LINE#         30
  C:29F0H         LINE#         31
  C:29F2H         LINE#         32
  C:29F4H         LINE#         33
  C:29F6H         LINE#         34
  C:29F8H         LINE#         35
  C:29FAH         LINE#         36
  C:29FCH         LINE#         37
  C:29FEH         LINE#         38
  -------         ENDPROC       PARAMTIMTINIT
  -------         PROC          TIMER0_INIT
  C:28D0H         LINE#         40
  C:28D0H         LINE#         41
  C:28D0H         LINE#         42
  C:28D2H         LINE#         43
  C:28D4H         LINE#         44
  C:28DBH         LINE#         45
  C:28DEH         LINE#         46
  C:28E4H         LINE#         47
  C:28E6H         LINE#         48
  C:28E8H         LINE#         49
  -------         ENDPROC       TIMER0_INIT
  -------         PROC          TIMER1_INIT
  C:2977H         LINE#         52
  C:2977H         LINE#         53
  C:2977H         LINE#         55
  C:297CH         LINE#         56
  C:297EH         LINE#         68
  C:2981H         LINE#         69
  C:2984H         LINE#         70
BL51 BANKED LINKER/LOCATER V6.22                                                      04/18/2024  20:31:04  PAGE 32


  C:2987H         LINE#         71
  C:298AH         LINE#         72
  C:298CH         LINE#         73
  -------         ENDPROC       TIMER1_INIT
  -------         PROC          _DELAY_US
  D:0007H         SYMBOL        count
  -------         DO            
  D:0006H         SYMBOL        i
  -------         ENDDO         
  C:000EH         LINE#         75
  C:000EH         LINE#         76
  C:000EH         LINE#         78
  C:0015H         LINE#         79
  C:0015H         LINE#         81
  C:0018H         LINE#         82
  -------         ENDPROC       _DELAY_US
  -------         PROC          _DELAY_MS
  D:0005H         SYMBOL        count
  -------         DO            
  D:0004H         SYMBOL        i
  -------         ENDDO         
  C:298DH         LINE#         83
  C:298FH         LINE#         84
  C:298FH         LINE#         86
  C:2996H         LINE#         87
  C:2996H         LINE#         88
  C:299BH         LINE#         89
  C:299EH         LINE#         90
  C:29A1H         LINE#         91
  -------         ENDPROC       _DELAY_MS
  -------         PROC          TIMR0_ISR_HANDLE
  C:0009H         LINE#         93
  C:0009H         LINE#         94
  C:0009H         LINE#         96
  -------         ENDPROC       TIMR0_ISR_HANDLE
  -------         PROC          TIMR1_ISR_HANDLE
  C:28E9H         LINE#         99
  C:28E9H         LINE#         100
  C:28E9H         LINE#         101
  C:28EFH         LINE#         102
  C:28EFH         LINE#         103
  C:28F1H         LINE#         104
  C:28F3H         LINE#         106
  C:28F3H         LINE#         107
[...]
  C:176EH         LINE#         114
  C:176EH         LINE#         116
  C:1772H         LINE#         117
  C:1772H         LINE#         118
  C:1772H         LINE#         119
  C:1774H         LINE#         120
  C:1779H         LINE#         121
  C:1779H         LINE#         123
  C:1780H         LINE#         124
  C:1784H         LINE#         125
  C:1787H         LINE#         126
  C:1787H         LINE#         127
  C:1789H         LINE#         128
  C:178CH         LINE#         129
  C:178CH         LINE#         130
BL51 BANKED LINKER/LOCATER V6.22                                                      04/18/2024  20:31:04  PAGE 51


  C:178CH         LINE#         131
  C:178EH         LINE#         133
  C:178EH         LINE#         134
  C:1795H         LINE#         135
  C:1795H         LINE#         137
  C:17A9H         LINE#         138
  C:17A9H         LINE#         139
  C:17BDH         LINE#         140
  C:17BDH         LINE#         141
  C:17C4H         LINE#         143
  C:17C7H         LINE#         144
  C:17C7H         LINE#         145
  C:17CCH         LINE#         146
  C:17CEH         LINE#         147
  C:17D0H         LINE#         148
  C:17D0H         LINE#         149
  C:17D0H         LINE#         150
  C:17D1H         LINE#         152
  C:17D1H         LINE#         153
  C:17D8H         LINE#         154
  C:17D8H         LINE#         155
  C:17D8H         LINE#         157
  -------         ENDPROC       _KEY_HANDLE
  -------         ENDMOD        KEY

  -------         MODULE        USART
  C:0000H         SYMBOL        _ICE_DUMMY_
  D:0080H         PUBLIC        P0
  D:0090H         PUBLIC        P1
  D:00A0H         PUBLIC        P2
  D:006DH         PUBLIC        Receietime
  D:00B0H         PUBLIC        P3
  B:00A8H.7       PUBLIC        EA
  D:006EH         PUBLIC        WENBIAO_value
  D:00A8H         PUBLIC        IE
  D:006FH         PUBLIC        START_value
  D:00F8H         PUBLIC        RSTFR
  D:0070H         PUBLIC        F_BUZ
  D:0071H         PUBLIC        Receivenum
  C:2881H         PUBLIC        _UART_SendData
  C:2A0EH         PUBLIC        _UART_SendChar
  C:2902H         PUBLIC        JudgeOneStringEnd
  D:0099H         PUBLIC        SBUF
  D:0098H         PUBLIC        SCON
  C:2714H         PUBLIC        UartInit
  D:0088H         PUBLIC        TCON
  D:00B8H         PUBLIC        IE1
  D:00D8H         PUBLIC        IE2
  X:0324H         PUBLIC        SendOutData
  D:0072H         PUBLIC        WORK_value
  D:0073H         PUBLIC        YURE_value
  X:0334H         PUBLIC        ReceiveLimitFlag
  C:29DCH         PUBLIC        ClearBuffer
  D:00CEH         PUBLIC        TH4
  D:00CDH         PUBLIC        TL4
  X:0335H         PUBLIC        ReceiveLimitCount
  C:2115H         PUBLIC        _JudgeTheReceiveData
BL51 BANKED LINKER/LOCATER V6.22                                                      04/18/2024  20:31:04  PAGE 52


  C:23CDH         PUBLIC        SingReceive
  D:0074H         PUBLIC        Receiveflag
  D:009EH         PUBLIC        SCON2
  D:00CCH         PUBLIC        T4CON
  B:0024H.6       PUBLIC        F_WORK
  X:0337H         PUBLIC        ReceivebeBuffer
  C:226BH         PUBLIC        DIS_TO_MAIN_SEND
  D:00D0H         PUBLIC        PSW
  -------         PROC          UARTINIT
  C:2714H         LINE#         22
  C:2714H         LINE#         23
  C:2714H         LINE#         26
  C:271AH         LINE#         27
  C:2720H         LINE#         29
  C:2726H         LINE#         30
  C:272BH         LINE#         32
  C:272EH         LINE#         43
  C:2731H         LINE#         44
  C:2734H         LINE#         45
  C:2737H         LINE#         46
  C:273AH         LINE#         47
  C:273DH         LINE#         48
  C:273FH         LINE#         49
  -------         ENDPROC       UARTINIT
  -------         PROC          _UART_SENDCHAR
  D:0007H         SYMBOL        UART_da
  C:2A0EH         LINE#         53
  C:2A0EH         LINE#         54
  C:2A0EH         LINE#         55
  C:2A10H         LINE#         56
  C:2A15H         LINE#         57
  C:2A18H         LINE#         58
  -------         ENDPROC       _UART_SENDCHAR
  -------         PROC          _UART_SENDDATA
  D:0006H         SYMBOL        len0
  -------         DO            
  D:0005H         SYMBOL        i
  -------         ENDDO         
  C:2881H         LINE#         60
  C:2883H         LINE#         61
  C:2883H         LINE#         63
  C:288AH         LINE#         64
  C:288AH         LINE#         65
  C:2899H         LINE#         66
  C:289CH         LINE#         67
  -------         ENDPROC       _UART_SENDDATA
  -------         PROC          JUDGEONESTRINGEND
  C:2902H         LINE#         70
  C:2902H         LINE#         71
  C:2902H         LINE#         72
  C:290CH         LINE#         73
  C:290CH         LINE#         74
  C:2917H         LINE#         75
  C:291AH         LINE#         76
  C:291AH         LINE#         77
  -------         ENDPROC       JUDGEONESTRINGEND
  -------         PROC          _JUDGETHERECEIVEDATA
BL51 BANKED LINKER/LOCATER V6.22                                                      04/18/2024  20:31:04  PAGE 53


  D:0045H         SYMBOL        da
  D:0005H         SYMBOL        num
  -------         DO            
  D:0005H         SYMBOL        num_data
  D:0007H         SYMBOL        i
  -------         ENDDO         
  C:2115H         LINE#         79
  C:211BH         LINE#         80
  C:211BH         LINE#         82
  C:211BH         LINE#         83
  C:211DH         LINE#         84
  C:211FH         LINE#         85
  C:211FH         LINE#         86
  C:212FH         LINE#         87
  C:2133H         LINE#         89
  C:2153H         LINE#         90
  C:2153H         LINE#         91
  C:215DH         LINE#         92
  C:2165H         LINE#         93
  C:216FH         LINE#         94
  C:2172H         LINE#         95
  C:2172H         LINE#         97
  C:2172H         LINE#         98
  C:2174H         LINE#         99
  C:2174H         LINE#         100
  -------         ENDPROC       _JUDGETHERECEIVEDATA
  -------         PROC          CLEARBUFFER
  -------         DO            
  D:0007H         SYMBOL        i
  -------         ENDDO         
  C:29DCH         LINE#         102
  C:29DCH         LINE#         103
  C:29DCH         LINE#         104
  C:29DCH         LINE#         105
  C:29DCH         LINE#         106
  C:29DCH         LINE#         107
  C:29E6H         LINE#         108
  C:29E6H         LINE#         109
  C:29E9H         LINE#         110
  C:29EBH         LINE#         111
  C:29EDH         LINE#         112
  -------         ENDPROC       CLEARBUFFER
  -------         PROC          DIS_TO_MAIN_SEND
  -------         DO            
  D:0006H         SYMBOL        x
  D:0007H         SYMBOL        num_data
  -------         ENDDO         
  C:226BH         LINE#         113
  C:226BH         LINE#         114
  C:226BH         LINE#         116
  C:2271H         LINE#         117
  C:2275H         LINE#         118
  C:227BH         LINE#         119
  C:227FH         LINE#         120
  C:2282H         LINE#         121
  C:2286H         LINE#         122
  C:228CH         LINE#         123
BL51 BANKED LINKER/LOCATER V6.22                                                      04/18/2024  20:31:04  PAGE 54


  C:2294H         LINE#         124
  C:2297H         LINE#         125
  C:2299H         LINE#         126
  C:229BH         LINE#         127
  C:229CH         LINE#         128
  C:229EH         LINE#         129
  C:229EH         LINE#         130
  C:22ABH         LINE#         131
  C:22AFH         LINE#         132
  C:22B4H         LINE#         133
  -------         ENDPROC       DIS_TO_MAIN_SEND
  -------         PROC          SINGRECEIVE
  C:23CDH         LINE#         136
  C:23CDH         LINE#         137
  C:23CDH         LINE#         138
  C:23D4H         LINE#         139
  C:23D4H         LINE#         140
  C:23E2H         LINE#         141
  C:23EEH         LINE#         142
  C:23EEH         LINE#         143
  C:23F2H         LINE#         144
  C:23F6H         LINE#         145
  C:23F6H         LINE#         146
  C:23F6H         LINE#         148
  C:23FBH         LINE#         149
  C:23FBH         LINE#         150
  C:23FDH         LINE#         151
  C:2404H         LINE#         152
  C:2404H         LINE#         153
  C:240AH         LINE#         154
  C:240DH         LINE#         155
  C:240DH         LINE#         156
  C:240DH         LINE#         157
  -------         ENDPROC       SINGRECEIVE
  -------         ENDMOD        USART

  -------         MODULE        RS485
  C:0000H         SYMBOL        _ICE_DUMMY_
  D:0080H         PUBLIC        P0
  D:0090H         PUBLIC        P1
  D:00A0H         PUBLIC        P2
  D:00B0H         PUBLIC        P3
  D:00A8H         PUBLIC        IE
  C:14BCH         PUBLIC        UartDriver
  X:0241H         PUBLIC        RS485_RX_BUF
  D:00F8H         PUBLIC        RSTFR
  B:0098H.1       PUBLIC        TI
  C:26E7H         PUBLIC        _RS485_ReadData
  D:005DH         PUBLIC        ReadDateVal
  B:0024H.2       PUBLIC        F_ReceiveOk
  D:005FH         PUBLIC        RegGroup
  C:24BFH         PUBLIC        _RS485_SendData
  D:0099H         PUBLIC        SBUF
  D:0098H         PUBLIC        SCON
  D:0088H         PUBLIC        TCON
  C:0003H         PUBLIC        RS485_Init
  D:00B8H         PUBLIC        IE1
BL51 BANKED LINKER/LOCATER V6.22                                                      04/18/2024  20:31:04  PAGE 55


  D:00D8H         PUBLIC        IE2
  C:2740H         PUBLIC        UartRxMonitor
  B:00A0H.2       PUBLIC        RS485_MODE_Pin
  X:0281H         PUBLIC        USART_RX_BUF
  D:0064H         PUBLIC        USART_RX_CNT
  B:0024H.3       PUBLIC        RS485Busy
  D:00D0H         PUBLIC        PSW
  -------         PROC          RS485_INIT
  C:0003H         LINE#         70
  C:0003H         LINE#         71
  C:0003H         LINE#         74
  C:0005H         LINE#         75
  -------         ENDPROC       RS485_INIT
  -------         PROC          _RS485_SENDDATA
  D:001CH         SYMBOL        buf
  D:001FH         SYMBOL        len
  -------         DO            
  D:0007H         SYMBOL        t
  -------         ENDDO         
  C:24BFH         LINE#         85
  C:24C7H         LINE#         86
  C:24C7H         LINE#         88
  C:24C9H         LINE#         89
  C:24CEH         LINE#         90
  C:24D6H         LINE#         91
  C:24D6H         LINE#         92
  C:24E6H         LINE#         93
  C:24E9H         LINE#         94
  C:24EBH         LINE#         95
  C:24EEH         LINE#         96
  C:24F3H         LINE#         97
  C:24F6H         LINE#         98
  C:24F8H         LINE#         99
  -------         ENDPROC       _RS485_SENDDATA
  -------         PROC          _RS485_READDATA
  D:0001H         SYMBOL        buf
  D:0005H         SYMBOL        len
  -------         DO            
  D:0007H         SYMBOL        i
  -------         ENDDO         
  C:26E7H         LINE#         106
  C:26E7H         LINE#         107
  C:26E7H         LINE#         109
  C:26EDH         LINE#         110
  C:26EDH         LINE#         111
  C:26EFH         LINE#         112
  C:26EFH         LINE#         114
  C:26F6H         LINE#         115
  C:26F6H         LINE#         116
  C:2704H         LINE#         117
  C:270BH         LINE#         118
  C:270EH         LINE#         119
  C:2711H         LINE#         120
  C:2713H         LINE#         121
  -------         ENDPROC       _RS485_READDATA
  -------         PROC          UARTRXMONITOR
  -------         DO            
BL51 BANKED LINKER/LOCATER V6.22                                                      04/18/2024  20:31:04  PAGE 56


  D:005BH         SYMBOL        USART_RX_BKP
  D:005CH         SYMBOL        idletmr
  -------         ENDDO         
  C:2740H         LINE#         129
  C:2740H         LINE#         130
  C:2740H         LINE#         134
  C:2747H         LINE#         135
  C:2747H         LINE#         136
  C:274DH         LINE#         137
  C:274DH         LINE#         138
  C:2750H         LINE#         139
  C:2753H         LINE#         140
  C:2754H         LINE#         142
  C:2754H         LINE#         144
  C:275BH         LINE#         145
  C:275BH         LINE#         146
  C:275DH         LINE#         147
  C:2764H         LINE#         148
  C:2764H         LINE#         149
  C:2766H         LINE#         150
  C:2766H         LINE#         151
  C:2766H         LINE#         152
  C:2766H         LINE#         153
  C:2767H         LINE#         155
  C:2767H         LINE#         156
  C:276AH         LINE#         157
  C:276AH         LINE#         158
  -------         ENDPROC       UARTRXMONITOR
  -------         PROC          UARTDRIVER
  -------         DO            
  X:0387H         SYMBOL        i
  X:0388H         SYMBOL        cnt
  X:0389H         SYMBOL        crc
  X:038BH         SYMBOL        crch
  X:038CH         SYMBOL        crcl
  X:0200H         SYMBOL        len
  X:0201H         SYMBOL        buf
  -------         ENDDO         
  C:14BCH         LINE#         168
  C:14BCH         LINE#         169
  C:14BCH         LINE#         177
  C:14C2H         LINE#         178
  C:14C2H         LINE#         179
  C:14C4H         LINE#         180
  C:14D4H         LINE#         181
  C:14E6H         LINE#         182
  C:14F2H         LINE#         183
  C:14F5H         LINE#         184
  C:1522H         LINE#         185
  C:1522H         LINE#         188
  C:1534H         LINE#         189
  C:1534H         LINE#         190
  C:1534H         LINE#         191
  C:1542H         LINE#         192
  C:1542H         LINE#         193
  C:154AH         LINE#         194
  C:154AH         LINE#         195
BL51 BANKED LINKER/LOCATER V6.22                                                      04/18/2024  20:31:04  PAGE 57


  C:154FH         LINE#         196
  C:1557H         LINE#         197
  C:155DH         LINE#         198
  C:1563H         LINE#         199
  C:1570H         LINE#         200
  C:1570H         LINE#         201
  C:1583H         LINE#         202
  C:15A3H         LINE#         203
  C:15A5H         LINE#         204
  C:15A5H         LINE#         205
  C:15A5H         LINE#         206
  C:15A5H         LINE#         208
  C:15A5H         LINE#         209
  C:15AAH         LINE#         210
  C:15AAH         LINE#         211
  C:15AAH         LINE#         212
  C:15ACH         LINE#         213
  C:15ACH         LINE#         214
  C:15ACH         LINE#         215
  C:15BAH         LINE#         216
  C:15BAH         LINE#         217
  C:15BFH         LINE#         218
  C:15BFH         LINE#         219
  C:15C4H         LINE#         220
  C:15D2H         LINE#         221
  C:15D2H         LINE#         222
  C:15D9H         LINE#         223
  C:15DBH         LINE#         224
  C:15DBH         LINE#         226
  C:15DBH         LINE#         227
  C:15E1H         LINE#         228
  C:15E5H         LINE#         229
  C:15EAH         LINE#         230
  C:15ECH         LINE#         231
  C:15ECH         LINE#         232
  C:15ECH         LINE#         233
  C:15F2H         LINE#         234
  C:15F6H         LINE#         235
  C:15FCH         LINE#         236
  C:15FCH         LINE#         237
  C:15FCH         LINE#         238
  C:1612H         LINE#         239
  C:162FH         LINE#         240
  C:1644H         LINE#         241
  C:1652H         LINE#         242
  C:1652H         LINE#         245
  C:1652H         LINE#         246
  -------         ENDPROC       UARTDRIVER
  -------         ENDMOD        RS485

  -------         MODULE        CRC
  C:0000H         SYMBOL        _ICE_DUMMY_
  D:0080H         PUBLIC        P0
  D:0090H         PUBLIC        P1
  D:00A0H         PUBLIC        P2
  D:00B0H         PUBLIC        P3
  D:00A8H         PUBLIC        IE
BL51 BANKED LINKER/LOCATER V6.22                                                      04/18/2024  20:31:04  PAGE 58


  D:00F8H         PUBLIC        RSTFR
  D:0098H         PUBLIC        SCON
  D:0088H         PUBLIC        TCON
  D:00B8H         PUBLIC        IE1
  D:00D8H         PUBLIC        IE2
  X:0000H         PUBLIC        TabH
  C:2302H         PUBLIC        _GetCRC16
  X:0100H         PUBLIC        TabL
  D:00D0H         PUBLIC        PSW
  -------         PROC          _GETCRC16
  D:007CH         SYMBOL        pPtr
  D:0005H         SYMBOL        ucLen
  -------         DO            
  D:0002H         SYMBOL        uiIndex
  D:0007H         SYMBOL        ucCrch
  D:0004H         SYMBOL        ucCrcl
  -------         ENDDO         
  C:2302H         LINE#         77
  C:2308H         LINE#         78
  C:2308H         LINE#         80
  C:230AH         LINE#         81
  C:230CH         LINE#         82
  C:2312H         LINE#         83
  C:2312H         LINE#         84
  C:2327H         LINE#         85
  C:2333H         LINE#         86
  C:233FH         LINE#         87
  C:2341H         LINE#         89
  C:2347H         LINE#         90
  -------         ENDPROC       _GETCRC16
  -------         ENDMOD        CRC

  -------         MODULE        ?C?FPADD
  C:007DH         PUBLIC        ?C?FPADD
  C:0079H         PUBLIC        ?C?FPSUB
  -------         ENDMOD        ?C?FPADD

  -------         MODULE        ?C?FPMUL
  C:016EH         PUBLIC        ?C?FPMUL
  -------         ENDMOD        ?C?FPMUL

  -------         MODULE        ?C?FCAST
  C:027EH         PUBLIC        ?C?FCASTC
  C:0279H         PUBLIC        ?C?FCASTI
  C:0274H         PUBLIC        ?C?FCASTL
  -------         ENDMOD        ?C?FCAST

  -------         MODULE        ?C?CASTF
  C:02B2H         PUBLIC        ?C?CASTF
  -------         ENDMOD        ?C?CASTF

  -------         MODULE        ?C?CLDPTR
  C:0333H         PUBLIC        ?C?CLDPTR
  -------         ENDMOD        ?C?CLDPTR

  -------         MODULE        ?C?CLDOPTR
  C:034CH         PUBLIC        ?C?CLDOPTR
BL51 BANKED LINKER/LOCATER V6.22                                                      04/18/2024  20:31:04  PAGE 59


  -------         ENDMOD        ?C?CLDOPTR

  -------         MODULE        ?C?CSTPTR
  C:0379H         PUBLIC        ?C?CSTPTR
  -------         ENDMOD        ?C?CSTPTR

  -------         MODULE        ?C?IMUL
  C:038BH         PUBLIC        ?C?IMUL
  -------         ENDMOD        ?C?IMUL

  -------         MODULE        ?C?UIDIV
  C:039DH         PUBLIC        ?C?UIDIV
  -------         ENDMOD        ?C?UIDIV

  -------         MODULE        ?C?SIDIV
  C:03F2H         PUBLIC        ?C?SIDIV
  -------         ENDMOD        ?C?SIDIV

  -------         MODULE        ?C?IILDX
  C:0428H         PUBLIC        ?C?IILDX
  -------         ENDMOD        ?C?IILDX

  -------         MODULE        ?C?ULDIV
  C:047AH         PUBLIC        ?C?ULDIV
  -------         ENDMOD        ?C?ULDIV

  -------         MODULE        ?C?LNOT
  C:050CH         PUBLIC        ?C?LNOT
  -------         ENDMOD        ?C?LNOT

  -------         MODULE        ?C?LNEG
  C:0519H         PUBLIC        ?C?LNEG
  -------         ENDMOD        ?C?LNEG

  -------         MODULE        ?C?ULCMP
  C:0527H         PUBLIC        ?C?ULCMP
  -------         ENDMOD        ?C?ULCMP

  -------         MODULE        ?C?LSHL
  C:0538H         PUBLIC        ?C?LSHL
  -------         ENDMOD        ?C?LSHL

  -------         MODULE        ?C?LSTXDATA
  C:054BH         PUBLIC        ?C?LSTXDATA
  -------         ENDMOD        ?C?LSTXDATA

  -------         MODULE        ?C?LIMUL
  C:0557H         PUBLIC        ?C?LIMUL
  -------         ENDMOD        ?C?LIMUL

Program Size: data=127.7 xdata=984 code=10805
LINK/LOCATE RUN COMPLETE.  0 WARNING(S),  0 ERROR(S)
