BL51 BANKED LINKER/LOCATER V6.22                                                        04/16/2024  09:50:47  PAGE 1


BL51 BANKED LINKER/LOCATER V6.22, INVOKED BY:
F:\KEIL5\C51\BIN\BL51.EXE .\Output\STARTUP.obj, .\Output\Main.obj, .\Output\HC89F30xC_GeneralKey_Touch_Auxiliary.obj, .\
>> Output\HC89F30xC_GeneralKey_Touch_Lib_CFG.obj, ..\..\Libraries\HC89F30xC_GeneralKey_Touch_Lib_V3.01\HC89F30xC_General
>> Key_Touch_Lib_V3.01.LIB, .\Output\HC89F30xC_TouchUartDebug_Lib_CFG.obj, ..\..\Libraries\HC89F30xC_TouchUartDebug_Lib_
>> V2.00\HC89F30xC_TouchUartDebug_Lib_V2.00.LIB, .\Output\HC89F30xC_IO_INIT.obj, .\Output\HC89F30xC_ISR.obj, .\Output\HC
>> 89F30xC_PORT_MAP.obj, .\Output\HC89F30xC_SYS.obj, .\Output\Buzzer_Driver.obj, .\Output\display.obj, .\Output\TM1652.o
>> bj, .\Output\WDT.obj, .\Output\TIMER.obj, .\Output\E2PROM_R_W.obj, .\Output\AD_TDS.obj, .\Output\Fun_Handle.obj, .\Ou
>> tput\KEY.obj, .\Output\USART.obj TO .\Output\HC89F30xC_Touch_Library_Code PRINT (.\List\HC89F30xC_Touch_Library_Code.
>> m51) RAMSIZE (256) DISABLEWARNING (16, 57)


MEMORY MODEL: SMALL WITH FLOATING POINT ARITHMETIC


INPUT MODULES INCLUDED:
  .\Output\STARTUP.obj (?C_STARTUP)
  .\Output\Main.obj (MAIN)
  .\Output\HC89F30xC_GeneralKey_Touch_Auxiliary.obj (HC89F30XC_GENERALKEY_TOUCH_AUXILIARY)
  .\Output\HC89F30xC_GeneralKey_Touch_Lib_CFG.obj (HC89F30XC_GENERALKEY_TOUCH_LIB_CFG)
  ..\..\Libraries\HC89F30xC_GeneralKey_Touch_Lib_V3.01\HC89F30xC_GeneralKey_Touch_Lib_V3.01.LIB (HC89F30XC_GENERALKEY_TO
>> UCH_LIB)
  .\Output\HC89F30xC_TouchUartDebug_Lib_CFG.obj (HC89F30XC_TOUCHUARTDEBUG_LIB_CFG)
  .\Output\HC89F30xC_IO_INIT.obj (HC89F30XC_IO_INIT)
  .\Output\HC89F30xC_ISR.obj (HC89F30XC_ISR)
  .\Output\HC89F30xC_PORT_MAP.obj (HC89F30XC_PORT_MAP)
  .\Output\HC89F30xC_SYS.obj (HC89F30XC_SYS)
  .\Output\Buzzer_Driver.obj (BUZZER_DRIVER)
  .\Output\display.obj (DISPLAY)
  .\Output\TM1652.obj (TM1652)
  .\Output\WDT.obj (WDT)
  .\Output\TIMER.obj (TIMER)
  .\Output\E2PROM_R_W.obj (E2PROM_R_W)
  .\Output\AD_TDS.obj (AD_TDS)
  .\Output\Fun_Handle.obj (FUN_HANDLE)
  .\Output\KEY.obj (KEY)
  .\Output\USART.obj (USART)
  F:\KEIL5\C51\LIB\C51FPS.LIB (?C?FPADD)
  F:\KEIL5\C51\LIB\C51FPS.LIB (?C?FPMUL)
  F:\KEIL5\C51\LIB\C51FPS.LIB (?C?FCAST)
  F:\KEIL5\C51\LIB\C51FPS.LIB (?C?CASTF)
  F:\KEIL5\C51\LIB\C51FPS.LIB (?C?FPGETOPN)
  F:\KEIL5\C51\LIB\C51S.LIB (?C_INIT)
  F:\KEIL5\C51\LIB\C51S.LIB (?C?CLDPTR)
  F:\KEIL5\C51\LIB\C51S.LIB (?C?CLDOPTR)
  F:\KEIL5\C51\LIB\C51S.LIB (?C?CSTPTR)
  F:\KEIL5\C51\LIB\C51S.LIB (?C?IMUL)
  F:\KEIL5\C51\LIB\C51S.LIB (?C?UIDIV)
  F:\KEIL5\C51\LIB\C51S.LIB (?C?SIDIV)
  F:\KEIL5\C51\LIB\C51S.LIB (?C?IILDX)
  F:\KEIL5\C51\LIB\C51S.LIB (?C?ULDIV)
  F:\KEIL5\C51\LIB\C51S.LIB (?C?LNOT)
  F:\KEIL5\C51\LIB\C51S.LIB (?C?LNEG)
  F:\KEIL5\C51\LIB\C51S.LIB (?C?ULCMP)
  F:\KEIL5\C51\LIB\C51S.LIB (?C?LSHL)
  F:\KEIL5\C51\LIB\C51S.LIB (?C?LSTXDATA)
  F:\KEIL5\C51\LIB\C51S.LIB (?C?LIMUL)


BL51 BANKED LINKER/LOCATER V6.22                                                      04/16/2024  09:50:47  PAGE 2


LINK MAP OF MODULE:  .\Output\HC89F30xC_Touch_Library_Code (?C_STARTUP)


            TYPE    BASE      LENGTH    RELOCATION   SEGMENT NAME
            -----------------------------------------------------

            * * * * * * *   D A T A   M E M O R Y   * * * * * * *
            REG     0000H     0008H     ABSOLUTE     "REG BANK 0"
            DATA    0008H     0014H     UNIT         ?DT?AD_TDS
                    001CH     0004H                  *** GAP ***
            BIT     0020H.0   0001H.6   UNIT         ?BI?FUN_HANDLE
            BIT     0021H.6   0001H.0   UNIT         ?BI?TIMER
            BIT     0022H.6   0000H.5   UNIT         ?BI?BUZZER_DRIVER
            BIT     0023H.3   0000H.4   UNIT         ?BI?HC89F30XC_GENERALKEY_TOUCH_LIB
            BIT     0023H.7   0000H.3   UNIT         ?BI?KEY
            BIT     0024H.2   0000H.2   UNIT         _BIT_GROUP_
            BIT     0024H.4   0000H.1   UNIT         ?BI?USART
                    0024H.5   0000H.3                *** GAP ***
            DATA    0025H     0020H     UNIT         ?DT?DISPLAY
            DATA    0045H     000CH     UNIT         _DATA_GROUP_
            DATA    0051H     000AH     UNIT         ?DT?FUN_HANDLE
            DATA    005BH     0008H     UNIT         ?DT?HC89F30XC_GENERALKEY_TOUCH_LIB
            DATA    0063H     0008H     UNIT         ?DT?USART
            DATA    006BH     0007H     UNIT         ?DT?KEY
            IDATA   0072H     0001H     UNIT         ?STACK

            * * * * * * *  X D A T A   M E M O R Y  * * * * * * *
            XDATA   0000H     003DH     UNIT         ?XD?AD_TDS
            XDATA   003DH     0026H     UNIT         ?XD?HC89F30XC_GENERALKEY_TOUCH_LIB_CFG
            XDATA   0063H     0023H     UNIT         ?XD?USART
            XDATA   0086H     0020H     UNIT         ?XD?E2PROM_R_W
            XDATA   00A6H     0012H     UNIT         ?XD?TIMER
            XDATA   00B8H     0008H     UNIT         ?XD?KEY
            XDATA   00C0H     0006H     UNIT         ?XD?FUN_HANDLE
            XDATA   00C6H     0005H     UNIT         ?XD?BUZZER_DRIVER
            XDATA   00CBH     0004H     UNIT         ?XD?HC89F30XC_GENERALKEY_TOUCH_LIB
            XDATA   00CFH     0002H     UNIT         _XDATA_GROUP_
                    00D1H     FDA8H                  *** GAP ***
            XDATA   FE79H     0001H     ABSOLUTE     
            XDATA   FE7AH     0001H     ABSOLUTE     
            XDATA   FE7BH     0001H     ABSOLUTE     
                    FE7CH     0004H                  *** GAP ***
            XDATA   FE80H     0001H     ABSOLUTE     
                    FE81H     0010H                  *** GAP ***
            XDATA   FE91H     0001H     ABSOLUTE     
            XDATA   FE92H     0001H     ABSOLUTE     
            XDATA   FE93H     0001H     ABSOLUTE     
            XDATA   FE94H     0001H     ABSOLUTE     
            XDATA   FE95H     0001H     ABSOLUTE     
                    FE96H     0005H                  *** GAP ***
            XDATA   FE9BH     0001H     ABSOLUTE     
            XDATA   FE9CH     0001H     ABSOLUTE     
                    FE9DH     0003H                  *** GAP ***
            XDATA   FEA0H     0001H     ABSOLUTE     
                    FEA1H     0003H                  *** GAP ***
            XDATA   FEA4H     0001H     ABSOLUTE     
            XDATA   FEA5H     0001H     ABSOLUTE     
BL51 BANKED LINKER/LOCATER V6.22                                                      04/16/2024  09:50:47  PAGE 3


                    FEA6H     0004H                  *** GAP ***
            XDATA   FEAAH     0001H     ABSOLUTE     
                    FEABH     0005H                  *** GAP ***
            XDATA   FEB0H     0001H     ABSOLUTE     
                    FEB1H     0003H                  *** GAP ***
            XDATA   FEB4H     0001H     ABSOLUTE     
                    FEB5H     0005H                  *** GAP ***
            XDATA   FEBAH     0001H     ABSOLUTE     
            XDATA   FEBBH     0001H     ABSOLUTE     
            XDATA   FEBCH     0001H     ABSOLUTE     
            XDATA   FEBDH     0001H     ABSOLUTE     
            XDATA   FEBEH     0001H     ABSOLUTE     
                    FEBFH     0041H                  *** GAP ***
            XDATA   FF00H     0001H     ABSOLUTE     
            XDATA   FF01H     0001H     ABSOLUTE     
            XDATA   FF02H     0001H     ABSOLUTE     
            XDATA   FF03H     0001H     ABSOLUTE     
            XDATA   FF04H     0001H     ABSOLUTE     
            XDATA   FF05H     0001H     ABSOLUTE     
            XDATA   FF06H     0001H     ABSOLUTE     
            XDATA   FF07H     0001H     ABSOLUTE     
            XDATA   FF08H     0001H     ABSOLUTE     
            XDATA   FF09H     0001H     ABSOLUTE     
            XDATA   FF0AH     0001H     ABSOLUTE     
            XDATA   FF0BH     0001H     ABSOLUTE     
            XDATA   FF0CH     0001H     ABSOLUTE     
            XDATA   FF0DH     0001H     ABSOLUTE     
            XDATA   FF0EH     0001H     ABSOLUTE     
            XDATA   FF0FH     0001H     ABSOLUTE     
            XDATA   FF10H     0001H     ABSOLUTE     
            XDATA   FF11H     0001H     ABSOLUTE     
            XDATA   FF12H     0001H     ABSOLUTE     
            XDATA   FF13H     0001H     ABSOLUTE     
            XDATA   FF14H     0001H     ABSOLUTE     
            XDATA   FF15H     0001H     ABSOLUTE     
            XDATA   FF16H     0001H     ABSOLUTE     
            XDATA   FF17H     0001H     ABSOLUTE     
                    FF18H     0004H                  *** GAP ***
            XDATA   FF1CH     0001H     ABSOLUTE     
            XDATA   FF1DH     0001H     ABSOLUTE     
                    FF1EH     0062H                  *** GAP ***
            XDATA   FF80H     0001H     ABSOLUTE     
            XDATA   FF81H     0001H     ABSOLUTE     
                    FF82H     0001H                  *** GAP ***
            XDATA   FF83H     0001H     ABSOLUTE     
            XDATA   FF84H     0001H     ABSOLUTE     
                    FF85H     000AH                  *** GAP ***
            XDATA   FF8FH     0001H     ABSOLUTE     
            XDATA   FF90H     0001H     ABSOLUTE     
            XDATA   FF91H     0001H     ABSOLUTE     
                    FF92H     000AH                  *** GAP ***
            XDATA   FF9CH     0001H     ABSOLUTE     
                    FF9DH     0003H                  *** GAP ***
            XDATA   FFA0H     0001H     ABSOLUTE     
            XDATA   FFA1H     0001H     ABSOLUTE     
            XDATA   FFA2H     0001H     ABSOLUTE     
            XDATA   FFA3H     0001H     ABSOLUTE     
BL51 BANKED LINKER/LOCATER V6.22                                                      04/16/2024  09:50:47  PAGE 4


            XDATA   FFA4H     0001H     ABSOLUTE     
            XDATA   FFA5H     0001H     ABSOLUTE     
            XDATA   FFA6H     0001H     ABSOLUTE     
            XDATA   FFA7H     0001H     ABSOLUTE     

            * * * * * * *   C O D E   M E M O R Y   * * * * * * *
            CODE    0000H     0003H     ABSOLUTE     
            CODE    0003H     0001H     UNIT         ?PR?TOUCHMULTIBUTTONHANDLE?HC89F30XC_GENERALKEY_TOUCH_AUXILIARY
            CODE    0004H     0001H     UNIT         ?CO?HC89F30XC_GENERALKEY_TOUCH_LIB
            CODE    0005H     0001H     UNIT         ?PR?ISR_TIMER0?HC89F30XC_ISR
            CODE    0006H     0001H     UNIT         ?PR?TIMR0_ISR_HANDLE?TIMER
                    0007H     0004H                  *** GAP ***
            CODE    000BH     0003H     ABSOLUTE     
            CODE    000EH     000CH     UNIT         ?PR?SCAN_1MS?FUN_HANDLE
                    001AH     0001H                  *** GAP ***
            CODE    001BH     0003H     ABSOLUTE     
                    001EH     0005H                  *** GAP ***
            CODE    0023H     0003H     ABSOLUTE     
            CODE    0026H     004BH     UNIT         ?PR?SENSORFINDNEXT?HC89F30XC_GENERALKEY_TOUCH_LIB
                    0071H     0002H                  *** GAP ***
            CODE    0073H     0003H     ABSOLUTE     
            CODE    0076H     050EH     UNIT         ?C?LIB_CODE
            CODE    0584H     04DFH     UNIT         ?PR?TDS_YS_READ?AD_TDS
            CODE    0A63H     03FAH     UNIT         ?PR?_RENOVATE?HC89F30XC_GENERALKEY_TOUCH_LIB
            CODE    0E5DH     02F8H     UNIT         ?PR?SENSORADJUST?HC89F30XC_GENERALKEY_TOUCH_LIB
            CODE    1155H     0186H     UNIT         ?PR?_KEY_HANDLE?KEY
            CODE    12DBH     016FH     UNIT         ?PR?TDS_RO_READ?AD_TDS
            CODE    144AH     014EH     UNIT         ?C_INITSEG
            CODE    1598H     0115H     UNIT         ?PR?CURRENTSOURCEINIT?HC89F30XC_GENERALKEY_TOUCH_LIB
            CODE    16ADH     00B8H     UNIT         ?PR?CTK_INIT?HC89F30XC_GENERALKEY_TOUCH_LIB
            CODE    1765H     00B8H     UNIT         ?PR?EEPROM_INIT?E2PROM_R_W
            CODE    181DH     00A9H     UNIT         ?PR?SCAN_XSEC?FUN_HANDLE
            CODE    18C6H     00A2H     UNIT         ?PR?DIS_MANAGE?DISPLAY
            CODE    1968H     009AH     UNIT         ?C_C51STARTUP
            CODE    1A02H     008FH     UNIT         ?PR?IO_INIT?HC89F30XC_IO_INIT
            CODE    1A91H     0089H     UNIT         ?PR?SCAN_XMIN?FUN_HANDLE
            CODE    1B1AH     007EH     UNIT         ?PR?EEPROM_WRITE?E2PROM_R_W
            CODE    1B98H     007DH     UNIT         ?CO?HC89F30XC_GENERALKEY_TOUCH_LIB_CFG
            CODE    1C15H     007AH     UNIT         ?PR?MAIN?MAIN
            CODE    1C8FH     0075H     UNIT         ?PR?YALI_SW_CHECK?FUN_HANDLE
            CODE    1D04H     0061H     UNIT         ?PR?TIMER_SCAN?TIMER
            CODE    1D65H     0057H     UNIT         ?PR?DISPLAY?DISPLAY
            CODE    1DBCH     0050H     UNIT         ?PR?SCAN_500MS?FUN_HANDLE
            CODE    1E0CH     004FH     UNIT         ?PR?SPEEK_MANAGE0?BUZZER_DRIVER
            CODE    1E5BH     004EH     UNIT         ?PR?DIS_TO_MAIN_SEND?USART
            CODE    1EA9H     0049H     UNIT         ?PR?_TM1652_SEND_DATA?TM1652
            CODE    1EF2H     0044H     UNIT         ?PR?_FLASH_WRITEARR?E2PROM_R_W
            CODE    1F36H     0042H     UNIT         ?PR?_JUDGETHERECEIVEDATA?USART
            CODE    1F78H     0041H     UNIT         ?PR?CTK_ISR_HANDLE?HC89F30XC_GENERALKEY_TOUCH_LIB
            CODE    1FB9H     0041H     UNIT         ?PR?SINGRECEIVE?USART
            CODE    1FFAH     003BH     UNIT         ?PR?ISR_CTK?HC89F30XC_ISR
            CODE    2035H     003BH     UNIT         ?PR?ISR_TIMER1?HC89F30XC_ISR
            CODE    2070H     003BH     UNIT         ?PR?RO_CLEAN_CHECK?FUN_HANDLE
            CODE    20ABH     0039H     UNIT         ?PR?BASELINERESET?HC89F30XC_GENERALKEY_TOUCH_LIB
            CODE    20E4H     0037H     UNIT         ?PR?_FLASH_READARR1?E2PROM_R_W
            CODE    211BH     0032H     UNIT         ?PR?_DELAY_1MS?TM1652
            CODE    214DH     0032H     UNIT         ?PR?CHECK_LEAK?FUN_HANDLE
BL51 BANKED LINKER/LOCATER V6.22                                                      04/16/2024  09:50:47  PAGE 5


            CODE    217FH     0030H     UNIT         ?PR?TM1652_INIT?TM1652
            CODE    21AFH     0030H     UNIT         ?PR?RO_SYS_WORK?FUN_HANDLE
            CODE    21DFH     002FH     UNIT         ?PR?TOUCHRAWDATAFILTER?HC89F30XC_GENERALKEY_TOUCH_AUXILIARY
            CODE    220EH     002FH     UNIT         ?PR?UART1_RPT?HC89F30XC_ISR
            CODE    223DH     002EH     UNIT         ?PR?TDS_CHECK?FUN_HANDLE
            CODE    226BH     002DH     UNIT         ?PR?SETACCESSINDEXES?HC89F30XC_GENERALKEY_TOUCH_LIB
            CODE    2298H     002CH     UNIT         ?PR?UARTINIT?USART
            CODE    22C4H     0029H     UNIT         ?PR?RO_SIGN_CHULI?FUN_HANDLE
            CODE    22EDH     0027H     UNIT         ?PR?SCAN_100MS?FUN_HANDLE
            CODE    2314H     0024H     UNIT         ?PR?TOUCH_SIGNAL_HANDLE?HC89F30XC_GENERALKEY_TOUCH_LIB
            CODE    2338H     0024H     UNIT         ?PR?_FLASH_WRITEDATA?E2PROM_R_W
            CODE    235CH     0022H     UNIT         ?PR?_FLASH_ERASEBLOCK?E2PROM_R_W
            CODE    237EH     0021H     UNIT         ?PR?AD_INIT?HC89F30XC_IO_INIT
            CODE    239FH     001EH     UNIT         ?PR?FUN_HANDLE?FUN_HANDLE
            CODE    23BDH     001DH     UNIT         ?PR?SCAN_10MS?FUN_HANDLE
            CODE    23DAH     001CH     UNIT         ?PR?_UART_SENDDATA?USART
            CODE    23F6H     001AH     UNIT         ?PR?PARAMHANDLEINIT?FUN_HANDLE
            CODE    2410H     0019H     UNIT         ?PR?_SPEEK_DUO?BUZZER_DRIVER
            CODE    2429H     0019H     UNIT         ?PR?TIMER0_INIT?TIMER
            CODE    2442H     0019H     UNIT         ?PR?TIMR1_ISR_HANDLE?TIMER
            CODE    245BH     0019H     UNIT         ?PR?JUDGEONESTRINGEND?USART
            CODE    2474H     0018H     UNIT         ?PR?SCAN_XHOUR?FUN_HANDLE
            CODE    248CH     0017H     UNIT         ?PR?_SPEEK_DAN0?BUZZER_DRIVER
            CODE    24A3H     0017H     UNIT         ?PR?CONTROL_DISPLAY?TM1652
            CODE    24BAH     0016H     UNIT         ?PR?SYSTEMINIT?HC89F30XC_SYS
            CODE    24D0H     0016H     UNIT         ?PR?TIMER1_INIT?TIMER
            CODE    24E6H     0015H     UNIT         ?PR?_DELAY_MS?TIMER
            CODE    24FBH     0015H     UNIT         ?PR?PARAMKEYINIT?KEY
            CODE    2510H     0013H     UNIT         ?PR?SCAN_CONTINUE?HC89F30XC_GENERALKEY_TOUCH_LIB
            CODE    2523H     0012H     UNIT         ?PR?WORKPRO?FUN_HANDLE
            CODE    2535H     0012H     UNIT         ?PR?CLEARBUFFER?USART
            CODE    2547H     0011H     UNIT         ?PR?PARAMTIMTINIT?TIMER
            CODE    2558H     000BH     UNIT         ?PR?_DELAY_US?TIMER
            CODE    2563H     000BH     UNIT         ?PR?_UART_SENDCHAR?USART
            CODE    256EH     000AH     UNIT         ?PR?SCAN_PAUSE?HC89F30XC_GENERALKEY_TOUCH_LIB
            CODE    2578H     000AH     UNIT         ?PR?WDT_INIT?WDT
            CODE    2582H     0009H     UNIT         ?PR?SCAN_CONTINUE_INSIDE?HC89F30XC_GENERALKEY_TOUCH_LIB
            CODE    258BH     0009H     UNIT         ?PR?PARAMINIT?FUN_HANDLE



OVERLAY MAP OF MODULE:   .\Output\HC89F30xC_Touch_Library_Code (?C_STARTUP)


SEGMENT                                             BIT_GROUP          DATA_GROUP          XDATA_GROUP
  +--> CALLED SEGMENT                            START    LENGTH     START    LENGTH     START    LENGTH
--------------------------------------------------------------------------------------------------------
?C_C51STARTUP                                    -----    -----      -----    -----      -----    -----
  +--> ?PR?MAIN?MAIN
  +--> ?C_INITSEG

?PR?MAIN?MAIN                                    -----    -----      -----    -----      -----    -----
  +--> ?PR?SYSTEMINIT?HC89F30XC_SYS
  +--> ?PR?IO_INIT?HC89F30XC_IO_INIT
  +--> ?PR?TM1652_INIT?TM1652
  +--> ?PR?EEPROM_INIT?E2PROM_R_W
  +--> ?PR?PARAMINIT?FUN_HANDLE
BL51 BANKED LINKER/LOCATER V6.22                                                      04/16/2024  09:50:47  PAGE 6


  +--> ?PR?TIMER0_INIT?TIMER
  +--> ?PR?TIMER1_INIT?TIMER
  +--> ?PR?AD_INIT?HC89F30XC_IO_INIT
  +--> ?PR?CTK_INIT?HC89F30XC_GENERALKEY_TOU...
  +--> ?PR?WDT_INIT?WDT
  +--> ?PR?_SPEEK_DAN0?BUZZER_DRIVER
  +--> ?PR?UARTINIT?USART
  +--> ?PR?TOUCH_SIGNAL_HANDLE?HC89F30XC_GEN...
  +--> ?PR?FUN_HANDLE?FUN_HANDLE

?PR?TM1652_INIT?TM1652                           -----    -----      -----    -----      -----    -----
  +--> ?PR?_TM1652_SEND_DATA?TM1652
  +--> ?PR?_DELAY_1MS?TM1652
  +--> ?PR?CONTROL_DISPLAY?TM1652

?PR?_TM1652_SEND_DATA?TM1652                     -----    -----      0046H    0003H      -----    -----
  +--> ?PR?_DELAY_US?TIMER

?PR?_DELAY_1MS?TM1652                            -----    -----      0046H    0002H      -----    -----
  +--> ?PR?_DELAY_US?TIMER

?PR?CONTROL_DISPLAY?TM1652                       -----    -----      0045H    0001H      -----    -----
  +--> ?PR?_TM1652_SEND_DATA?TM1652
  +--> ?PR?_DELAY_1MS?TM1652

?PR?EEPROM_INIT?E2PROM_R_W                       -----    -----      -----    -----      -----    -----
  +--> ?PR?_FLASH_READARR1?E2PROM_R_W
  +--> ?PR?EEPROM_WRITE?E2PROM_R_W

?PR?_FLASH_READARR1?E2PROM_R_W                   -----    -----      0045H    0005H      -----    -----

?PR?EEPROM_WRITE?E2PROM_R_W                      -----    -----      -----    -----      -----    -----
  +--> ?PR?_FLASH_ERASEBLOCK?E2PROM_R_W
  +--> ?PR?_FLASH_WRITEARR?E2PROM_R_W

?PR?_FLASH_WRITEARR?E2PROM_R_W                   -----    -----      0049H    0006H      -----    -----
  +--> ?PR?_FLASH_WRITEDATA?E2PROM_R_W

?PR?PARAMINIT?FUN_HANDLE                         -----    -----      -----    -----      -----    -----
  +--> ?PR?PARAMTIMTINIT?TIMER
  +--> ?PR?PARAMHANDLEINIT?FUN_HANDLE
  +--> ?PR?PARAMKEYINIT?KEY

?PR?AD_INIT?HC89F30XC_IO_INIT                    -----    -----      -----    -----      -----    -----
  +--> ?PR?_DELAY_US?TIMER

?PR?CTK_INIT?HC89F30XC_GENERALKEY_TOU...         -----    -----      0045H    0001H      -----    -----
  +--> ?CO?HC89F30XC_GENERALKEY_TOUCH_LIB_CFG
  +--> ?PR?SETACCESSINDEXES?HC89F30XC_GENERA...
  +--> ?PR?SENSORFINDNEXT?HC89F30XC_GENERALK...
  +--> ?PR?SCAN_CONTINUE_INSIDE?HC89F30XC_GE...
  +--> ?PR?TOUCHRAWDATAFILTER?HC89F30XC_GENE...
  +--> ?PR?CURRENTSOURCEINIT?HC89F30XC_GENER...
  +--> ?PR?BASELINERESET?HC89F30XC_GENERALKE...

?PR?SETACCESSINDEXES?HC89F30XC_GENERA...         -----    -----      -----    -----      -----    -----
  +--> ?CO?HC89F30XC_GENERALKEY_TOUCH_LIB_CFG
BL51 BANKED LINKER/LOCATER V6.22                                                      04/16/2024  09:50:47  PAGE 7



?PR?SENSORFINDNEXT?HC89F30XC_GENERALK...         -----    -----      -----    -----      -----    -----
  +--> ?CO?HC89F30XC_GENERALKEY_TOUCH_LIB_CFG

?PR?CURRENTSOURCEINIT?HC89F30XC_GENER...         -----    -----      -----    -----      00CFH    0002H
  +--> ?CO?HC89F30XC_GENERALKEY_TOUCH_LIB_CFG
  +--> ?PR?SCAN_CONTINUE_INSIDE?HC89F30XC_GE...

?PR?BASELINERESET?HC89F30XC_GENERALKE...         -----    -----      -----    -----      -----    -----
  +--> ?CO?HC89F30XC_GENERALKEY_TOUCH_LIB_CFG

?PR?TOUCH_SIGNAL_HANDLE?HC89F30XC_GEN...         -----    -----      0045H    0001H      -----    -----
  +--> ?PR?SCAN_PAUSE?HC89F30XC_GENERALKEY_T...
  +--> ?PR?TOUCHRAWDATAFILTER?HC89F30XC_GENE...
  +--> ?CO?HC89F30XC_GENERALKEY_TOUCH_LIB_CFG
  +--> ?PR?_RENOVATE?HC89F30XC_GENERALKEY_TO...
  +--> ?PR?TOUCHMULTIBUTTONHANDLE?HC89F30XC_...
  +--> ?PR?SCAN_CONTINUE_INSIDE?HC89F30XC_GE...

?PR?_RENOVATE?HC89F30XC_GENERALKEY_TO...         0024H.2  0000H.2    0046H    0009H      -----    -----
  +--> ?CO?HC89F30XC_GENERALKEY_TOUCH_LIB_CFG

?PR?FUN_HANDLE?FUN_HANDLE                        -----    -----      -----    -----      -----    -----
  +--> ?PR?TIMER_SCAN?TIMER
  +--> ?PR?JUDGEONESTRINGEND?USART
  +--> ?PR?SCAN_1MS?FUN_HANDLE
  +--> ?PR?SCAN_10MS?FUN_HANDLE
  +--> ?PR?SCAN_100MS?FUN_HANDLE
  +--> ?PR?SCAN_500MS?FUN_HANDLE
  +--> ?PR?SCAN_XSEC?FUN_HANDLE
  +--> ?PR?SCAN_XMIN?FUN_HANDLE
  +--> ?PR?SCAN_XHOUR?FUN_HANDLE

?PR?JUDGEONESTRINGEND?USART                      -----    -----      -----    -----      -----    -----
  +--> ?PR?_JUDGETHERECEIVEDATA?USART
  +--> ?PR?CLEARBUFFER?USART

?PR?_JUDGETHERECEIVEDATA?USART                   -----    -----      0045H    0003H      -----    -----

?PR?SCAN_1MS?FUN_HANDLE                          -----    -----      -----    -----      -----    -----
  +--> ?PR?SINGRECEIVE?USART
  +--> ?PR?TDS_CHECK?FUN_HANDLE

?PR?TDS_CHECK?FUN_HANDLE                         -----    -----      -----    -----      -----    -----
  +--> ?PR?TDS_YS_READ?AD_TDS
  +--> ?PR?TDS_RO_READ?AD_TDS

?PR?TDS_YS_READ?AD_TDS                           -----    -----      0045H    0004H      -----    -----

?PR?TDS_RO_READ?AD_TDS                           -----    -----      0045H    0004H      -----    -----

?PR?SCAN_10MS?FUN_HANDLE                         -----    -----      -----    -----      -----    -----
  +--> ?PR?SPEEK_MANAGE0?BUZZER_DRIVER
  +--> ?PR?_KEY_HANDLE?KEY
  +--> ?PR?YALI_SW_CHECK?FUN_HANDLE
  +--> ?PR?CHECK_LEAK?FUN_HANDLE
  +--> ?PR?RO_SYS_WORK?FUN_HANDLE
BL51 BANKED LINKER/LOCATER V6.22                                                      04/16/2024  09:50:47  PAGE 8



?PR?_KEY_HANDLE?KEY                              -----    -----      0045H    0004H      -----    -----
  +--> ?PR?_SPEEK_DAN0?BUZZER_DRIVER
  +--> ?PR?EEPROM_WRITE?E2PROM_R_W

?PR?CHECK_LEAK?FUN_HANDLE                        -----    -----      -----    -----      -----    -----
  +--> ?PR?_SPEEK_DUO?BUZZER_DRIVER

?PR?SCAN_100MS?FUN_HANDLE                        -----    -----      -----    -----      -----    -----
  +--> ?PR?DIS_MANAGE?DISPLAY
  +--> ?PR?DISPLAY?DISPLAY
  +--> ?PR?WORKPRO?FUN_HANDLE
  +--> ?PR?RO_CLEAN_CHECK?FUN_HANDLE
  +--> ?PR?RO_SIGN_CHULI?FUN_HANDLE

?PR?DISPLAY?DISPLAY                              -----    -----      -----    -----      -----    -----
  +--> ?PR?_TM1652_SEND_DATA?TM1652
  +--> ?PR?_DELAY_1MS?TM1652
  +--> ?PR?CONTROL_DISPLAY?TM1652

?PR?RO_SIGN_CHULI?FUN_HANDLE                     -----    -----      -----    -----      -----    -----
  +--> ?PR?_SPEEK_DUO?BUZZER_DRIVER

?PR?SCAN_XSEC?FUN_HANDLE                         -----    -----      -----    -----      -----    -----
  +--> ?PR?DIS_TO_MAIN_SEND?USART
  +--> ?PR?_SPEEK_DUO?BUZZER_DRIVER

?PR?DIS_TO_MAIN_SEND?USART                       -----    -----      -----    -----      -----    -----
  +--> ?PR?_UART_SENDDATA?USART

?PR?_UART_SENDDATA?USART                         -----    -----      -----    -----      -----    -----
  +--> ?PR?_UART_SENDCHAR?USART

?PR?SCAN_XMIN?FUN_HANDLE                         -----    -----      -----    -----      -----    -----
  +--> ?PR?_SPEEK_DUO?BUZZER_DRIVER
  +--> ?PR?EEPROM_WRITE?E2PROM_R_W

*** NEW ROOT ***************************************************

?PR?ISR_CTK?HC89F30XC_ISR                        -----    -----      -----    -----      -----    -----
  +--> ?PR?CTK_ISR_HANDLE?HC89F30XC_GENERALK...

?PR?CTK_ISR_HANDLE?HC89F30XC_GENERALK...         -----    -----      -----    -----      -----    -----
  +--> ?CO?HC89F30XC_GENERALKEY_TOUCH_LIB_CFG
  +--> ?PR?SENSORFINDNEXT?HC89F30XC_GENERALK...
  +--> ?PR?SENSORADJUST?HC89F30XC_GENERALKEY...

?PR?SENSORADJUST?HC89F30XC_GENERALKEY...         -----    -----      004FH    0002H      -----    -----
  +--> ?CO?HC89F30XC_GENERALKEY_TOUCH_LIB_CFG
  +--> ?PR?SENSORFINDNEXT?HC89F30XC_GENERALK...

*** NEW ROOT ***************************************************

?PR?ISR_TIMER1?HC89F30XC_ISR                     -----    -----      -----    -----      -----    -----
  +--> ?PR?TIMR1_ISR_HANDLE?TIMER


BL51 BANKED LINKER/LOCATER V6.22                                                      04/16/2024  09:50:47  PAGE 9



SYMBOL TABLE OF MODULE:  .\Output\HC89F30xC_Touch_Library_Code (?C_STARTUP)

  VALUE           TYPE          NAME
  ----------------------------------

  -------         MODULE        ?C_STARTUP
  C:1968H         SEGMENT       ?C_C51STARTUP
  I:0072H         SEGMENT       ?STACK
  C:0000H         PUBLIC        ?C_STARTUP
  D:00E0H         SYMBOL        ACC
  D:00F0H         SYMBOL        B
  D:0083H         SYMBOL        DPH
  D:0082H         SYMBOL        DPL
  N:0000H         SYMBOL        IBPSTACK
  N:0100H         SYMBOL        IBPSTACKTOP
  N:0100H         SYMBOL        IDATALEN
  C:196BH         SYMBOL        IDATALOOP
  N:0000H         SYMBOL        PBPSTACK
  N:0100H         SYMBOL        PBPSTACKTOP
  N:0000H         SYMBOL        PDATALEN
  N:0000H         SYMBOL        PDATASTART
  N:0000H         SYMBOL        PPAGE
  N:0000H         SYMBOL        PPAGEENABLE
  D:00A0H         SYMBOL        PPAGE_SFR
  D:0081H         SYMBOL        SP
  C:1968H         SYMBOL        STARTUP1
  N:0000H         SYMBOL        XBPSTACK
  N:0000H         SYMBOL        XBPSTACKTOP
  N:0400H         SYMBOL        XDATALEN
  C:1976H         SYMBOL        XDATALOOP
  N:0000H         SYMBOL        XDATASTART
  C:0000H         LINE#         126
  C:1968H         LINE#         133
  C:196AH         LINE#         134
  C:196BH         LINE#         135
  C:196CH         LINE#         136
  C:196EH         LINE#         140
  C:1971H         LINE#         141
  C:1973H         LINE#         145
  C:1975H         LINE#         147
  C:1976H         LINE#         148
  C:1977H         LINE#         149
  C:1978H         LINE#         150
  C:197AH         LINE#         151
  C:197CH         LINE#         185
  C:197FH         LINE#         196
  -------         ENDMOD        ?C_STARTUP

  -------         MODULE        MAIN
  C:0000H         SYMBOL        _ICE_DUMMY_
  X:FF08H         PUBLIC        P1M0
  X:FF01H         PUBLIC        P0M1
  X:FF10H         PUBLIC        P2M0
  X:FF09H         PUBLIC        P1M1
  X:FF02H         PUBLIC        P0M2
  D:0080H         PUBLIC        P0
BL51 BANKED LINKER/LOCATER V6.22                                                      04/16/2024  09:50:47  PAGE 10


  X:FF11H         PUBLIC        P2M1
  X:FF0AH         PUBLIC        P1M2
  X:FF03H         PUBLIC        P0M3
  D:0090H         PUBLIC        P1
  X:FF12H         PUBLIC        P2M2
  X:FF0BH         PUBLIC        P1M3
  X:FF04H         PUBLIC        P0M4
  D:00A0H         PUBLIC        P2
  X:FF13H         PUBLIC        P2M3
  X:FF0CH         PUBLIC        P1M4
  X:FF05H         PUBLIC        P0M5
  D:00B0H         PUBLIC        P3
  X:FF14H         PUBLIC        P2M4
  X:FF0DH         PUBLIC        P1M5
  X:FF06H         PUBLIC        P0M6
  X:FF1CH         PUBLIC        P3M4
  X:FF15H         PUBLIC        P2M5
  X:FF0EH         PUBLIC        P1M6
  X:FF07H         PUBLIC        P0M7
  X:FF1DH         PUBLIC        P3M5
  X:FF16H         PUBLIC        P2M6
  X:FF0FH         PUBLIC        P1M7
  B:00A8H.7       PUBLIC        EA
  X:FF17H         PUBLIC        P2M7
  X:FEBDH         PUBLIC        TRMEN
  X:FE94H         PUBLIC        XTALCFG
  D:00A8H         PUBLIC        IE
  D:00F8H         PUBLIC        RSTFR
  X:FF91H         PUBLIC        PWM01_MAP
  X:FE79H         PUBLIC        TMODCON
  X:FFA3H         PUBLIC        SDA_MAP
  X:FFA5H         PUBLIC        SCK_MAP
  X:FFA2H         PUBLIC        SCL_MAP
  C:1C15H         PUBLIC        main
  X:FEA4H         PUBLIC        BORC
  X:FFA1H         PUBLIC        RXD_MAP
  X:FEA5H         PUBLIC        BORDBC
  X:FFA0H         PUBLIC        TXD_MAP
  D:00BDH         PUBLIC        WDTC
  X:FEBAH         PUBLIC        PINTE2
  D:0098H         PUBLIC        SCON
  D:0088H         PUBLIC        TCON
  X:FE95H         PUBLIC        SPOV_RSTEN
  X:FE9BH         PUBLIC        ADCC2
  X:FE9CH         PUBLIC        ADCC3
  X:FE91H         PUBLIC        CLKDIV
  D:00B8H         PUBLIC        IE1
  X:FEBBH         PUBLIC        SFTR
  D:00D8H         PUBLIC        IE2
  X:FF80H         PUBLIC        T0_MAP
  X:FF81H         PUBLIC        T1_MAP
  X:FEAAH         PUBLIC        RSTDBC
  X:FF83H         PUBLIC        T3_MAP
  X:FF84H         PUBLIC        T4_MAP
  X:FEA0H         PUBLIC        WDTCCR
  X:FEBEH         PUBLIC        TRMV
  X:FE7BH         PUBLIC        CTKAUX
BL51 BANKED LINKER/LOCATER V6.22                                                      04/16/2024  09:50:47  PAGE 11


  X:FE93H         PUBLIC        CLKOUT
  X:FF90H         PUBLIC        PWM0_MAP
  X:FEBCH         PUBLIC        SFTRMV
  X:FFA4H         PUBLIC        SS_MAP
  X:FE80H         PUBLIC        TCON1
  X:FF9CH         PUBLIC        PWM3_MAP
  X:FF8FH         PUBLIC        CLKO_MAP
  X:FE92H         PUBLIC        FREQ_CLK
  X:FEB0H         PUBLIC        PITS0
  X:FE7AH         PUBLIC        CTKCHS1
  X:FEB4H         PUBLIC        PITS4
  X:FFA7H         PUBLIC        MISO_MAP
  X:FFA6H         PUBLIC        MOSI_MAP
  D:00D0H         PUBLIC        PSW
  X:FF00H         PUBLIC        P0M0
  -------         PROC          MAIN
  C:1C15H         LINE#         13
  C:1C15H         LINE#         14
  C:1C15H         LINE#         15
  C:1C18H         LINE#         16
  C:1C1BH         LINE#         17
  C:1C1EH         LINE#         19
  C:1C21H         LINE#         20
  C:1C24H         LINE#         21
  C:1C27H         LINE#         22
  C:1C2AH         LINE#         25
  C:1C2DH         LINE#         27
  C:1C2FH         LINE#         28
  C:1C32H         LINE#         31
  C:1C35H         LINE#         33
  C:1C3AH         LINE#         39
  C:1C3DH         LINE#         41
  C:1C3DH         LINE#         42
  C:1C3DH         LINE#         43
  C:1C40H         LINE#         44
  C:1C40H         LINE#         45
  C:1C43H         LINE#         46
  C:1C45H         LINE#         54
  C:1C61H         LINE#         55
  C:1C61H         LINE#         56
  C:1C76H         LINE#         57
  C:1C79H         LINE#         58
  C:1C7BH         LINE#         60
  C:1C7BH         LINE#         61
  C:1C7DH         LINE#         62
  C:1C87H         LINE#         63
  C:1C87H         LINE#         64
  C:1C87H         LINE#         65
  C:1C8AH         LINE#         66
  C:1C8DH         LINE#         69
  -------         ENDPROC       MAIN
  -------         ENDMOD        MAIN

  -------         MODULE        HC89F30XC_GENERALKEY_TOUCH_AUXILIARY
  C:0000H         SYMBOL        _ICE_DUMMY_
  D:0080H         PUBLIC        P0
  D:0090H         PUBLIC        P1
BL51 BANKED LINKER/LOCATER V6.22                                                      04/16/2024  09:50:47  PAGE 12


  D:00A0H         PUBLIC        P2
  D:00B0H         PUBLIC        P3
  C:0003H         PUBLIC        TouchMultibuttonHandle
  D:00A8H         PUBLIC        IE
  D:00F8H         PUBLIC        RSTFR
  C:21DFH         PUBLIC        TouchRawDataFilter
  D:0098H         PUBLIC        SCON
  D:0088H         PUBLIC        TCON
  D:00B8H         PUBLIC        IE1
  D:00D8H         PUBLIC        IE2
  D:00D0H         PUBLIC        PSW
  -------         PROC          TOUCHMULTIBUTTONHANDLE
  C:0003H         LINE#         84
  C:0003H         LINE#         85
  C:0003H         LINE#         134
  -------         ENDPROC       TOUCHMULTIBUTTONHANDLE
  -------         PROC          TOUCHRAWDATAFILTER
  -------         DO            
  D:0007H         SYMBOL        fuc_i
  -------         ENDDO         
  C:21DFH         LINE#         172
  C:21DFH         LINE#         173
  C:21DFH         LINE#         194
  C:21E1H         LINE#         195
  C:21E1H         LINE#         196
  C:21E1H         LINE#         197
  C:2209H         LINE#         198
  C:220DH         LINE#         201
  -------         ENDPROC       TOUCHRAWDATAFILTER
  -------         ENDMOD        HC89F30XC_GENERALKEY_TOUCH_AUXILIARY

  -------         MODULE        HC89F30XC_GENERALKEY_TOUCH_LIB_CFG
  C:0000H         SYMBOL        _ICE_DUMMY_
  X:003DH         PUBLIC        XDATA_TouchCnt
  C:1BE3H         PUBLIC        CODE_CONFIRM_TOUCH_TIME
  C:1BADH         PUBLIC        CODE_TK_CH_MASK
  C:1BDFH         PUBLIC        CODE_VD
  C:1C13H         PUBLIC        CODE_RAWDATA_FULL
  C:1BC2H         PUBLIC        CODE_TK_LONGKEY
  X:003FH         PUBLIC        XDATA_RawDataBuf
  C:1C12H         PUBLIC        CODE_FILTER_DEPTH
  C:1BE5H         PUBLIC        CODE_LIMIT_FACTOR
  C:1BDDH         PUBLIC        CODE_VD_RV
  X:0043H         PUBLIC        XDATA_ConfirmTouchRadio
  C:1BE4H         PUBLIC        CODE_CONFIRM_NOTOUCH_TIME
  X:0045H         PUBLIC        XDATA_OpenChannel
  X:0047H         PUBLIC        XDATA_OverZeroTime
  C:1BDBH         PUBLIC        CODE_DSCR
  C:1BDCH         PUBLIC        CODE_CTKDS_PRSDIV
  C:1B98H         PUBLIC        CODE_INTERNAL_INDEX
  C:1BD9H         PUBLIC        CODE_CALIBRATE_TARGET_LINE
  X:0049H         PUBLIC        XDATA_OverZeroCnt
  C:1BE1H         PUBLIC        CODE_OVERLOW_TIME
  X:004DH         PUBLIC        XDATA_NoTouchCnt
  X:004FH         PUBLIC        XDATA_LongRstCnt
  C:1BE6H         PUBLIC        CODE_FINGER_THRESHOLD
  X:0053H         PUBLIC        XDATA_OverLowCnt
BL51 BANKED LINKER/LOCATER V6.22                                                      04/16/2024  09:50:47  PAGE 13


  C:1C11H         PUBLIC        CODE_TK_CH_MAX
  X:0055H         PUBLIC        XDATA_ConfirmLongTouchTime
  X:0057H         PUBLIC        XDATA_ConfirmShortTouchTime
  X:0059H         PUBLIC        XDATA_BaseLine
  X:005DH         PUBLIC        XDATA_ConfirmNoTouchRadio
  C:1BDEH         PUBLIC        CODE_RBS
  C:1BD8H         PUBLIC        CODE_CALIBRATE_DEFLECTED_AREA
  C:1BD7H         PUBLIC        CODE_CHANNEL_CALIBRATE_SW
  C:1C10H         PUBLIC        CODE_OPENED_TK_AMOUNT
  C:1BE0H         PUBLIC        CODE_RBSEL
  X:005FH         PUBLIC        XDATA_RawData
  -------         ENDMOD        HC89F30XC_GENERALKEY_TOUCH_LIB_CFG

  -------         MODULE        HC89F30XC_GENERALKEY_TOUCH_LIB
  C:0000H         SYMBOL        _ICE_DUMMY_
  D:0080H         PUBLIC        P0
  D:0090H         PUBLIC        P1
  D:00A0H         PUBLIC        P2
  D:00B0H         PUBLIC        P3
  D:005FH         SYMBOL        nuc_CurrentIndex
  D:00A8H         PUBLIC        IE
  C:20ABH         PUBLIC        BaseLineReset
  D:00F8H         PUBLIC        RSTFR
  D:0060H         SYMBOL        nui_AdjustTargetLine
  C:0026H         SYMBOL        SensorFindNext
  B:0023H.3       PUBLIC        OneCycleScanDone
  B:00B8H.5       PUBLIC        ECTK
  X:00CBH         PUBLIC        TouchKeyFlag
  C:2510H         PUBLIC        Scan_Continue
  D:0062H         SYMBOL        nuc_CTKIREF
  D:0098H         PUBLIC        SCON
  D:00D6H         PUBLIC        CTKR
  D:0088H         PUBLIC        TCON
  D:00B8H         PUBLIC        IE1
  D:00D8H         PUBLIC        IE2
  D:00D5H         PUBLIC        CTKCHS
  D:00D4H         PUBLIC        CTKCON
  B:0023H.4       SYMBOL        nbt_DetectingPause
  C:0004H         PUBLIC        TOUCH_LIB_VERSION
  C:0A63H         SYMBOL        _Renovate
  C:226BH         SYMBOL        SetAccessIndexes
  C:16ADH         PUBLIC        CTK_Init
  B:0023H.5       SYMBOL        nbt_OneCycleScanWait
  C:1F78H         PUBLIC        CTK_ISR_Handle
  C:256EH         PUBLIC        Scan_Pause
  C:0E5DH         SYMBOL        SensorAdjust
  C:2582H         PUBLIC        Scan_Continue_Inside
  C:1598H         SYMBOL        CurrentSourceInit
  C:2314H         PUBLIC        Touch_Signal_Handle
  D:00D0H         PUBLIC        PSW
  B:0023H.6       SYMBOL        nbt_CurrentSourceAdjustDone
  -------         PROC          SETACCESSINDEXES
  -------         DO            
  D:0007H         SYMBOL        fui_i
  D:0006H         SYMBOL        fui_j
  -------         ENDDO         
  C:226BH         LINE#         172
BL51 BANKED LINKER/LOCATER V6.22                                                      04/16/2024  09:50:47  PAGE 14


  C:226BH         LINE#         173
  C:226BH         LINE#         174
  C:226EH         LINE#         176
  C:2279H         LINE#         177
  C:2279H         LINE#         178
  C:2281H         LINE#         179
  C:2281H         LINE#         180
  C:2293H         LINE#         181
  C:2294H         LINE#         182
  C:2294H         LINE#         183
  C:2297H         LINE#         184
  -------         ENDPROC       SETACCESSINDEXES
  -------         PROC          SENSORFINDNEXT
  C:0026H         LINE#         194
  C:0026H         LINE#         195
  C:0026H         LINE#         196
  C:0028H         LINE#         197
  C:0034H         LINE#         198
  C:0034H         LINE#         199
  C:0036H         LINE#         200
  C:0038H         LINE#         201
  C:003AH         LINE#         202
  C:003DH         LINE#         203
  C:003DH         LINE#         204
  C:0050H         LINE#         205
  C:0050H         LINE#         206
  C:0054H         LINE#         207
  C:0056H         LINE#         208
  C:0058H         LINE#         210
  C:0058H         LINE#         211
  C:005AH         LINE#         212
  C:0066H         LINE#         213
  C:0066H         LINE#         214
  C:006BH         LINE#         215
  C:0070H         LINE#         216
  -------         ENDPROC       SENSORFINDNEXT
  -------         PROC          CURRENTSOURCEINIT
  -------         DO            
  X:00CFH         SYMBOL        fi_MinRaw
  D:0007H         SYMBOL        fuc_i
  -------         ENDDO         
  C:1598H         LINE#         228
  C:1598H         LINE#         229
  C:1598H         LINE#         230
  C:15A2H         LINE#         232
  C:15ACH         LINE#         233
  C:15ACH         LINE#         234
  C:15BBH         LINE#         235
  C:15BBH         LINE#         237
  C:15C7H         LINE#         238
  C:15C7H         LINE#         239
  C:15E8H         LINE#         240
  C:15E8H         LINE#         241
  C:1604H         LINE#         242
  C:1604H         LINE#         243
  C:160CH         LINE#         244
  C:160CH         LINE#         245
BL51 BANKED LINKER/LOCATER V6.22                                                      04/16/2024  09:50:47  PAGE 15


  C:160CH         LINE#         246
  C:160FH         LINE#         247
  C:163CH         LINE#         248
  C:163CH         LINE#         249
  C:164CH         LINE#         250
  C:164CH         LINE#         252
  C:165AH         LINE#         253
  C:1675H         LINE#         254
  C:167FH         LINE#         255
  C:167FH         LINE#         257
  C:167FH         LINE#         258
  C:1689H         LINE#         259
  C:168BH         LINE#         262
  C:168BH         LINE#         263
  C:1697H         LINE#         264
  C:1697H         LINE#         267
  C:169AH         LINE#         268
  C:169CH         LINE#         269
  C:169EH         LINE#         270
  C:16A1H         LINE#         271
  C:16A4H         LINE#         272
  C:16A6H         LINE#         273
  C:16A9H         LINE#         274
  C:16ACH         LINE#         275
  C:16ACH         LINE#         276
  -------         ENDPROC       CURRENTSOURCEINIT
  -------         PROC          SENSORADJUST
  -------         DO            
  D:005BH         SYMBOL        fuc_Min
  D:005CH         SYMBOL        fuc_Max
  D:005DH         SYMBOL        fuc_AdjustStep
  D:005EH         SYMBOL        fuc_i
  D:004FH         SYMBOL        fui_RawData
  -------         ENDDO         
  C:0E5DH         LINE#         286
  C:0E5DH         LINE#         287
  C:0E5DH         LINE#         288
  C:0E67H         LINE#         289
  C:0E67H         LINE#         293
  C:0E6CH         LINE#         295
  C:0E83H         LINE#         296
  C:0E8AH         LINE#         297
  C:0E8AH         LINE#         298
  C:0EA2H         LINE#         299
  C:0EA2H         LINE#         300
  C:0EB9H         LINE#         301
  C:0F0EH         LINE#         302
  C:0F11H         LINE#         304
  C:0F11H         LINE#         305
  C:0F14H         LINE#         306
  C:0F17H         LINE#         307
  C:0F6FH         LINE#         308
  C:0F87H         LINE#         309
  C:0F8AH         LINE#         311
  C:0F8AH         LINE#         313
  C:0F93H         LINE#         314
  C:0F93H         LINE#         315
BL51 BANKED LINKER/LOCATER V6.22                                                      04/16/2024  09:50:47  PAGE 16


  C:0FACH         LINE#         316
  C:0FACH         LINE#         317
  C:0FE7H         LINE#         318
  C:0FEEH         LINE#         319
  C:0FEEH         LINE#         320
  C:0FF0H         LINE#         321
  C:104EH         LINE#         323
  C:104EH         LINE#         324
  C:104EH         LINE#         325
  C:1050H         LINE#         326
  C:1069H         LINE#         328
  C:1069H         LINE#         329
  C:1072H         LINE#         330
  C:1072H         LINE#         331
  C:107FH         LINE#         332
  C:107FH         LINE#         333
  C:1097H         LINE#         334
  C:1097H         LINE#         335
  C:10A8H         LINE#         336
  C:10B2H         LINE#         337
  C:10B2H         LINE#         338
  C:10B9H         LINE#         340
  C:10B9H         LINE#         342
  C:10B9H         LINE#         343
  C:10D1H         LINE#         344
  C:10D1H         LINE#         345
  C:10D3H         LINE#         346
  C:10E8H         LINE#         347
  C:10E8H         LINE#         348
  C:10F9H         LINE#         349
  C:1101H         LINE#         350
  C:1101H         LINE#         351
  C:1125H         LINE#         353
  C:1125H         LINE#         355
  C:1125H         LINE#         356
  C:113DH         LINE#         357
  C:113DH         LINE#         358
  C:113DH         LINE#         359
  C:113DH         LINE#         360
  C:113DH         LINE#         361
  C:1140H         LINE#         362
  C:1143H         LINE#         363
  C:1145H         LINE#         364
  C:1154H         LINE#         365
  C:1154H         LINE#         366
  -------         ENDPROC       SENSORADJUST
  -------         PROC          CTK_INIT
  -------         DO            
  D:0045H         SYMBOL        fuc_i
  -------         ENDDO         
  C:16ADH         LINE#         375
  C:16ADH         LINE#         376
  C:16ADH         LINE#         379
  C:16B2H         LINE#         380
  C:16B4H         LINE#         381
  C:16B6H         LINE#         382
  C:16B8H         LINE#         383
BL51 BANKED LINKER/LOCATER V6.22                                                      04/16/2024  09:50:47  PAGE 17


  C:16BAH         LINE#         384
  C:16BCH         LINE#         385
  C:16BEH         LINE#         386
  C:16C0H         LINE#         387
  C:16C2H         LINE#         388
  C:16C4H         LINE#         389
  C:16C6H         LINE#         390
  C:16C8H         LINE#         391
  C:16CAH         LINE#         392
  C:16CCH         LINE#         393
  C:16CEH         LINE#         394
  C:16D0H         LINE#         395
  C:16D2H         LINE#         396
  C:16D4H         LINE#         397
  C:16D6H         LINE#         398
  C:16D8H         LINE#         399
  C:16DAH         LINE#         401
  C:16DEH         LINE#         402
  C:16E0H         LINE#         403
  C:16E2H         LINE#         404
  C:16E4H         LINE#         405
  C:16E6H         LINE#         406
  C:16E8H         LINE#         407
  C:16EAH         LINE#         408
  C:16ECH         LINE#         409
  C:16EEH         LINE#         410
  C:16F0H         LINE#         411
  C:16F2H         LINE#         413
  C:16FAH         LINE#         414
  C:1703H         LINE#         415
  C:170CH         LINE#         416
  C:1715H         LINE#         418
  C:1718H         LINE#         419
  C:171AH         LINE#         420
  C:171DH         LINE#         421
  C:1724H         LINE#         422
  C:1726H         LINE#         423
  C:1729H         LINE#         424
  C:172BH         LINE#         425
  C:172DH         LINE#         426
  C:1730H         LINE#         430
  C:1733H         LINE#         431
  C:1737H         LINE#         432
  C:1737H         LINE#         433
  C:173AH         LINE#         434
  C:173AH         LINE#         435
  C:173DH         LINE#         436
  C:173FH         LINE#         437
  C:1741H         LINE#         438
  C:1744H         LINE#         439
  C:1744H         LINE#         440
  C:1746H         LINE#         441
  C:1749H         LINE#         443
  C:174CH         LINE#         444
  C:1750H         LINE#         445
  C:1750H         LINE#         446
  C:1753H         LINE#         447
BL51 BANKED LINKER/LOCATER V6.22                                                      04/16/2024  09:50:47  PAGE 18


  C:1753H         LINE#         448
  C:1756H         LINE#         449
  C:1758H         LINE#         450
  C:175AH         LINE#         451
  C:175DH         LINE#         452
  C:175DH         LINE#         453
  C:175FH         LINE#         457
  C:1762H         LINE#         458
  C:1764H         LINE#         459
  -------         ENDPROC       CTK_INIT
  -------         PROC          CTK_ISR_HANDLE
  C:1F78H         LINE#         467
  C:1F78H         LINE#         468
  C:1F78H         LINE#         469
  C:1F7BH         LINE#         471
  C:1F8AH         LINE#         472
  C:1F8AH         LINE#         473
  C:1FA1H         LINE#         474
  C:1FA1H         LINE#         476
  C:1FA9H         LINE#         477
  C:1FACH         LINE#         479
  C:1FAFH         LINE#         480
  C:1FAFH         LINE#         481
  C:1FB2H         LINE#         482
  C:1FB2H         LINE#         484
  C:1FB2H         LINE#         485
  C:1FB2H         LINE#         486
  C:1FB5H         LINE#         487
  C:1FB5H         LINE#         488
  C:1FB8H         LINE#         489
  C:1FB8H         LINE#         490
  -------         ENDPROC       CTK_ISR_HANDLE
  -------         PROC          SCAN_PAUSE
  C:256EH         LINE#         499
  C:256EH         LINE#         500
  C:256EH         LINE#         501
  C:2570H         LINE#         502
  C:2575H         LINE#         503
  C:2577H         LINE#         504
  -------         ENDPROC       SCAN_PAUSE
  -------         PROC          SCAN_CONTINUE_INSIDE
  C:2582H         LINE#         513
  C:2582H         LINE#         514
  C:2582H         LINE#         515
  C:2585H         LINE#         516
  C:2585H         LINE#         517
  C:2587H         LINE#         518
  C:258AH         LINE#         519
  C:258AH         LINE#         520
  -------         ENDPROC       SCAN_CONTINUE_INSIDE
  -------         PROC          SCAN_CONTINUE
  C:2510H         LINE#         523
  C:2510H         LINE#         524
  C:2510H         LINE#         525
  C:2513H         LINE#         526
  C:2513H         LINE#         527
  C:2515H         LINE#         528
BL51 BANKED LINKER/LOCATER V6.22                                                      04/16/2024  09:50:47  PAGE 19


  C:251CH         LINE#         529
  C:251CH         LINE#         530
  C:251EH         LINE#         531
  C:251FH         LINE#         533
  C:251FH         LINE#         534
  C:2522H         LINE#         535
  C:2522H         LINE#         536
  C:2522H         LINE#         537
  -------         ENDPROC       SCAN_CONTINUE
  -------         PROC          BASELINERESET
  -------         DO            
  D:0007H         SYMBOL        fuc_i
  -------         ENDDO         
  C:20ABH         LINE#         546
  C:20ABH         LINE#         547
  C:20ABH         LINE#         550
  C:20B8H         LINE#         551
  C:20B8H         LINE#         552
  C:20E0H         LINE#         553
  C:20E3H         LINE#         554
  -------         ENDPROC       BASELINERESET
  -------         PROC          TOUCH_SIGNAL_HANDLE
  -------         DO            
  D:0045H         SYMBOL        fuc_i
  -------         ENDDO         
  C:2314H         LINE#         562
  C:2314H         LINE#         563
  C:2314H         LINE#         565
  C:2317H         LINE#         566
  C:231AH         LINE#         567
  C:2329H         LINE#         568
  C:2329H         LINE#         569
  C:232EH         LINE#         570
  C:2332H         LINE#         571
  C:2335H         LINE#         572
  -------         ENDPROC       TOUCH_SIGNAL_HANDLE
  -------         PROC          _RENOVATE
  D:0046H         SYMBOL        fuc_i
  -------         DO            
  D:0047H         SYMBOL        fui_FingerThd
  D:0049H         SYMBOL        fui_NoFingerThd
  D:0002H         SYMBOL        fi_DifferData
  D:004BH         SYMBOL        mask
  B:0024H.2       SYMBOL        fbt_LimitFlag
  B:0024H.3       SYMBOL        fbt_LongKeyFlag
  -------         ENDDO         
  C:0A63H         LINE#         576
  C:0A65H         LINE#         577
  C:0A65H         LINE#         582
  C:0A67H         LINE#         583
  C:0A69H         LINE#         586
  C:0A88H         LINE#         587
  C:0AB6H         LINE#         588
  C:0AEFH         LINE#         589
  C:0B20H         LINE#         591
  C:0B35H         LINE#         593
  C:0B3CH         LINE#         594
BL51 BANKED LINKER/LOCATER V6.22                                                      04/16/2024  09:50:47  PAGE 20


  C:0B3CH         LINE#         595
  C:0B53H         LINE#         596
  C:0B53H         LINE#         597
  C:0B61H         LINE#         598
  C:0B6EH         LINE#         599
  C:0B82H         LINE#         600
  C:0B8FH         LINE#         601
  C:0B91H         LINE#         602
  C:0B91H         LINE#         603
  C:0B91H         LINE#         605
  C:0BA3H         LINE#         606
  C:0BA3H         LINE#         607
  C:0BA6H         LINE#         608
  C:0BA6H         LINE#         609
  C:0BB4H         LINE#         610
  C:0BB4H         LINE#         611
  C:0BCBH         LINE#         612
  C:0BE5H         LINE#         613
  C:0BE5H         LINE#         614
  C:0BE5H         LINE#         615
  C:0BE5H         LINE#         616
  C:0BE5H         LINE#         617
  C:0BE5H         LINE#         618
  C:0BE5H         LINE#         619
  C:0BE7H         LINE#         621
  C:0BE7H         LINE#         622
  C:0BF2H         LINE#         623
  C:0BF2H         LINE#         624
  C:0C09H         LINE#         625
  C:0C23H         LINE#         626
  C:0C23H         LINE#         627
  C:0C39H         LINE#         628
  C:0C46H         LINE#         629
  C:0C5AH         LINE#         630
  C:0C5AH         LINE#         631
  C:0C5AH         LINE#         632
  C:0C5AH         LINE#         633
  C:0C5DH         LINE#         634
  C:0C5DH         LINE#         635
  C:0C6BH         LINE#         636
  C:0C83H         LINE#         637
  C:0C83H         LINE#         638
  C:0CA5H         LINE#         639
  C:0CB2H         LINE#         640
  C:0CB2H         LINE#         641
  C:0CB2H         LINE#         642
  C:0CC6H         LINE#         643
  C:0CCFH         LINE#         644
  C:0CD2H         LINE#         645
  C:0CE0H         LINE#         646
  C:0CE0H         LINE#         647
  C:0CEBH         LINE#         648
  C:0CEBH         LINE#         649
  C:0D02H         LINE#         650
  C:0D1CH         LINE#         651
  C:0D1CH         LINE#         652
  C:0D32H         LINE#         653
BL51 BANKED LINKER/LOCATER V6.22                                                      04/16/2024  09:50:47  PAGE 21


  C:0D46H         LINE#         654
  C:0D46H         LINE#         655
  C:0D46H         LINE#         656
  C:0D58H         LINE#         657
  C:0D58H         LINE#         658
  C:0D66H         LINE#         659
  C:0D7AH         LINE#         660
  C:0D87H         LINE#         661
  C:0D87H         LINE#         662
  C:0D8AH         LINE#         664
  C:0D8AH         LINE#         665
  C:0D97H         LINE#         666
  C:0D97H         LINE#         667
  C:0DA5H         LINE#         668
  C:0DBAH         LINE#         669
  C:0DBAH         LINE#         670
  C:0DC7H         LINE#         671
  C:0DDDH         LINE#         672
  C:0DDDH         LINE#         673
  C:0DDDH         LINE#         674
  C:0DEBH         LINE#         675
  C:0DF8H         LINE#         676
  C:0E0CH         LINE#         677
  C:0E0CH         LINE#         682
  C:0E24H         LINE#         683
  C:0E24H         LINE#         684
  C:0E4FH         LINE#         685
  C:0E5CH         LINE#         686
  C:0E5CH         LINE#         688
  -------         ENDPROC       _RENOVATE
  -------         ENDMOD        HC89F30XC_GENERALKEY_TOUCH_LIB

  -------         MODULE        HC89F30XC_TOUCHUARTDEBUG_LIB_CFG
  C:0000H         SYMBOL        _ICE_DUMMY_
  D:0080H         PUBLIC        P0
  D:0090H         PUBLIC        P1
  D:00A0H         PUBLIC        P2
  D:00B0H         PUBLIC        P3
  D:00A8H         PUBLIC        IE
  D:00F8H         PUBLIC        RSTFR
  D:0098H         PUBLIC        SCON
  D:0088H         PUBLIC        TCON
  D:00B8H         PUBLIC        IE1
  D:00D8H         PUBLIC        IE2
  D:00D0H         PUBLIC        PSW
  -------         ENDMOD        HC89F30XC_TOUCHUARTDEBUG_LIB_CFG

  -------         MODULE        HC89F30XC_IO_INIT
  C:0000H         SYMBOL        _ICE_DUMMY_
  D:0080H         PUBLIC        P0
  D:0090H         PUBLIC        P1
  D:00A0H         PUBLIC        P2
  D:00B0H         PUBLIC        P3
  D:00A8H         PUBLIC        IE
  C:1A02H         PUBLIC        IO_Init
  D:00F8H         PUBLIC        RSTFR
  C:237EH         PUBLIC        AD_INIT
BL51 BANKED LINKER/LOCATER V6.22                                                      04/16/2024  09:50:47  PAGE 22


  D:0098H         PUBLIC        SCON
  D:0088H         PUBLIC        TCON
  D:00B4H         PUBLIC        ADCC0
  D:00B8H         PUBLIC        IE1
  D:00D8H         PUBLIC        IE2
  D:00D0H         PUBLIC        PSW
  -------         PROC          IO_INIT
  C:1A02H         LINE#         17
  C:1A02H         LINE#         18
  C:1A02H         LINE#         19
  C:1A05H         LINE#         20
  C:1A0BH         LINE#         21
  C:1A0FH         LINE#         22
  C:1A15H         LINE#         23
  C:1A1BH         LINE#         25
  C:1A21H         LINE#         26
  C:1A25H         LINE#         27
  C:1A29H         LINE#         28
  C:1A2FH         LINE#         30
  C:1A32H         LINE#         31
  C:1A38H         LINE#         32
  C:1A3CH         LINE#         33
  C:1A40H         LINE#         34
  C:1A46H         LINE#         35
  C:1A4CH         LINE#         36
  C:1A50H         LINE#         37
  C:1A54H         LINE#         38
  C:1A5AH         LINE#         40
  C:1A5DH         LINE#         41
  C:1A63H         LINE#         42
  C:1A67H         LINE#         43
  C:1A6BH         LINE#         44
  C:1A71H         LINE#         45
  C:1A77H         LINE#         46
  C:1A7BH         LINE#         48
  C:1A7FH         LINE#         49
  C:1A83H         LINE#         51
  C:1A86H         LINE#         52
  C:1A8CH         LINE#         53
  C:1A90H         LINE#         54
  -------         ENDPROC       IO_INIT
  -------         PROC          AD_INIT
  C:237EH         LINE#         56
  C:237EH         LINE#         57
  C:237EH         LINE#         59
  C:2384H         LINE#         60
  C:238AH         LINE#         61
  C:2390H         LINE#         62
  C:2393H         LINE#         63
  C:2398H         LINE#         67
  C:239EH         LINE#         68
  -------         ENDPROC       AD_INIT
  -------         ENDMOD        HC89F30XC_IO_INIT

  -------         MODULE        HC89F30XC_ISR
  C:0000H         SYMBOL        _ICE_DUMMY_
  D:0080H         PUBLIC        P0
BL51 BANKED LINKER/LOCATER V6.22                                                      04/16/2024  09:50:47  PAGE 23


  D:0090H         PUBLIC        P1
  D:00A0H         PUBLIC        P2
  D:00B0H         PUBLIC        P3
  C:0005H         PUBLIC        ISR_Timer0
  C:2035H         PUBLIC        ISR_Timer1
  C:220EH         PUBLIC        UART1_Rpt
  D:00A8H         PUBLIC        IE
  D:00F8H         PUBLIC        RSTFR
  D:0099H         PUBLIC        SBUF
  C:1FFAH         PUBLIC        ISR_CTK
  D:0098H         PUBLIC        SCON
  D:0088H         PUBLIC        TCON
  D:00B8H         PUBLIC        IE1
  D:00D8H         PUBLIC        IE2
  D:00D0H         PUBLIC        PSW
  -------         PROC          ISR_CTK
  C:1FFAH         LINE#         21
  C:2017H         LINE#         23
  C:201AH         LINE#         24
  -------         ENDPROC       ISR_CTK
  -------         PROC          ISR_TIMER0
  C:0005H         LINE#         32
  C:0005H         LINE#         35
  -------         ENDPROC       ISR_TIMER0
  -------         PROC          ISR_TIMER1
  C:2035H         LINE#         43
  C:2052H         LINE#         45
  C:2055H         LINE#         46
  -------         ENDPROC       ISR_TIMER1
  -------         PROC          UART1_RPT
  C:220EH         LINE#         48
  C:2216H         LINE#         50
  C:221BH         LINE#         51
  C:221BH         LINE#         52
  C:221EH         LINE#         53
  C:2221H         LINE#         54
  C:2224H         LINE#         55
  C:2232H         LINE#         56
  C:2234H         LINE#         57
  C:2234H         LINE#         58
  -------         ENDPROC       UART1_RPT
  -------         ENDMOD        HC89F30XC_ISR

  -------         MODULE        HC89F30XC_PORT_MAP
  C:0000H         SYMBOL        _ICE_DUMMY_
  D:0080H         PUBLIC        P0
  D:0090H         PUBLIC        P1
  D:00A0H         PUBLIC        P2
  D:00B0H         PUBLIC        P3
  D:00A8H         PUBLIC        IE
  D:00F8H         PUBLIC        RSTFR
  D:0098H         PUBLIC        SCON
  D:0088H         PUBLIC        TCON
  D:00B8H         PUBLIC        IE1
  D:00D8H         PUBLIC        IE2
  D:00D0H         PUBLIC        PSW
  -------         ENDMOD        HC89F30XC_PORT_MAP
BL51 BANKED LINKER/LOCATER V6.22                                                      04/16/2024  09:50:47  PAGE 24



  -------         MODULE        HC89F30XC_SYS
  C:0000H         SYMBOL        _ICE_DUMMY_
  D:0080H         PUBLIC        P0
  D:0090H         PUBLIC        P1
  D:00A0H         PUBLIC        P2
  D:00B0H         PUBLIC        P3
  D:00A8H         PUBLIC        IE
  D:00F8H         PUBLIC        RSTFR
  C:24BAH         PUBLIC        SystemInit
  D:0098H         PUBLIC        SCON
  D:0088H         PUBLIC        TCON
  D:00B8H         PUBLIC        IE1
  D:00D8H         PUBLIC        IE2
  D:008EH         PUBLIC        CLKSWR
  D:00D0H         PUBLIC        PSW
  -------         PROC          SYSTEMINIT
  C:24BAH         LINE#         17
  C:24BAH         LINE#         18
  C:24BAH         LINE#         20
  C:24BDH         LINE#         21
  C:24C3H         LINE#         24
  C:24C9H         LINE#         25
  C:24CFH         LINE#         26
  -------         ENDPROC       SYSTEMINIT
  -------         ENDMOD        HC89F30XC_SYS

  -------         MODULE        BUZZER_DRIVER
  C:0000H         SYMBOL        _ICE_DUMMY_
  D:0080H         PUBLIC        P0
  D:0090H         PUBLIC        P1
  D:00A0H         PUBLIC        P2
  D:00B0H         PUBLIC        P3
  X:00C6H         PUBLIC        speekk
  D:00A8H         PUBLIC        IE
  X:00C7H         PUBLIC        buz_on
  D:00F8H         PUBLIC        RSTFR
  C:1E0CH         PUBLIC        speek_manage0
  X:00C8H         PUBLIC        speek_countt
  D:0098H         PUBLIC        SCON
  D:0088H         PUBLIC        TCON
  D:00B8H         PUBLIC        IE1
  D:00D8H         PUBLIC        IE2
  X:00C9H         PUBLIC        speek_dd
  C:2410H         PUBLIC        _speek_duo
  X:00CAH         PUBLIC        speek_pp
  C:248CH         PUBLIC        _speek_dan0
  B:0022H.6       PUBLIC        F_BEEP1
  B:0022H.7       PUBLIC        F_BEEP2
  B:0023H.0       PUBLIC        F_BEEP3
  B:0023H.1       PUBLIC        F_BEEP4
  B:0023H.2       PUBLIC        F_BEEP5
  D:00D0H         PUBLIC        PSW
  -------         PROC          SPEEK_MANAGE0
  C:1E0CH         LINE#         25
  C:1E0CH         LINE#         26
  C:1E0CH         LINE#         27
BL51 BANKED LINKER/LOCATER V6.22                                                      04/16/2024  09:50:47  PAGE 25


  C:1E19H         LINE#         28
  C:1E19H         LINE#         29
  C:1E1FH         LINE#         30
  C:1E21H         LINE#         32
  C:1E21H         LINE#         33
  C:1E26H         LINE#         34
  C:1E30H         LINE#         35
  C:1E30H         LINE#         36
  C:1E39H         LINE#         37
  C:1E39H         LINE#         38
  C:1E3CH         LINE#         39
  C:1E41H         LINE#         40
  C:1E43H         LINE#         42
  C:1E43H         LINE#         43
  C:1E48H         LINE#         44
  C:1E4CH         LINE#         45
  C:1E4CH         LINE#         46
  C:1E4CH         LINE#         47
  C:1E4CH         LINE#         48
  C:1E57H         LINE#         49
  C:1E57H         LINE#         50
  C:1E5AH         LINE#         51
  C:1E5AH         LINE#         52
  -------         ENDPROC       SPEEK_MANAGE0
  -------         PROC          _SPEEK_DAN0
  D:0007H         SYMBOL        speek_d_tmp
  C:248CH         LINE#         55
  C:248CH         LINE#         56
  C:248CH         LINE#         57
  C:2494H         LINE#         58
  C:2494H         LINE#         59
  C:2496H         LINE#         60
  C:2496H         LINE#         61
  C:249BH         LINE#         62
  C:249EH         LINE#         63
  C:24A2H         LINE#         64
  -------         ENDPROC       _SPEEK_DAN0
  -------         PROC          _SPEEK_DUO
  D:0007H         SYMBOL        speek_p_tmp
  D:0005H         SYMBOL        speek_d_tmp
  D:0003H         SYMBOL        speek_count_tmp
  C:2410H         LINE#         66
  C:2410H         LINE#         67
  C:2410H         LINE#         68
  C:2418H         LINE#         69
  C:2418H         LINE#         70
  C:241AH         LINE#         71
  C:241AH         LINE#         72
  C:241FH         LINE#         73
  C:2422H         LINE#         74
  C:2428H         LINE#         75
  -------         ENDPROC       _SPEEK_DUO
  -------         ENDMOD        BUZZER_DRIVER

  -------         MODULE        DISPLAY
  C:0000H         SYMBOL        _ICE_DUMMY_
  D:0025H         PUBLIC        num_ge
BL51 BANKED LINKER/LOCATER V6.22                                                      04/16/2024  09:50:47  PAGE 26


  D:0080H         PUBLIC        P0
  D:0090H         PUBLIC        P1
  D:00A0H         PUBLIC        P2
  D:00B0H         PUBLIC        P3
  B:00A8H.7       PUBLIC        EA
  D:00A8H         PUBLIC        IE
  D:00F8H         PUBLIC        RSTFR
  D:0026H         PUBLIC        addrtable
  D:0098H         PUBLIC        SCON
  D:0088H         PUBLIC        TCON
  D:002CH         PUBLIC        dis_code
  D:00B8H         PUBLIC        IE1
  D:00D8H         PUBLIC        IE2
  D:0032H         PUBLIC        dis_code_lock
  D:0038H         PUBLIC        num_bai
  C:18C6H         PUBLIC        DIS_MANAGE
  D:0039H         PUBLIC        LED_font
  D:0044H         PUBLIC        num_shi
  C:1D65H         PUBLIC        display
  D:00D0H         PUBLIC        PSW
  -------         PROC          DIS_MANAGE
  C:18C6H         LINE#         12
  C:18C6H         LINE#         13
  C:18C6H         LINE#         14
  C:18CCH         LINE#         16
  C:18CFH         LINE#         17
  C:18CFH         LINE#         18
  C:18DAH         LINE#         19
  C:18DDH         LINE#         20
  C:18DEH         LINE#         22
  C:18DEH         LINE#         23
  C:18E4H         LINE#         24
  C:18E4H         LINE#         25
  C:18E7H         LINE#         26
  C:18E7H         LINE#         27
  C:18EDH         LINE#         28
  C:18EDH         LINE#         29
  C:18EFH         LINE#         30
  C:18F2H         LINE#         31
  C:18F2H         LINE#         32
  C:18F5H         LINE#         33
  C:18F5H         LINE#         34
  C:18FBH         LINE#         35
  C:18FBH         LINE#         36
  C:18FDH         LINE#         37
  C:1900H         LINE#         38
  C:1900H         LINE#         39
  C:1903H         LINE#         40
  C:1903H         LINE#         41
  C:1909H         LINE#         42
  C:1909H         LINE#         43
  C:190BH         LINE#         44
  C:190EH         LINE#         45
  C:190EH         LINE#         46
  C:1911H         LINE#         47
  C:1911H         LINE#         48
  C:1917H         LINE#         49
BL51 BANKED LINKER/LOCATER V6.22                                                      04/16/2024  09:50:47  PAGE 27


  C:1917H         LINE#         50
  C:1919H         LINE#         52
  C:1919H         LINE#         53
  C:191CH         LINE#         54
  C:191CH         LINE#         55
  C:1922H         LINE#         56
  C:1922H         LINE#         57
  C:1922H         LINE#         59
  C:192FH         LINE#         60
  C:1943H         LINE#         61
  C:1950H         LINE#         62
  C:1957H         LINE#         63
  C:195FH         LINE#         64
  C:1967H         LINE#         66
  C:1967H         LINE#         67
  -------         ENDPROC       DIS_MANAGE
  -------         PROC          DISPLAY
  C:1D65H         LINE#         70
  C:1D65H         LINE#         71
  C:1D65H         LINE#         72
  C:1D7FH         LINE#         73
  C:1D7FH         LINE#         74
  C:1D82H         LINE#         75
  C:1D85H         LINE#         76
  C:1D88H         LINE#         77
  C:1D8BH         LINE#         78
  C:1D8EH         LINE#         79
  C:1D90H         LINE#         80
  C:1D95H         LINE#         81
  C:1D9AH         LINE#         82
  C:1D9FH         LINE#         83
  C:1DA4H         LINE#         84
  C:1DA9H         LINE#         85
  C:1DB1H         LINE#         86
  C:1DB6H         LINE#         87
  C:1DB9H         LINE#         88
  C:1DBBH         LINE#         89
  C:1DBBH         LINE#         92
  -------         ENDPROC       DISPLAY
  -------         ENDMOD        DISPLAY

  -------         MODULE        TM1652
  C:0000H         SYMBOL        _ICE_DUMMY_
  D:0080H         PUBLIC        P0
  D:0090H         PUBLIC        P1
  D:00A0H         PUBLIC        P2
  D:00B0H         PUBLIC        P3
  B:00A8H.7       PUBLIC        EA
  C:217FH         PUBLIC        TM1652_init
  D:00A8H         PUBLIC        IE
  D:00F8H         PUBLIC        RSTFR
  D:00BDH         PUBLIC        WDTC
  D:0098H         PUBLIC        SCON
  D:0088H         PUBLIC        TCON
  C:1EA9H         PUBLIC        _tm1652_send_data
  D:00B8H         PUBLIC        IE1
  D:00D8H         PUBLIC        IE2
BL51 BANKED LINKER/LOCATER V6.22                                                      04/16/2024  09:50:47  PAGE 28


  C:24A3H         PUBLIC        Control_display
  C:211BH         PUBLIC        _Delay_1ms
  B:00B0H.4       PUBLIC        TMSDA
  D:00D0H         PUBLIC        PSW
  -------         PROC          _DELAY_1MS
  D:0046H         SYMBOL        d_ms
  -------         DO            
  D:0047H         SYMBOL        i
  -------         ENDDO         
  C:211BH         LINE#         32
  C:211DH         LINE#         33
  C:211DH         LINE#         35
  C:2127H         LINE#         36
  C:2127H         LINE#         37
  C:212AH         LINE#         38
  C:212FH         LINE#         39
  C:2134H         LINE#         40
  C:2139H         LINE#         41
  C:213EH         LINE#         42
  C:2143H         LINE#         43
  C:2148H         LINE#         44
  C:214CH         LINE#         46
  -------         ENDPROC       _DELAY_1MS
  -------         PROC          TM1652_INIT
  C:217FH         LINE#         52
  C:217FH         LINE#         53
  C:217FH         LINE#         54
  C:2181H         LINE#         55
  C:2186H         LINE#         56
  C:218BH         LINE#         57
  C:2190H         LINE#         58
  C:2195H         LINE#         59
  C:219AH         LINE#         60
  C:219FH         LINE#         61
  C:21A4H         LINE#         62
  C:21A9H         LINE#         63
  C:21ACH         LINE#         64
  C:21AEH         LINE#         65
  -------         ENDPROC       TM1652_INIT
  -------         PROC          _TM1652_SEND_DATA
  D:0046H         SYMBOL        sdat
  -------         DO            
  D:0047H         SYMBOL        i
  D:0048H         SYMBOL        sfalg
  -------         ENDDO         
  C:1EA9H         LINE#         67
  C:1EABH         LINE#         68
  C:1EABH         LINE#         69
  C:1EB0H         LINE#         71
  C:1EB2H         LINE#         72
  C:1EB7H         LINE#         73
  C:1EBAH         LINE#         74
  C:1EBAH         LINE#         75
  C:1EBFH         LINE#         76
  C:1EBFH         LINE#         77
  C:1EC1H         LINE#         78
  C:1EC3H         LINE#         79
BL51 BANKED LINKER/LOCATER V6.22                                                      04/16/2024  09:50:47  PAGE 29


  C:1EC5H         LINE#         80
  C:1EC5H         LINE#         81
  C:1EC7H         LINE#         82
  C:1EC7H         LINE#         83
  C:1ECCH         LINE#         84
  C:1ED2H         LINE#         85
  C:1EDBH         LINE#         87
  C:1EE0H         LINE#         88
  C:1EE0H         LINE#         89
  C:1EE2H         LINE#         90
  C:1EE4H         LINE#         92
  C:1EE4H         LINE#         93
  C:1EE6H         LINE#         94
  C:1EE6H         LINE#         95
  C:1EEBH         LINE#         96
  C:1EEDH         LINE#         97
  -------         ENDPROC       _TM1652_SEND_DATA
  -------         PROC          CONTROL_DISPLAY
  -------         DO            
  D:0007H         SYMBOL        Ctr_duty
  D:0006H         SYMBOL        Ctr_curr
  D:0005H         SYMBOL        Ctr_mode
  D:0045H         SYMBOL        Crdata
  -------         ENDDO         
  C:24A3H         LINE#         110
  C:24A3H         LINE#         111
  C:24A3H         LINE#         117
  C:24A3H         LINE#         118
  C:24A3H         LINE#         119
  C:24A3H         LINE#         121
  C:24ABH         LINE#         122
  C:24B0H         LINE#         123
  C:24B5H         LINE#         124
  -------         ENDPROC       CONTROL_DISPLAY
  -------         ENDMOD        TM1652

  -------         MODULE        WDT
  C:0000H         SYMBOL        _ICE_DUMMY_
  D:0080H         PUBLIC        P0
  D:0090H         PUBLIC        P1
  D:00A0H         PUBLIC        P2
  D:00B0H         PUBLIC        P3
  C:2578H         PUBLIC        WDT_INIT
  D:00A8H         PUBLIC        IE
  D:00F8H         PUBLIC        RSTFR
  D:00BDH         PUBLIC        WDTC
  D:0098H         PUBLIC        SCON
  D:0088H         PUBLIC        TCON
  D:00B8H         PUBLIC        IE1
  D:00D8H         PUBLIC        IE2
  D:00D0H         PUBLIC        PSW
  -------         PROC          WDT_INIT
  C:2578H         LINE#         15
  C:2578H         LINE#         16
  C:2578H         LINE#         17
  C:257EH         LINE#         18
  C:2581H         LINE#         19
BL51 BANKED LINKER/LOCATER V6.22                                                      04/16/2024  09:50:47  PAGE 30


  -------         ENDPROC       WDT_INIT
  -------         ENDMOD        WDT

  -------         MODULE        TIMER
  C:0000H         SYMBOL        _ICE_DUMMY_
  D:0080H         PUBLIC        P0
  D:0090H         PUBLIC        P1
  D:00A0H         PUBLIC        P2
  D:00B0H         PUBLIC        P3
  B:00A8H.7       PUBLIC        EA
  C:1D04H         PUBLIC        TIMER_SCAN
  D:00A8H         PUBLIC        IE
  D:00F8H         PUBLIC        RSTFR
  X:00A6H         PUBLIC        TIMER_100MS
  B:0021H.6       PUBLIC        F_1HOUR
  X:00A7H         PUBLIC        work1_hour
  X:00A9H         PUBLIC        work2_hour
  X:00ABH         PUBLIC        TIMER_500MS
  X:00ACH         PUBLIC        work3_hour
  X:00AEH         PUBLIC        work4_hour
  X:00B0H         PUBLIC        work5_hour
  B:00A0H.4       PUBLIC        beep
  B:0021H.7       PUBLIC        F_10MS
  C:2429H         PUBLIC        TIMER0_Init
  C:24D0H         PUBLIC        TIMER1_Init
  C:2547H         PUBLIC        ParamTimtInit
  B:0022H.0       PUBLIC        F_1SEC
  D:00BDH         PUBLIC        WDTC
  D:0098H         PUBLIC        SCON
  X:00B2H         PUBLIC        TIMER_1MS
  D:0089H         PUBLIC        TMOD
  D:0088H         PUBLIC        TCON
  B:0022H.1       PUBLIC        F_1MIN
  D:00B8H         PUBLIC        IE1
  D:00D8H         PUBLIC        IE2
  B:00A8H.1       PUBLIC        ET0
  B:0088H.5       PUBLIC        TF0
  D:008CH         PUBLIC        TH0
  X:00B3H         PUBLIC        work_10min
  D:008DH         PUBLIC        TH1
  D:008AH         PUBLIC        TL0
  D:008BH         PUBLIC        TL1
  C:24E6H         PUBLIC        _delay_ms
  X:00B4H         PUBLIC        TIMER_1HOUR
  B:0088H.4       PUBLIC        TR0
  B:0022H.2       PUBLIC        F_100MS
  C:2558H         PUBLIC        _delay_us
  B:0022H.3       PUBLIC        F_PN_500MS
  B:0022H.4       PUBLIC        F_500MS
  X:00B5H         PUBLIC        TIMER_10MS
  C:0006H         PUBLIC        TIMR0_ISR_Handle
  C:2442H         PUBLIC        TIMR1_ISR_Handle
  X:00B6H         PUBLIC        TIMER_1SEC
  B:0022H.5       PUBLIC        F_1MS
  X:00B7H         PUBLIC        TIMER_1MIN
  D:00D0H         PUBLIC        PSW
  -------         PROC          PARAMTIMTINIT
BL51 BANKED LINKER/LOCATER V6.22                                                      04/16/2024  09:50:47  PAGE 31


  C:2547H         LINE#         28
  C:2547H         LINE#         29
  C:2547H         LINE#         30
  C:2549H         LINE#         31
  C:254BH         LINE#         32
  C:254DH         LINE#         33
  C:254FH         LINE#         34
  C:2551H         LINE#         35
  C:2553H         LINE#         36
  C:2555H         LINE#         37
  C:2557H         LINE#         38
  -------         ENDPROC       PARAMTIMTINIT
  -------         PROC          TIMER0_INIT
  C:2429H         LINE#         40
  C:2429H         LINE#         41
  C:2429H         LINE#         42
  C:242BH         LINE#         43
  C:242DH         LINE#         44
  C:2434H         LINE#         45
  C:2437H         LINE#         46
  C:243DH         LINE#         47
  C:243FH         LINE#         48
  C:2441H         LINE#         49
  -------         ENDPROC       TIMER0_INIT
  -------         PROC          TIMER1_INIT
  C:24D0H         LINE#         52
  C:24D0H         LINE#         53
  C:24D0H         LINE#         55
  C:24D5H         LINE#         56
  C:24D7H         LINE#         68
  C:24DAH         LINE#         69
  C:24DDH         LINE#         70
  C:24E0H         LINE#         71
  C:24E3H         LINE#         72
  C:24E5H         LINE#         73
  -------         ENDPROC       TIMER1_INIT
  -------         PROC          _DELAY_US
  D:0007H         SYMBOL        count
  -------         DO            
  D:0006H         SYMBOL        i
  -------         ENDDO         
  C:2558H         LINE#         75
  C:2558H         LINE#         76
  C:2558H         LINE#         78
  C:255FH         LINE#         79
  C:255FH         LINE#         81
  C:2562H         LINE#         82
  -------         ENDPROC       _DELAY_US
  -------         PROC          _DELAY_MS
  D:0005H         SYMBOL        count
  -------         DO            
  D:0004H         SYMBOL        i
  -------         ENDDO         
  C:24E6H         LINE#         83
  C:24E8H         LINE#         84
  C:24E8H         LINE#         86
  C:24EFH         LINE#         87
BL51 BANKED LINKER/LOCATER V6.22                                                      04/16/2024  09:50:47  PAGE 32


  C:24EFH         LINE#         88
  C:24F4H         LINE#         89
  C:24F7H         LINE#         90
  C:24FAH         LINE#         91
  -------         ENDPROC       _DELAY_MS
  -------         PROC          TIMR0_ISR_HANDLE
  C:0006H         LINE#         93
  C:0006H         LINE#         94
  C:0006H         LINE#         96
  -------         ENDPROC       TIMR0_ISR_HANDLE
  -------         PROC          TIMR1_ISR_HANDLE
  C:2442H         LINE#         99
  C:2442H         LINE#         100
  C:2442H         LINE#         101
  C:2448H         LINE#         102
  C:2448H         LINE#         103
  C:244AH         LINE#         104
  C:244CH         LINE#         106
  C:244CH         LINE#         107
  C:244EH         LINE#         108
  C:244EH         LINE#         110
  C:2454H         LINE#         111
  C:245AH         LINE#         112
  -------         ENDPROC       TIMR1_ISR_HANDLE
  -------         PROC          TIMER_SCAN
  C:1D04H         LINE#         115
  C:1D04H         LINE#         116
  C:1D04H         LINE#         117
  C:1D0DH         LINE#         118
  C:1D0DH         LINE#         119
  C:1D0FH         LINE#         120
  C:1D11H         LINE#         121
  C:1D11H         LINE#         123
  C:1D1AH         LINE#         124
  C:1D1AH         LINE#         125
  C:1D1CH         LINE#         126
  C:1D1EH         LINE#         128
  C:1D28H         LINE#         129
  C:1D28H         LINE#         130
  C:1D2AH         LINE#         131
  C:1D2CH         LINE#         133
  C:1D36H         LINE#         134
  C:1D36H         LINE#         135
  C:1D38H         LINE#         136
  C:1D3AH         LINE#         138
  C:1D3CH         LINE#         140
  C:1D46H         LINE#         141
  C:1D46H         LINE#         142
  C:1D48H         LINE#         143
  C:1D4AH         LINE#         145
  C:1D52H         LINE#         146
  C:1D52H         LINE#         147
  C:1D54H         LINE#         148
  C:1D56H         LINE#         150
  C:1D60H         LINE#         151
  C:1D60H         LINE#         152
[...]
  C:189BH         LINE#         356
  C:189BH         LINE#         358
  C:18A1H         LINE#         359
  C:18A1H         LINE#         360
  C:18A4H         LINE#         361
  C:18A4H         LINE#         362
  C:18A6H         LINE#         363
  C:18AFH         LINE#         364
  C:18AFH         LINE#         365
  C:18B1H         LINE#         367
  C:18B1H         LINE#         368
  C:18B3H         LINE#         369
  C:18B3H         LINE#         370
  C:18B3H         LINE#         372
  C:18B6H         LINE#         373
  C:18B6H         LINE#         374
  C:18BFH         LINE#         375
  C:18BFH         LINE#         376
  C:18C1H         LINE#         377
  C:18C1H         LINE#         378
  C:18C2H         LINE#         380
  C:18C2H         LINE#         381
  C:18C5H         LINE#         382
  C:18C5H         LINE#         383
  C:18C5H         LINE#         384
  -------         ENDPROC       SCAN_XSEC
  -------         PROC          SCAN_XMIN
  C:1A91H         LINE#         386
  C:1A91H         LINE#         387
  C:1A91H         LINE#         388
  C:1A97H         LINE#         389
  C:1A97H         LINE#         390
  C:1A99H         LINE#         392
  C:1A9CH         LINE#         393
  C:1A9CH         LINE#         394
  C:1AA7H         LINE#         395
  C:1AA7H         LINE#         396
  C:1AA9H         LINE#         397
  C:1AABH         LINE#         398
  C:1AABH         LINE#         400
  C:1AB6H         LINE#         401
BL51 BANKED LINKER/LOCATER V6.22                                                      04/16/2024  09:50:47  PAGE 47


  C:1AB6H         LINE#         402
  C:1AB8H         LINE#         403
  C:1ABAH         LINE#         404
  C:1AC3H         LINE#         405
  C:1AC3H         LINE#         407
  C:1ACEH         LINE#         408
  C:1ACEH         LINE#         409
  C:1AD0H         LINE#         410
  C:1AD7H         LINE#         411
  C:1AD7H         LINE#         412
  C:1AD9H         LINE#         413
  C:1AE7H         LINE#         414
  C:1AF5H         LINE#         415
  C:1B03H         LINE#         416
  C:1B11H         LINE#         417
  C:1B11H         LINE#         418
  C:1B14H         LINE#         419
  C:1B14H         LINE#         421
  C:1B14H         LINE#         423
  C:1B14H         LINE#         424
  C:1B19H         LINE#         425
  C:1B19H         LINE#         426
  C:1B19H         LINE#         427
  -------         ENDPROC       SCAN_XMIN
  -------         PROC          SCAN_XHOUR
  C:2474H         LINE#         430
  C:2474H         LINE#         431
  C:2474H         LINE#         432
  C:2477H         LINE#         433
  C:2477H         LINE#         434
  C:2479H         LINE#         435
  C:247CH         LINE#         436
  C:247CH         LINE#         437
  C:2487H         LINE#         438
  C:2487H         LINE#         439
  C:2489H         LINE#         440
  C:248BH         LINE#         441
  C:248BH         LINE#         442
  C:248BH         LINE#         444
  C:248BH         LINE#         445
  -------         ENDPROC       SCAN_XHOUR
  -------         PROC          CHECK_LEAK
  C:214DH         LINE#         448
  C:214DH         LINE#         449
  C:214DH         LINE#         451
  C:2150H         LINE#         452
  C:2150H         LINE#         453
  C:2161H         LINE#         454
  C:2161H         LINE#         455
  C:2167H         LINE#         456
  C:2169H         LINE#         458
  C:216CH         LINE#         459
  C:216CH         LINE#         460
  C:216EH         LINE#         461
  C:2177H         LINE#         462
  C:2177H         LINE#         464
  C:2177H         LINE#         465
BL51 BANKED LINKER/LOCATER V6.22                                                      04/16/2024  09:50:47  PAGE 48


  C:2177H         LINE#         467
  C:2177H         LINE#         468
  C:217CH         LINE#         469
  C:217EH         LINE#         470
  C:217EH         LINE#         471
  -------         ENDPROC       CHECK_LEAK
  -------         PROC          FUN_HANDLE
  C:239FH         LINE#         473
  C:239FH         LINE#         474
  C:239FH         LINE#         475
  C:23A2H         LINE#         476
  C:23A5H         LINE#         477
  C:23A8H         LINE#         479
  C:23ABH         LINE#         480
  C:23AEH         LINE#         481
  C:23B1H         LINE#         482
  C:23B4H         LINE#         483
  C:23B7H         LINE#         484
  C:23BAH         LINE#         485
  -------         ENDPROC       FUN_HANDLE
  -------         ENDMOD        FUN_HANDLE

  -------         MODULE        KEY
  C:0000H         SYMBOL        _ICE_DUMMY_
  D:006BH         PUBLIC        Filter_SetMode
  D:0080H         PUBLIC        P0
  D:0090H         PUBLIC        P1
  D:006CH         PUBLIC        KEY_TEMP
  D:00A0H         PUBLIC        P2
  D:00B0H         PUBLIC        P3
  D:00A8H         PUBLIC        IE
  D:00F8H         PUBLIC        RSTFR
  C:1155H         PUBLIC        _KEY_Handle
  X:00B8H         PUBLIC        OLD_KEY
  D:0070H         PUBLIC        KEY_CNT
  D:0098H         PUBLIC        SCON
  D:0088H         PUBLIC        TCON
  C:24FBH         PUBLIC        ParamKeyInit
  B:0023H.7       PUBLIC        F_Power
  B:0024H.0       PUBLIC        F_FilterSet
  D:00B8H         PUBLIC        IE1
  D:00D8H         PUBLIC        IE2
  D:0071H         PUBLIC        xSCE_SetWait_CNT
  X:00BCH         PUBLIC        KEY_LONG_CNT1
  X:00BEH         PUBLIC        KEY_LONG_CNT2
  D:00D0H         PUBLIC        PSW
  B:0024H.1       PUBLIC        KEY_LONG
  -------         PROC          PARAMKEYINIT
  C:24FBH         LINE#         19
  C:24FBH         LINE#         20
  C:24FBH         LINE#         21
  C:2504H         LINE#         22
  C:2506H         LINE#         23
  C:2508H         LINE#         24
  C:250AH         LINE#         25
  C:250CH         LINE#         26
  C:250FH         LINE#         27
BL51 BANKED LINKER/LOCATER V6.22                                                      04/16/2024  09:50:47  PAGE 49


  -------         ENDPROC       PARAMKEYINIT
  -------         PROC          _KEY_HANDLE
  D:0045H         SYMBOL        key_flag
  C:1155H         LINE#         32
  C:115DH         LINE#         33
  C:115DH         LINE#         34
  C:1186H         LINE#         35
  C:1186H         LINE#         36
  C:11A2H         LINE#         37
  C:11A2H         LINE#         38
  C:11A4H         LINE#         40
  C:11A7H         LINE#         41
  C:11A7H         LINE#         42
  C:11ACH         LINE#         43
  C:11B5H         LINE#         44
  C:11B5H         LINE#         45
  C:11B8H         LINE#         46
  C:11B8H         LINE#         47
  C:11BBH         LINE#         48
  C:11BBH         LINE#         49
  C:11BDH         LINE#         50
  C:11DAH         LINE#         51
  C:11DAH         LINE#         52
  C:11DFH         LINE#         53
  C:11E1H         LINE#         55
  C:11E4H         LINE#         56
  C:11E4H         LINE#         57
  C:11E6H         LINE#         58
  C:11E8H         LINE#         59
  C:11EAH         LINE#         61
  C:11EAH         LINE#         62
  C:11EDH         LINE#         63
  C:11EDH         LINE#         64
  C:11F2H         LINE#         65
  C:11F4H         LINE#         66
  C:11F6H         LINE#         68
  C:11F6H         LINE#         69
  C:11F8H         LINE#         70
  C:11F8H         LINE#         72
  C:11F8H         LINE#         73
  C:11F8H         LINE#         75
  C:1206H         LINE#         76
  C:1208H         LINE#         77
  C:1209H         LINE#         79
  C:1209H         LINE#         80
  C:121DH         LINE#         81
  C:121DH         LINE#         82
  C:1231H         LINE#         83
  C:1231H         LINE#         84
  C:1238H         LINE#         86
  C:123BH         LINE#         87
  C:123BH         LINE#         88
  C:1240H         LINE#         89
  C:1242H         LINE#         91
  C:1244H         LINE#         92
  C:1247H         LINE#         93
  C:1249H         LINE#         95
BL51 BANKED LINKER/LOCATER V6.22                                                      04/16/2024  09:50:47  PAGE 50


  C:1249H         LINE#         96
  C:124EH         LINE#         97
  C:1250H         LINE#         98
  C:1255H         LINE#         99
  C:125AH         LINE#         100
  C:125AH         LINE#         102
  C:125EH         LINE#         103
  C:125EH         LINE#         104
  C:125EH         LINE#         105
  C:1260H         LINE#         106
  C:1265H         LINE#         107
  C:1265H         LINE#         109
  C:1269H         LINE#         110
  C:1269H         LINE#         111
  C:1269H         LINE#         112
  C:126BH         LINE#         113
  C:1270H         LINE#         114
  C:1270H         LINE#         116
  C:1274H         LINE#         117
  C:1274H         LINE#         118
  C:1274H         LINE#         119
  C:1276H         LINE#         120
  C:127BH         LINE#         121
  C:127BH         LINE#         123
  C:1282H         LINE#         124
  C:1286H         LINE#         125
  C:1289H         LINE#         126
  C:1289H         LINE#         127
  C:128BH         LINE#         128
  C:128EH         LINE#         129
  C:128EH         LINE#         130
  C:128EH         LINE#         131
  C:1290H         LINE#         133
  C:1290H         LINE#         134
  C:1297H         LINE#         135
  C:1297H         LINE#         137
  C:12ABH         LINE#         138
  C:12ABH         LINE#         139
  C:12BFH         LINE#         140
  C:12BFH         LINE#         141
  C:12C6H         LINE#         143
  C:12C9H         LINE#         144
  C:12C9H         LINE#         145
  C:12CEH         LINE#         146
  C:12D0H         LINE#         147
  C:12D2H         LINE#         148
  C:12D2H         LINE#         149
  C:12D2H         LINE#         150
  C:12D3H         LINE#         152
  C:12D3H         LINE#         153
  C:12DAH         LINE#         154
  C:12DAH         LINE#         155
  C:12DAH         LINE#         157
  -------         ENDPROC       _KEY_HANDLE
  -------         ENDMOD        KEY

  -------         MODULE        USART
BL51 BANKED LINKER/LOCATER V6.22                                                      04/16/2024  09:50:47  PAGE 51


  C:0000H         SYMBOL        _ICE_DUMMY_
  D:0080H         PUBLIC        P0
  D:0090H         PUBLIC        P1
  D:00A0H         PUBLIC        P2
  D:0063H         PUBLIC        Receietime
  D:00B0H         PUBLIC        P3
  B:00A8H.7       PUBLIC        EA
  D:0064H         PUBLIC        WENBIAO_value
  D:00A8H         PUBLIC        IE
  D:0065H         PUBLIC        START_value
  D:00F8H         PUBLIC        RSTFR
  D:0066H         PUBLIC        F_BUZ
  D:0067H         PUBLIC        Receivenum
  C:23DAH         PUBLIC        _UART_SendData
  C:2563H         PUBLIC        _UART_SendChar
  C:245BH         PUBLIC        JudgeOneStringEnd
  D:0099H         PUBLIC        SBUF
  D:0098H         PUBLIC        SCON
  C:2298H         PUBLIC        UartInit
  D:0088H         PUBLIC        TCON
  D:00B8H         PUBLIC        IE1
  D:00D8H         PUBLIC        IE2
  X:0063H         PUBLIC        SendOutData
  D:0068H         PUBLIC        WORK_value
  D:0069H         PUBLIC        YURE_value
  X:0073H         PUBLIC        ReceiveLimitFlag
  C:2535H         PUBLIC        ClearBuffer
  D:00CEH         PUBLIC        TH4
  D:00CDH         PUBLIC        TL4
  X:0074H         PUBLIC        ReceiveLimitCount
  C:1F36H         PUBLIC        _JudgeTheReceiveData
  C:1FB9H         PUBLIC        SingReceive
  D:006AH         PUBLIC        Receiveflag
  D:009EH         PUBLIC        SCON2
  D:00CCH         PUBLIC        T4CON
  B:0024H.4       PUBLIC        F_WORK
  X:0076H         PUBLIC        ReceivebeBuffer
  C:1E5BH         PUBLIC        DIS_TO_MAIN_SEND
  D:00D0H         PUBLIC        PSW
  -------         PROC          UARTINIT
  C:2298H         LINE#         22
  C:2298H         LINE#         23
  C:2298H         LINE#         32
  C:229EH         LINE#         33
  C:22A4H         LINE#         35
  C:22AAH         LINE#         36
  C:22AFH         LINE#         42
  C:22B2H         LINE#         53
  C:22B5H         LINE#         54
  C:22B8H         LINE#         55
  C:22BBH         LINE#         56
  C:22BEH         LINE#         57
  C:22C1H         LINE#         58
  C:22C3H         LINE#         59
  -------         ENDPROC       UARTINIT
  -------         PROC          _UART_SENDCHAR
  D:0007H         SYMBOL        UART_da
BL51 BANKED LINKER/LOCATER V6.22                                                      04/16/2024  09:50:47  PAGE 52


  C:2563H         LINE#         63
  C:2563H         LINE#         64
  C:2563H         LINE#         65
  C:2565H         LINE#         66
  C:256AH         LINE#         67
  C:256DH         LINE#         68
  -------         ENDPROC       _UART_SENDCHAR
  -------         PROC          _UART_SENDDATA
  D:0006H         SYMBOL        len0
  -------         DO            
  D:0005H         SYMBOL        i
  -------         ENDDO         
  C:23DAH         LINE#         70
  C:23DCH         LINE#         71
  C:23DCH         LINE#         73
  C:23E3H         LINE#         74
  C:23E3H         LINE#         75
  C:23F2H         LINE#         76
  C:23F5H         LINE#         77
  -------         ENDPROC       _UART_SENDDATA
  -------         PROC          JUDGEONESTRINGEND
  C:245BH         LINE#         80
  C:245BH         LINE#         81
  C:245BH         LINE#         82
  C:2465H         LINE#         83
  C:2465H         LINE#         84
  C:2470H         LINE#         85
  C:2473H         LINE#         86
  C:2473H         LINE#         87
  -------         ENDPROC       JUDGEONESTRINGEND
  -------         PROC          _JUDGETHERECEIVEDATA
  D:0045H         SYMBOL        da
  D:0005H         SYMBOL        num
  -------         DO            
  D:0005H         SYMBOL        num_data
  D:0007H         SYMBOL        i
  -------         ENDDO         
  C:1F36H         LINE#         97
  C:1F3CH         LINE#         98
  C:1F3CH         LINE#         100
  C:1F3CH         LINE#         101
  C:1F3EH         LINE#         102
  C:1F40H         LINE#         103
  C:1F40H         LINE#         104
  C:1F50H         LINE#         105
  C:1F54H         LINE#         107
  C:1F72H         LINE#         108
  C:1F72H         LINE#         112
  C:1F75H         LINE#         113
  C:1F75H         LINE#         115
  C:1F75H         LINE#         116
  C:1F77H         LINE#         117
  C:1F77H         LINE#         118
  -------         ENDPROC       _JUDGETHERECEIVEDATA
  -------         PROC          CLEARBUFFER
  -------         DO            
  D:0007H         SYMBOL        i
BL51 BANKED LINKER/LOCATER V6.22                                                      04/16/2024  09:50:47  PAGE 53


  -------         ENDDO         
  C:2535H         LINE#         120
  C:2535H         LINE#         121
  C:2535H         LINE#         122
  C:2535H         LINE#         123
  C:2535H         LINE#         124
  C:2535H         LINE#         125
  C:253FH         LINE#         126
  C:253FH         LINE#         127
  C:2542H         LINE#         128
  C:2544H         LINE#         129
  C:2546H         LINE#         130
  -------         ENDPROC       CLEARBUFFER
  -------         PROC          DIS_TO_MAIN_SEND
  -------         DO            
  D:0006H         SYMBOL        x
  D:0007H         SYMBOL        num_data
  -------         ENDDO         
  C:1E5BH         LINE#         131
  C:1E5BH         LINE#         132
  C:1E5BH         LINE#         136
  C:1E61H         LINE#         137
  C:1E65H         LINE#         138
  C:1E6BH         LINE#         139
  C:1E6FH         LINE#         140
  C:1E72H         LINE#         141
  C:1E76H         LINE#         142
  C:1E7CH         LINE#         143
  C:1E84H         LINE#         144
  C:1E87H         LINE#         145
  C:1E89H         LINE#         146
  C:1E8BH         LINE#         147
  C:1E8CH         LINE#         148
  C:1E8EH         LINE#         149
  C:1E8EH         LINE#         150
  C:1E9BH         LINE#         151
  C:1E9FH         LINE#         152
  C:1EA4H         LINE#         153
  -------         ENDPROC       DIS_TO_MAIN_SEND
  -------         PROC          SINGRECEIVE
  C:1FB9H         LINE#         156
  C:1FB9H         LINE#         157
  C:1FB9H         LINE#         158
  C:1FC0H         LINE#         159
  C:1FC0H         LINE#         160
  C:1FCEH         LINE#         161
  C:1FDAH         LINE#         162
  C:1FDAH         LINE#         163
  C:1FDEH         LINE#         164
  C:1FE2H         LINE#         165
  C:1FE2H         LINE#         166
  C:1FE2H         LINE#         168
  C:1FE7H         LINE#         169
  C:1FE7H         LINE#         170
  C:1FE9H         LINE#         171
  C:1FF0H         LINE#         172
  C:1FF0H         LINE#         173
BL51 BANKED LINKER/LOCATER V6.22                                                      04/16/2024  09:50:47  PAGE 54


  C:1FF6H         LINE#         174
  C:1FF9H         LINE#         175
  C:1FF9H         LINE#         176
  C:1FF9H         LINE#         177
  -------         ENDPROC       SINGRECEIVE
  -------         ENDMOD        USART

  -------         MODULE        ?C?FPADD
  C:007DH         PUBLIC        ?C?FPADD
  C:0079H         PUBLIC        ?C?FPSUB
  -------         ENDMOD        ?C?FPADD

  -------         MODULE        ?C?FPMUL
  C:016EH         PUBLIC        ?C?FPMUL
  -------         ENDMOD        ?C?FPMUL

  -------         MODULE        ?C?FCAST
  C:027EH         PUBLIC        ?C?FCASTC
  C:0279H         PUBLIC        ?C?FCASTI
  C:0274H         PUBLIC        ?C?FCASTL
  -------         ENDMOD        ?C?FCAST

  -------         MODULE        ?C?CASTF
  C:02B2H         PUBLIC        ?C?CASTF
  -------         ENDMOD        ?C?CASTF

  -------         MODULE        ?C?CLDPTR
  C:0333H         PUBLIC        ?C?CLDPTR
  -------         ENDMOD        ?C?CLDPTR

  -------         MODULE        ?C?CLDOPTR
  C:034CH         PUBLIC        ?C?CLDOPTR
  -------         ENDMOD        ?C?CLDOPTR

  -------         MODULE        ?C?CSTPTR
  C:0379H         PUBLIC        ?C?CSTPTR
  -------         ENDMOD        ?C?CSTPTR

  -------         MODULE        ?C?IMUL
  C:038BH         PUBLIC        ?C?IMUL
  -------         ENDMOD        ?C?IMUL

  -------         MODULE        ?C?UIDIV
  C:039DH         PUBLIC        ?C?UIDIV
  -------         ENDMOD        ?C?UIDIV

  -------         MODULE        ?C?SIDIV
  C:03F2H         PUBLIC        ?C?SIDIV
  -------         ENDMOD        ?C?SIDIV

  -------         MODULE        ?C?IILDX
  C:0428H         PUBLIC        ?C?IILDX
  -------         ENDMOD        ?C?IILDX

  -------         MODULE        ?C?ULDIV
  C:047AH         PUBLIC        ?C?ULDIV
  -------         ENDMOD        ?C?ULDIV
BL51 BANKED LINKER/LOCATER V6.22                                                      04/16/2024  09:50:47  PAGE 55



  -------         MODULE        ?C?LNOT
  C:050CH         PUBLIC        ?C?LNOT
  -------         ENDMOD        ?C?LNOT

  -------         MODULE        ?C?LNEG
  C:0519H         PUBLIC        ?C?LNEG
  -------         ENDMOD        ?C?LNEG

  -------         MODULE        ?C?ULCMP
  C:0527H         PUBLIC        ?C?ULCMP
  -------         ENDMOD        ?C?ULCMP

  -------         MODULE        ?C?LSHL
  C:0538H         PUBLIC        ?C?LSHL
  -------         ENDMOD        ?C?LSHL

  -------         MODULE        ?C?LSTXDATA
  C:054BH         PUBLIC        ?C?LSTXDATA
  -------         ENDMOD        ?C?LSTXDATA

  -------         MODULE        ?C?LIMUL
  C:0557H         PUBLIC        ?C?LIMUL
  -------         ENDMOD        ?C?LIMUL

Program Size: data=110.5 xdata=273 code=9608
LINK/LOCATE RUN COMPLETE.  0 WARNING(S),  0 ERROR(S)
