C51 COMPILER V9.00   FUN_HANDLE                                                            04/15/2024 19:40:39 PAGE 1   


C51 COMPILER V9.00, COMPILATION OF MODULE FUN_HANDLE
OBJECT MODULE PLACED IN .\Output\Fun_Handle.obj
COMPILER INVOKED BY: F:\KEIL5\C51\BIN\C51.EXE ..\..\Application\Fun_Handle\Fun_Handle.c OPTIMIZE(8,SPEED) BROWSE INCDIR(
                    -..\..\Application;..\..\User\INC;..\..\Libraries;..\..\Application\Buzzer_Driver;..\..\Application;..\..\Application\DIS
                    -PLAY;..\..\Application\TM1652;..\..\Application\WDT;..\..\Application\TIMER;..\..\Application\EEPROM_R_W;..\..\Applicati
                    -on\AD_WORK;..\..\Application\Fun_Handle;..\..\Application\KEY;..\..\Application\USART) DEBUG OBJECTEXTEND PRINT(.\List\F
                    -un_Handle.lst) OBJECT(.\Output\Fun_Handle.obj)

line level    source

   1          #include "define.h"
   2          
   3          /*******全局变量*******/
   4          bit F_WashFirst_10S;
   5          bit F_ZHISHUICHAOSHI;
   6          bit F_QUESHUI;
   7          bit F_LOUSHUI;
   8          bit F_WaterProduction;
   9          bit F_Wash;
  10          bit F_SHUIBEN;
  11          bit F_CXF;
  12          
  13          unsigned char xdata CLEAN_TIME_SEC;
  14          unsigned char xdata F_FilterOutTime;
  15          
  16          
  17          /*******局部变量*******/
  18          unsigned char DIS_CNT = 0;
  19          bit F_WashAccumulateFull_4h = 0;
  20          bit F_WashAccumulateWork_10min = 0;
  21          bit F_WashFull = 0;
  22          unsigned char xdata F_WaterFull_CNT = 0;
  23          unsigned char xdata F_WaterProduction_CNT1 = 0;
  24          unsigned char xdata F_WaterProduction_CNT2 = 0;
  25          unsigned char xdata xSEC_FilterOutTime_CNT = 0;
  26          bit  F_yali_low = 1 , F_yali_high = 0; 
  27          unsigned int low_count = 1000, high_count = 0; 
  28          
  29          bit F_WashFull_Flag = 1;
  30          
  31          static void ParamHandleInit(void)
  32          {
  33   1          F_WashFirst_10S = 1;  //机器上电冲洗标志位置 1
  34   1          CLEAN_TIME_SEC = 0;
  35   1          
  36   1          F_WaterProduction = 0;  //制水标志
  37   1          F_ZHISHUICHAOSHI = 0;  //制水超时标志位置0
  38   1          F_QUESHUI = 0;         //缺水标志位置0
  39   1          F_LOUSHUI = 0;        //漏水标志位置0
  40   1          
  41   1          F_Wash = 1;  //冲洗标志位置0
  42   1          
  43   1          F_SHUIBEN = 0; //水泵标志位置0
  44   1          F_CXF = 0;   //冲洗阀标志位置0
  45   1          
  46   1          F_FilterOutTime = 0;  //滤芯到期标志位
  47   1      }
  48          
  49          /****变量初始化****/
  50          void ParamInit(void)
  51          { 
C51 COMPILER V9.00   FUN_HANDLE                                                            04/15/2024 19:40:39 PAGE 2   

  52   1            ParamTimtInit();
  53   1            ParamHandleInit();
  54   1            ParamKeyInit(); 
  55   1      //    ParamAdworkInit();
  56   1      }
  57          /*************************************************************************
  58          压力开关检测  10ms扫描一次  
  59          *************************************************************************/
  60          void yali_sw_check (void)    //浮球：接通为0  断开为1
  61          {
  62   1          if(yali_low_sw==0)    //有水 
  63   1          {  
  64   2              low_count+=50 ;
  65   2              if(low_count>=1000)   //10秒 
  66   2              {
  67   3                  low_count = 1000 ;                                                   
  68   3                  F_yali_low = 1 ;   //低压开关闭合 
  69   3              }
  70   2          }
  71   1              else                //无水 
  72   1              {
  73   2              if(--low_count<=1)
  74   2              {
  75   3                  low_count = 1 ;
  76   3                  F_yali_low = 0 ;     //低压开关断开  缺水  
  77   3              }
  78   2               }
  79   1              
  80   1           
  81   1          if(yali_high_sw==0)   //高压开关 常闭开关   ，为1 是 断开  0为闭合
  82   1          {
  83   2              if(++high_count>=50)
  84   2              {
  85   3                  high_count = 50 ;
  86   3                  F_yali_high = 0 ;  //高压开关闭合
  87   3              }
  88   2          }
  89   1          else   //水满
  90   1          {
  91   2              if(--high_count<=1)
  92   2              {
  93   3                      high_count = 1 ;
  94   3                      F_yali_high = 1 ;   //高压开关断开 
  95   3              }
  96   2          }
  97   1      }
  98          
  99          void RO_SIGN_chuli(void)
 100          {
 101   1              if(F_yali_low==0) //缺水
 102   1              {  
 103   2                      if(F_QUESHUI==0)
 104   2                      {
 105   3                              speek_duo(150,50,10);
 106   3                      }
 107   2                      F_QUESHUI = 1 ; //缺水 
 108   2              }
 109   1              else 
 110   1              {
 111   2                      F_QUESHUI = 0 ;   //不缺水               
 112   2                      if(F_yali_high==0) 
 113   2                      { 
C51 COMPILER V9.00   FUN_HANDLE                                                            04/15/2024 19:40:39 PAGE 3   

 114   3                              F_WaterProduction = 1 ; //制水工作 
 115   3                  if(F_WashFull_Flag == 0)
 116   3                  {
 117   4                      F_WashFull_Flag = 1;
 118   4                  }
 119   3                      }
 120   2               else
 121   2                      {
 122   3                              F_WaterProduction = 0 ; //制水完成 ，水满
 123   3                  if(F_WashFull_Flag == 1)
 124   3                  {
 125   4                      F_WashFull_Flag = 0;
 126   4                      F_WashFull = 1;
 127   4                  }
 128   3                      }                                         
 129   2              }                        
 130   1      }
 131          /**************************************************************************
 132          RO系统制水工作  //100MS 扫描一次 
 133          **************************************************************************/
 134          void RO_SYS_WORK(void)
 135          {  
 136   1              if((F_ZHISHUICHAOSHI==1)||(F_QUESHUI == 1)||(F_LOUSHUI == 1)||(F_Power == 0)) //出错后关闭阀门、泵
 137   1               { 
 138   2                  F_SHUIBEN = 0;
 139   2                  F_CXF = 0;
 140   2               }
 141   1               else
 142   1               {
 143   2                        if(F_Wash == 1)  //冲洗
 144   2                        {
 145   3                                       if(CLEAN_TIME_SEC>0)
 146   3                                       {
 147   4                                                      F_SHUIBEN = 1;
 148   4                              F_CXF = 1;  
 149   4                                       }
 150   3                                       else 
 151   3                                       {
 152   4                                                       F_Wash = 0 ; 
 153   4                               F_SHUIBEN = 0;
 154   4                               F_CXF = 0; 
 155   4                                       }      
 156   3                        }
 157   2                else
 158   2                {
 159   3                      if(F_WaterProduction == 1)   //制水
 160   3                      {
 161   4                          F_SHUIBEN = 1;
 162   4                          F_CXF = 0;
 163   4                      }
 164   3                      else                        //水满
 165   3                      { 
 166   4                          F_SHUIBEN = 0;
 167   4                          F_CXF = 0;
 168   4                      }
 169   3                }
 170   2            }
 171   1      }
 172          
 173          /**********************************************************
 174          冲洗模式  10ms 
 175          ***********************************************************/
C51 COMPILER V9.00   FUN_HANDLE                                                            04/15/2024 19:40:39 PAGE 4   

 176          void RO_CLEAN_check(void)
 177          {
 178   1         if(F_WashFirst_10S==1)  //上电冲洗30s
 179   1          {
 180   2              CLEAN_TIME_SEC = 30;  
 181   2              F_Wash = 1 ; 
 182   2              F_WashFirst_10S = 0;  //
 183   2          }
 184   1          else if(F_WashAccumulateFull_4h == 1)   //机器处于水满状态累计4h，冲洗20s
 185   1          {
 186   2              CLEAN_TIME_SEC = 20;  
 187   2              F_Wash =1 ;
 188   2              F_WashAccumulateFull_4h = 0;
 189   2          }
 190   1          else if((F_WashAccumulateWork_10min == 1)&&(F_WaterProduction == 1))   //机器累计制水10min，水满后冲洗
             -10s
 191   1          {
 192   2              CLEAN_TIME_SEC = 10;  
 193   2              F_Wash =1 ; 
 194   2              F_WashAccumulateWork_10min = 0;
 195   2          }
 196   1          else if(F_WashFull == 1)    //水满冲洗 10s
 197   1          {
 198   2              CLEAN_TIME_SEC = 10;  
 199   2              F_Wash =1 ; 
 200   2              F_WashFull = 0;
 201   2          }
 202   1      }
 203          
 204          /**********************************************************
 205          阀门、泵检测函数  100ms 
 206          ***********************************************************/
 207          void WorkPro(void)
 208          {        
 209   1          if(F_SHUIBEN == 1)
 210   1          {
 211   2              SHUIBEN_ON
 212   2          }
 213   1          else
 214   1          {
 215   2              SHUIBEN_OFF
 216   2          }
 217   1          
 218   1          if(F_CXF == 1)
 219   1          {
 220   2              CXF_ON
 221   2          }
 222   1          else
 223   1          {
 224   2              CXF_OFF
 225   2          }
 226   1          
 227   1          
 228   1         
 229   1      }
 230          
 231          
 232          static void Scan_10ms(void)
 233          {
 234   1          if(F_10MS==1)
 235   1                {
 236   2                    F_10MS = 0; 
C51 COMPILER V9.00   FUN_HANDLE                                                            04/15/2024 19:40:39 PAGE 5   

 237   2                //speek_manage0();
 238   2                //KEY_Handle(KEY_TEMP);  //按键函数调用
 239   2                yali_sw_check();
 240   2                
 241   2                Check_Leak();   //漏水检测
 242   2                RO_SYS_WORK();
 243   2                }
 244   1      }
 245          
 246          static void Scan_100ms(void)
 247          {
 248   1          if(F_100MS == 1)
 249   1          {
 250   2             F_100MS =0;
 251   2              
 252   2              if(++DIS_CNT>=2)
 253   2              {
 254   3                  DIS_CNT = 0;
 255   3                  if(buz_on==0)
 256   3                      {
 257   4                   display(); 
 258   4              }
 259   3                  
 260   3                                
 261   3              }
 262   2              
 263   2              DIS_MANAGE();
 264   2              WorkPro();
 265   2              RO_CLEAN_check();
 266   2              RO_SIGN_chuli();
 267   2          }
 268   1      }
 269          
 270          static void Scan_500ms(void)
 271          {
 272   1          if(F_500MS == 1)
 273   1          {
 274   2              F_500MS = 0;    
 275   2                              //  DIS_TO_MAIN_SEND();
 276   2              
 277   2          }
 278   1      }
 279          
 280          static void Scan_xSEC(void)
 281          {
 282   1          if(F_1SEC == 1)
 283   1          {
 284   2              F_1SEC = 0;
 285   2             
 286   2              if(CLEAN_TIME_SEC>0)  //冲洗时间自减
 287   2              {
 288   3                   CLEAN_TIME_SEC--;
 289   3              }
 290   2              else
 291   2              {
 292   3                   CLEAN_TIME_SEC=0 ;   
 293   3              }
 294   2              
 295   2      //        if(++xSEC_FilterOutTime_CNT>=10)  //每10s扫描一次 是否有滤芯到期
 296   2      //        {
 297   2      //            xSEC_FilterOutTime_CNT = 0;
 298   2      //            if(work1_hour>=SET_WORK1_HOUR)//第一组滤芯
C51 COMPILER V9.00   FUN_HANDLE                                                            04/15/2024 19:40:39 PAGE 6   

 299   2      //            {
 300   2      //                F_FilterOutTime = 1;
 301   2      //            }
 302   2      //            if(work2_hour>=SET_WORK2_HOUR)//第二组滤芯
 303   2      //            {
 304   2      //                F_FilterOutTime = 2;
 305   2      //            }
 306   2      //            if(work3_hour>=SET_WORK3_HOUR)//第一组滤芯
 307   2      //            {
 308   2      //                F_FilterOutTime = 3;
 309   2      //            }
 310   2      //            if(work4_hour>=SET_WORK4_HOUR)//第二组滤芯
 311   2      //            {
 312   2      //                F_FilterOutTime = 4;
 313   2      //            }
 314   2      //            
 315   2      //            if(F_FilterOutTime != 0)
 316   2      //            {
 317   2      //                if(F_BEEP2 == 0)
 318   2      //                {
 319   2      //                    F_BEEP2 = 1;
 320   2      //                    speek_duo(150,50,10);
 321   2      //                }
 322   2      //            }
 323   2      //            else
 324   2      //            {
 325   2      //                F_BEEP2 = 0;
 326   2      //            }
 327   2      //        }
 328   2              
 329   2              
 330   2          }
 331   1      }
 332          
 333          static void Scan_xMIN(void)
 334          {
 335   1          if(F_1MIN == 1)
 336   1          {
 337   2              F_1MIN = 0;
 338   2              
 339   2              if(F_WaterProduction == 1)
 340   2              {
 341   3                  if(++F_WaterProduction_CNT1>=10)
 342   3                  {
 343   4                      F_WaterProduction_CNT1 = 0;
 344   4                      F_WashAccumulateWork_10min = 1;
 345   4                  }
 346   3                  
 347   3                  if(++F_WaterProduction_CNT2>=120)
 348   3                  {
 349   4                      F_WaterProduction_CNT2 = 0;
 350   4                      F_ZHISHUICHAOSHI = 1;
 351   4                      speek_duo(150,50,5);
 352   4                  }
 353   3                  
 354   3                  if(++work_10min>=10)  //每10min存储1次滤芯寿命时间
 355   3                  {
 356   4                      work_10min = 0;
 357   4                      if(++work_10min>=6)
 358   4                      {
 359   5                          work_10min = 0; 
 360   5                          work1_hour++ ;
C51 COMPILER V9.00   FUN_HANDLE                                                            04/15/2024 19:40:39 PAGE 7   

 361   5                          work2_hour++ ; 
 362   5                          work3_hour++ ;
 363   5                          work4_hour++ ;
 364   5                      } 
 365   4                      EEPROM_WRITE() ; 
 366   4                  }
 367   3                      
 368   3              }
 369   2              else
 370   2              {
 371   3                  F_WaterProduction_CNT2 = 0;
 372   3              }
 373   2          }
 374   1      }
 375          
 376          
 377          static void Scan_xHour(void)
 378          {
 379   1          if(F_1HOUR == 1)
 380   1          {
 381   2              F_1HOUR = 0;
 382   2              if(F_WaterProduction == 0)
 383   2              {
 384   3                  if(++F_WaterFull_CNT>=4)
 385   3                  {
 386   4                      F_WaterFull_CNT = 0;
 387   4                      F_WashAccumulateFull_4h = 1;
 388   4                  }
 389   3              }
 390   2              
 391   2          }
 392   1      }
 393          //===============================================================================
 394          void Fun_Handle(void)
 395          {
 396   1          CLR_WDT;
 397   1          TIMER_SCAN();  //定时器基数，分出 1ms、10ms、100ms、500ms、1s、1min、1h
 398   1          JudgeOneStringEnd();
 399   1          
 400   1          Scan_10ms();
 401   1          Scan_100ms();
 402   1          Scan_500ms();
 403   1          Scan_xSEC();
 404   1          Scan_xMIN();
 405   1          Scan_xHour();
 406   1      }


MODULE INFORMATION:   STATIC OVERLAYABLE
   CODE SIZE        =    590    ----
   CONSTANT SIZE    =   ----    ----
   XDATA SIZE       =      6    ----
   PDATA SIZE       =   ----    ----
   DATA SIZE        =      5    ----
   IDATA SIZE       =   ----    ----
   BIT SIZE         =     14    ----
END OF MODULE INFORMATION.


C51 COMPILATION COMPLETE.  0 WARNING(S),  0 ERROR(S)
