BL51 BANKED LINKER/LOCATER V6.22                                                        04/15/2024  19:40:39  PAGE 1


BL51 BANKED LINKER/LOCATER V6.22, INVOKED BY:
F:\KEIL5\C51\BIN\BL51.EXE .\Output\STARTUP.obj, .\Output\Main.obj, .\Output\HC89F30xC_GeneralKey_Touch_Auxiliary.obj, .\
>> Output\HC89F30xC_GeneralKey_Touch_Lib_CFG.obj, ..\..\Libraries\HC89F30xC_GeneralKey_Touch_Lib_V3.01\HC89F30xC_General
>> Key_Touch_Lib_V3.01.LIB, .\Output\HC89F30xC_TouchUartDebug_Lib_CFG.obj, ..\..\Libraries\HC89F30xC_TouchUartDebug_Lib_
>> V2.00\HC89F30xC_TouchUartDebug_Lib_V2.00.LIB, .\Output\HC89F30xC_IO_INIT.obj, .\Output\HC89F30xC_ISR.obj, .\Output\HC
>> 89F30xC_PORT_MAP.obj, .\Output\HC89F30xC_SYS.obj, .\Output\Buzzer_Driver.obj, .\Output\display.obj, .\Output\TM1652.o
>> bj, .\Output\WDT.obj, .\Output\TIMER.obj, .\Output\E2PROM_R_W.obj, .\Output\AD_TDS.obj, .\Output\Fun_Handle.obj, .\Ou
>> tput\KEY.obj, .\Output\USART.obj TO .\Output\HC89F30xC_Touch_Library_Code PRINT (.\List\HC89F30xC_Touch_Library_Code.
>> m51) RAMSIZE (256) DISABLEWARNING (16, 57)


MEMORY MODEL: SMALL WITH FLOATING POINT ARITHMETIC


INPUT MODULES INCLUDED:
  .\Output\STARTUP.obj (?C_STARTUP)
  .\Output\Main.obj (MAIN)
  .\Output\HC89F30xC_GeneralKey_Touch_Auxiliary.obj (HC89F30XC_GENERALKEY_TOUCH_AUXILIARY)
  .\Output\HC89F30xC_GeneralKey_Touch_Lib_CFG.obj (HC89F30XC_GENERALKEY_TOUCH_LIB_CFG)
  ..\..\Libraries\HC89F30xC_GeneralKey_Touch_Lib_V3.01\HC89F30xC_GeneralKey_Touch_Lib_V3.01.LIB (HC89F30XC_GENERALKEY_TO
>> UCH_LIB)
  .\Output\HC89F30xC_TouchUartDebug_Lib_CFG.obj (HC89F30XC_TOUCHUARTDEBUG_LIB_CFG)
  .\Output\HC89F30xC_IO_INIT.obj (HC89F30XC_IO_INIT)
  .\Output\HC89F30xC_ISR.obj (HC89F30XC_ISR)
  .\Output\HC89F30xC_PORT_MAP.obj (HC89F30XC_PORT_MAP)
  .\Output\HC89F30xC_SYS.obj (HC89F30XC_SYS)
  .\Output\Buzzer_Driver.obj (BUZZER_DRIVER)
  .\Output\display.obj (DISPLAY)
  .\Output\TM1652.obj (TM1652)
  .\Output\WDT.obj (WDT)
  .\Output\TIMER.obj (TIMER)
  .\Output\E2PROM_R_W.obj (E2PROM_R_W)
  .\Output\AD_TDS.obj (AD_TDS)
  .\Output\Fun_Handle.obj (FUN_HANDLE)
  .\Output\KEY.obj (KEY)
  .\Output\USART.obj (USART)
  F:\KEIL5\C51\LIB\C51FPS.LIB (?C?FPADD)
  F:\KEIL5\C51\LIB\C51FPS.LIB (?C?FPMUL)
  F:\KEIL5\C51\LIB\C51FPS.LIB (?C?FCAST)
  F:\KEIL5\C51\LIB\C51FPS.LIB (?C?CASTF)
  F:\KEIL5\C51\LIB\C51FPS.LIB (?C?FPGETOPN)
  F:\KEIL5\C51\LIB\C51S.LIB (?C_INIT)
  F:\KEIL5\C51\LIB\C51S.LIB (?C?CLDPTR)
  F:\KEIL5\C51\LIB\C51S.LIB (?C?CLDOPTR)
  F:\KEIL5\C51\LIB\C51S.LIB (?C?CSTPTR)
  F:\KEIL5\C51\LIB\C51S.LIB (?C?IMUL)
  F:\KEIL5\C51\LIB\C51S.LIB (?C?UIDIV)
  F:\KEIL5\C51\LIB\C51S.LIB (?C?SIDIV)
  F:\KEIL5\C51\LIB\C51S.LIB (?C?IILDX)
  F:\KEIL5\C51\LIB\C51S.LIB (?C?ULDIV)
  F:\KEIL5\C51\LIB\C51S.LIB (?C?LNOT)
  F:\KEIL5\C51\LIB\C51S.LIB (?C?LNEG)
  F:\KEIL5\C51\LIB\C51S.LIB (?C?ULCMP)
  F:\KEIL5\C51\LIB\C51S.LIB (?C?LSHL)
  F:\KEIL5\C51\LIB\C51S.LIB (?C?LSTXDATA)
  F:\KEIL5\C51\LIB\C51S.LIB (?C?LIMUL)


BL51 BANKED LINKER/LOCATER V6.22                                                      04/15/2024  19:40:39  PAGE 2


LINK MAP OF MODULE:  .\Output\HC89F30xC_Touch_Library_Code (?C_STARTUP)


            TYPE    BASE      LENGTH    RELOCATION   SEGMENT NAME
            -----------------------------------------------------

            * * * * * * *   D A T A   M E M O R Y   * * * * * * *
            REG     0000H     0008H     ABSOLUTE     "REG BANK 0"
            DATA    0008H     0017H     UNIT         ?DT?AD_TDS
                    001FH     0001H                  *** GAP ***
            BIT     0020H.0   0001H.6   UNIT         ?BI?FUN_HANDLE
            BIT     0021H.6   0001H.0   UNIT         ?BI?TIMER
            BIT     0022H.6   0000H.5   UNIT         ?BI?BUZZER_DRIVER
            BIT     0023H.3   0000H.4   UNIT         ?BI?HC89F30XC_GENERALKEY_TOUCH_LIB
            BIT     0023H.7   0000H.3   UNIT         ?BI?KEY
            BIT     0024H.2   0000H.2   UNIT         _BIT_GROUP_
            BIT     0024H.4   0000H.1   UNIT         ?BI?USART
                    0024H.5   0000H.3                *** GAP ***
            DATA    0025H     0020H     UNIT         ?DT?DISPLAY
            DATA    0045H     000CH     UNIT         _DATA_GROUP_
            DATA    0051H     0008H     UNIT         ?DT?HC89F30XC_GENERALKEY_TOUCH_LIB
            DATA    0059H     0008H     UNIT         ?DT?USART
            DATA    0061H     0007H     UNIT         ?DT?KEY
            DATA    0068H     0005H     UNIT         ?DT?FUN_HANDLE
            DATA    006DH     0004H     UNIT         ?DT?TDS_YS_READ?AD_TDS
            DATA    0071H     0004H     UNIT         ?DT?TDS_RO_READ?AD_TDS
            DATA    0075H     0004H     UNIT         ?DT?_KEY_HANDLE?KEY
            IDATA   0079H     0001H     UNIT         ?STACK

            * * * * * * *  X D A T A   M E M O R Y  * * * * * * *
            XDATA   0000H     0078H     UNIT         ?XD?AD_TDS
            XDATA   0078H     0067H     UNIT         ?XD?USART
            XDATA   00DFH     0026H     UNIT         ?XD?HC89F30XC_GENERALKEY_TOUCH_LIB_CFG
            XDATA   0105H     0020H     UNIT         ?XD?E2PROM_R_W
            XDATA   0125H     0012H     UNIT         ?XD?TIMER
            XDATA   0137H     0008H     UNIT         ?XD?KEY
            XDATA   013FH     0006H     UNIT         ?XD?FUN_HANDLE
            XDATA   0145H     0005H     UNIT         ?XD?BUZZER_DRIVER
            XDATA   014AH     0004H     UNIT         ?XD?HC89F30XC_GENERALKEY_TOUCH_LIB
            XDATA   014EH     0002H     UNIT         _XDATA_GROUP_
                    0150H     FD29H                  *** GAP ***
            XDATA   FE79H     0001H     ABSOLUTE     
            XDATA   FE7AH     0001H     ABSOLUTE     
            XDATA   FE7BH     0001H     ABSOLUTE     
                    FE7CH     0004H                  *** GAP ***
            XDATA   FE80H     0001H     ABSOLUTE     
                    FE81H     0010H                  *** GAP ***
            XDATA   FE91H     0001H     ABSOLUTE     
            XDATA   FE92H     0001H     ABSOLUTE     
            XDATA   FE93H     0001H     ABSOLUTE     
            XDATA   FE94H     0001H     ABSOLUTE     
            XDATA   FE95H     0001H     ABSOLUTE     
                    FE96H     0005H                  *** GAP ***
            XDATA   FE9BH     0001H     ABSOLUTE     
            XDATA   FE9CH     0001H     ABSOLUTE     
                    FE9DH     0003H                  *** GAP ***
            XDATA   FEA0H     0001H     ABSOLUTE     
BL51 BANKED LINKER/LOCATER V6.22                                                      04/15/2024  19:40:39  PAGE 3


                    FEA1H     0003H                  *** GAP ***
            XDATA   FEA4H     0001H     ABSOLUTE     
            XDATA   FEA5H     0001H     ABSOLUTE     
                    FEA6H     0004H                  *** GAP ***
            XDATA   FEAAH     0001H     ABSOLUTE     
                    FEABH     0005H                  *** GAP ***
            XDATA   FEB0H     0001H     ABSOLUTE     
                    FEB1H     0003H                  *** GAP ***
            XDATA   FEB4H     0001H     ABSOLUTE     
                    FEB5H     0005H                  *** GAP ***
            XDATA   FEBAH     0001H     ABSOLUTE     
            XDATA   FEBBH     0001H     ABSOLUTE     
            XDATA   FEBCH     0001H     ABSOLUTE     
            XDATA   FEBDH     0001H     ABSOLUTE     
            XDATA   FEBEH     0001H     ABSOLUTE     
                    FEBFH     0041H                  *** GAP ***
            XDATA   FF00H     0001H     ABSOLUTE     
            XDATA   FF01H     0001H     ABSOLUTE     
            XDATA   FF02H     0001H     ABSOLUTE     
            XDATA   FF03H     0001H     ABSOLUTE     
            XDATA   FF04H     0001H     ABSOLUTE     
            XDATA   FF05H     0001H     ABSOLUTE     
            XDATA   FF06H     0001H     ABSOLUTE     
            XDATA   FF07H     0001H     ABSOLUTE     
            XDATA   FF08H     0001H     ABSOLUTE     
            XDATA   FF09H     0001H     ABSOLUTE     
            XDATA   FF0AH     0001H     ABSOLUTE     
            XDATA   FF0BH     0001H     ABSOLUTE     
            XDATA   FF0CH     0001H     ABSOLUTE     
            XDATA   FF0DH     0001H     ABSOLUTE     
            XDATA   FF0EH     0001H     ABSOLUTE     
            XDATA   FF0FH     0001H     ABSOLUTE     
            XDATA   FF10H     0001H     ABSOLUTE     
            XDATA   FF11H     0001H     ABSOLUTE     
            XDATA   FF12H     0001H     ABSOLUTE     
            XDATA   FF13H     0001H     ABSOLUTE     
            XDATA   FF14H     0001H     ABSOLUTE     
            XDATA   FF15H     0001H     ABSOLUTE     
            XDATA   FF16H     0001H     ABSOLUTE     
            XDATA   FF17H     0001H     ABSOLUTE     
                    FF18H     0004H                  *** GAP ***
            XDATA   FF1CH     0001H     ABSOLUTE     
            XDATA   FF1DH     0001H     ABSOLUTE     
                    FF1EH     0062H                  *** GAP ***
            XDATA   FF80H     0001H     ABSOLUTE     
            XDATA   FF81H     0001H     ABSOLUTE     
                    FF82H     0001H                  *** GAP ***
            XDATA   FF83H     0001H     ABSOLUTE     
            XDATA   FF84H     0001H     ABSOLUTE     
                    FF85H     000AH                  *** GAP ***
            XDATA   FF8FH     0001H     ABSOLUTE     
            XDATA   FF90H     0001H     ABSOLUTE     
            XDATA   FF91H     0001H     ABSOLUTE     
                    FF92H     000AH                  *** GAP ***
            XDATA   FF9CH     0001H     ABSOLUTE     
                    FF9DH     0003H                  *** GAP ***
            XDATA   FFA0H     0001H     ABSOLUTE     
BL51 BANKED LINKER/LOCATER V6.22                                                      04/15/2024  19:40:39  PAGE 4


            XDATA   FFA1H     0001H     ABSOLUTE     
            XDATA   FFA2H     0001H     ABSOLUTE     
            XDATA   FFA3H     0001H     ABSOLUTE     
            XDATA   FFA4H     0001H     ABSOLUTE     
            XDATA   FFA5H     0001H     ABSOLUTE     
            XDATA   FFA6H     0001H     ABSOLUTE     
            XDATA   FFA7H     0001H     ABSOLUTE     

            * * * * * * *   C O D E   M E M O R Y   * * * * * * *
            CODE    0000H     0003H     ABSOLUTE     
            CODE    0003H     0006H     UNIT         ?PR?SCAN_500MS?FUN_HANDLE
            CODE    0009H     0001H     UNIT         ?PR?TOUCHMULTIBUTTONHANDLE?HC89F30XC_GENERALKEY_TOUCH_AUXILIARY
            CODE    000AH     0001H     UNIT         ?CO?HC89F30XC_GENERALKEY_TOUCH_LIB
            CODE    000BH     0003H     ABSOLUTE     
            CODE    000EH     000BH     UNIT         ?PR?_DELAY_US?TIMER
            CODE    0019H     0001H     UNIT         ?PR?ISR_TIMER0?HC89F30XC_ISR
            CODE    001AH     0001H     UNIT         ?PR?TIMR0_ISR_HANDLE?TIMER
            CODE    001BH     0003H     ABSOLUTE     
                    001EH     0005H                  *** GAP ***
            CODE    0023H     0003H     ABSOLUTE     
            CODE    0026H     004BH     UNIT         ?PR?SENSORFINDNEXT?HC89F30XC_GENERALKEY_TOUCH_LIB
                    0071H     0002H                  *** GAP ***
            CODE    0073H     0003H     ABSOLUTE     
            CODE    0076H     050EH     UNIT         ?C?LIB_CODE
            CODE    0584H     04DFH     UNIT         ?PR?TDS_YS_READ?AD_TDS
            CODE    0A63H     03FAH     UNIT         ?PR?_RENOVATE?HC89F30XC_GENERALKEY_TOUCH_LIB
            CODE    0E5DH     02F8H     UNIT         ?PR?SENSORADJUST?HC89F30XC_GENERALKEY_TOUCH_LIB
            CODE    1155H     0170H     UNIT         ?C_INITSEG
            CODE    12C5H     016FH     UNIT         ?PR?TDS_RO_READ?AD_TDS
            CODE    1434H     014BH     UNIT         ?PR?_KEY_HANDLE?KEY
            CODE    157FH     0115H     UNIT         ?PR?CURRENTSOURCEINIT?HC89F30XC_GENERALKEY_TOUCH_LIB
            CODE    1694H     00B8H     UNIT         ?PR?CTK_INIT?HC89F30XC_GENERALKEY_TOUCH_LIB
            CODE    174CH     00B8H     UNIT         ?PR?EEPROM_INIT?E2PROM_R_W
            CODE    1804H     00A3H     UNIT         ?PR?TIMER_SCAN?TIMER
            CODE    18A7H     009FH     UNIT         ?PR?DIS_MANAGE?DISPLAY
            CODE    1946H     009AH     UNIT         ?C_C51STARTUP
            CODE    19E0H     0089H     UNIT         ?PR?SCAN_XMIN?FUN_HANDLE
            CODE    1A69H     0085H     UNIT         ?PR?IO_INIT?HC89F30XC_IO_INIT
            CODE    1AEEH     007EH     UNIT         ?PR?EEPROM_WRITE?E2PROM_R_W
            CODE    1B6CH     007DH     UNIT         ?CO?HC89F30XC_GENERALKEY_TOUCH_LIB_CFG
            CODE    1BE9H     007AH     UNIT         ?PR?MAIN?MAIN
            CODE    1C63H     0075H     UNIT         ?PR?YALI_SW_CHECK?FUN_HANDLE
            CODE    1CD8H     0071H     UNIT         ?PR?_JUDGETHERECEIVEDATA?USART
            CODE    1D49H     0068H     UNIT         ?PR?CHECK_LEAK?AD_TDS
            CODE    1DB1H     0056H     UNIT         ?PR?DISPLAY?DISPLAY
            CODE    1E07H     004FH     UNIT         ?PR?SPEEK_MANAGE0?BUZZER_DRIVER
            CODE    1E56H     004FH     UNIT         ?PR?DIS_TO_MAIN_SEND?USART
            CODE    1EA5H     0049H     UNIT         ?PR?_TM1652_SEND_DATA?TM1652
            CODE    1EEEH     0044H     UNIT         ?PR?_FLASH_WRITEARR?E2PROM_R_W
            CODE    1F32H     0041H     UNIT         ?PR?CTK_ISR_HANDLE?HC89F30XC_GENERALKEY_TOUCH_LIB
            CODE    1F73H     003BH     UNIT         ?PR?ISR_CTK?HC89F30XC_ISR
            CODE    1FAEH     003BH     UNIT         ?PR?ISR_TIMER1?HC89F30XC_ISR
            CODE    1FE9H     003BH     UNIT         ?PR?RO_CLEAN_CHECK?FUN_HANDLE
            CODE    2024H     0039H     UNIT         ?PR?BASELINERESET?HC89F30XC_GENERALKEY_TOUCH_LIB
            CODE    205DH     0037H     UNIT         ?PR?_FLASH_READARR1?E2PROM_R_W
            CODE    2094H     0032H     UNIT         ?PR?_DELAY_1MS?TM1652
            CODE    20C6H     0030H     UNIT         ?PR?TM1652_INIT?TM1652
BL51 BANKED LINKER/LOCATER V6.22                                                      04/15/2024  19:40:39  PAGE 5


            CODE    20F6H     0030H     UNIT         ?PR?RO_SYS_WORK?FUN_HANDLE
            CODE    2126H     002FH     UNIT         ?PR?TOUCHRAWDATAFILTER?HC89F30XC_GENERALKEY_TOUCH_AUXILIARY
            CODE    2155H     002FH     UNIT         ?PR?UART1_RPT?HC89F30XC_ISR
            CODE    2184H     002DH     UNIT         ?PR?SETACCESSINDEXES?HC89F30XC_GENERALKEY_TOUCH_LIB
            CODE    21B1H     002DH     UNIT         ?PR?UARTINIT?USART
            CODE    21DEH     0029H     UNIT         ?PR?RO_SIGN_CHULI?FUN_HANDLE
            CODE    2207H     0027H     UNIT         ?PR?SCAN_100MS?FUN_HANDLE
            CODE    222EH     0024H     UNIT         ?PR?TOUCH_SIGNAL_HANDLE?HC89F30XC_GENERALKEY_TOUCH_LIB
            CODE    2252H     0024H     UNIT         ?PR?_FLASH_WRITEDATA?E2PROM_R_W
            CODE    2276H     0022H     UNIT         ?PR?_FLASH_ERASEBLOCK?E2PROM_R_W
            CODE    2298H     001FH     UNIT         ?PR?AD_INIT?HC89F30XC_IO_INIT
            CODE    22B7H     001CH     UNIT         ?PR?_UART_SENDDATA?USART
            CODE    22D3H     001BH     UNIT         ?PR?FUN_HANDLE?FUN_HANDLE
            CODE    22EEH     001AH     UNIT         ?PR?PARAMHANDLEINIT?FUN_HANDLE
            CODE    2308H     0019H     UNIT         ?PR?_SPEEK_DUO?BUZZER_DRIVER
            CODE    2321H     0019H     UNIT         ?PR?TIMR1_ISR_HANDLE?TIMER
            CODE    233AH     0019H     UNIT         ?PR?JUDGEONESTRINGEND?USART
            CODE    2353H     0018H     UNIT         ?PR?SCAN_XSEC?FUN_HANDLE
            CODE    236BH     0018H     UNIT         ?PR?SCAN_XHOUR?FUN_HANDLE
            CODE    2383H     0017H     UNIT         ?PR?_SPEEK_DAN0?BUZZER_DRIVER
            CODE    239AH     0017H     UNIT         ?PR?CONTROL_DISPLAY?TM1652
            CODE    23B1H     0016H     UNIT         ?PR?SYSTEMINIT?HC89F30XC_SYS
            CODE    23C7H     0016H     UNIT         ?PR?TIMER0_INIT?TIMER
            CODE    23DDH     0016H     UNIT         ?PR?TIMER1_INIT?TIMER
            CODE    23F3H     0015H     UNIT         ?PR?_DELAY_MS?TIMER
            CODE    2408H     0015H     UNIT         ?PR?PARAMKEYINIT?KEY
            CODE    241DH     0013H     UNIT         ?PR?SCAN_CONTINUE?HC89F30XC_GENERALKEY_TOUCH_LIB
            CODE    2430H     0012H     UNIT         ?PR?WORKPRO?FUN_HANDLE
            CODE    2442H     0012H     UNIT         ?PR?CLEARBUFFER?USART
            CODE    2454H     0011H     UNIT         ?PR?PARAMTIMTINIT?TIMER
            CODE    2465H     000FH     UNIT         ?PR?SCAN_10MS?FUN_HANDLE
            CODE    2474H     000BH     UNIT         ?PR?_UART_SENDCHAR?USART
            CODE    247FH     000AH     UNIT         ?PR?SCAN_PAUSE?HC89F30XC_GENERALKEY_TOUCH_LIB
            CODE    2489H     000AH     UNIT         ?PR?WDT_INIT?WDT
            CODE    2493H     0009H     UNIT         ?PR?SCAN_CONTINUE_INSIDE?HC89F30XC_GENERALKEY_TOUCH_LIB
            CODE    249CH     0009H     UNIT         ?PR?PARAMINIT?FUN_HANDLE



OVERLAY MAP OF MODULE:   .\Output\HC89F30xC_Touch_Library_Code (?C_STARTUP)


SEGMENT                                             BIT_GROUP          DATA_GROUP          XDATA_GROUP
  +--> CALLED SEGMENT                            START    LENGTH     START    LENGTH     START    LENGTH
--------------------------------------------------------------------------------------------------------
?C_C51STARTUP                                    -----    -----      -----    -----      -----    -----
  +--> ?PR?MAIN?MAIN
  +--> ?C_INITSEG

?PR?MAIN?MAIN                                    -----    -----      -----    -----      -----    -----
  +--> ?PR?SYSTEMINIT?HC89F30XC_SYS
  +--> ?PR?IO_INIT?HC89F30XC_IO_INIT
  +--> ?PR?TM1652_INIT?TM1652
  +--> ?PR?EEPROM_INIT?E2PROM_R_W
  +--> ?PR?PARAMINIT?FUN_HANDLE
  +--> ?PR?TIMER0_INIT?TIMER
  +--> ?PR?TIMER1_INIT?TIMER
BL51 BANKED LINKER/LOCATER V6.22                                                      04/15/2024  19:40:39  PAGE 6


  +--> ?PR?AD_INIT?HC89F30XC_IO_INIT
  +--> ?PR?CTK_INIT?HC89F30XC_GENERALKEY_TOU...
  +--> ?PR?WDT_INIT?WDT
  +--> ?PR?_SPEEK_DAN0?BUZZER_DRIVER
  +--> ?PR?UARTINIT?USART
  +--> ?PR?TOUCH_SIGNAL_HANDLE?HC89F30XC_GEN...
  +--> ?PR?FUN_HANDLE?FUN_HANDLE

?PR?TM1652_INIT?TM1652                           -----    -----      -----    -----      -----    -----
  +--> ?PR?_TM1652_SEND_DATA?TM1652
  +--> ?PR?_DELAY_1MS?TM1652
  +--> ?PR?CONTROL_DISPLAY?TM1652

?PR?_TM1652_SEND_DATA?TM1652                     -----    -----      0046H    0003H      -----    -----
  +--> ?PR?_DELAY_US?TIMER

?PR?_DELAY_1MS?TM1652                            -----    -----      0046H    0002H      -----    -----
  +--> ?PR?_DELAY_US?TIMER

?PR?CONTROL_DISPLAY?TM1652                       -----    -----      0045H    0001H      -----    -----
  +--> ?PR?_TM1652_SEND_DATA?TM1652
  +--> ?PR?_DELAY_1MS?TM1652

?PR?EEPROM_INIT?E2PROM_R_W                       -----    -----      -----    -----      -----    -----
  +--> ?PR?_FLASH_READARR1?E2PROM_R_W
  +--> ?PR?EEPROM_WRITE?E2PROM_R_W

?PR?_FLASH_READARR1?E2PROM_R_W                   -----    -----      0045H    0005H      -----    -----

?PR?EEPROM_WRITE?E2PROM_R_W                      -----    -----      -----    -----      -----    -----
  +--> ?PR?_FLASH_ERASEBLOCK?E2PROM_R_W
  +--> ?PR?_FLASH_WRITEARR?E2PROM_R_W

?PR?_FLASH_WRITEARR?E2PROM_R_W                   -----    -----      0045H    0006H      -----    -----
  +--> ?PR?_FLASH_WRITEDATA?E2PROM_R_W

?PR?PARAMINIT?FUN_HANDLE                         -----    -----      -----    -----      -----    -----
  +--> ?PR?PARAMTIMTINIT?TIMER
  +--> ?PR?PARAMHANDLEINIT?FUN_HANDLE
  +--> ?PR?PARAMKEYINIT?KEY

?PR?AD_INIT?HC89F30XC_IO_INIT                    -----    -----      -----    -----      -----    -----
  +--> ?PR?_DELAY_US?TIMER

?PR?CTK_INIT?HC89F30XC_GENERALKEY_TOU...         -----    -----      0045H    0001H      -----    -----
  +--> ?CO?HC89F30XC_GENERALKEY_TOUCH_LIB_CFG
  +--> ?PR?SETACCESSINDEXES?HC89F30XC_GENERA...
  +--> ?PR?SENSORFINDNEXT?HC89F30XC_GENERALK...
  +--> ?PR?SCAN_CONTINUE_INSIDE?HC89F30XC_GE...
  +--> ?PR?TOUCHRAWDATAFILTER?HC89F30XC_GENE...
  +--> ?PR?CURRENTSOURCEINIT?HC89F30XC_GENER...
  +--> ?PR?BASELINERESET?HC89F30XC_GENERALKE...

?PR?SETACCESSINDEXES?HC89F30XC_GENERA...         -----    -----      -----    -----      -----    -----
  +--> ?CO?HC89F30XC_GENERALKEY_TOUCH_LIB_CFG

?PR?SENSORFINDNEXT?HC89F30XC_GENERALK...         -----    -----      -----    -----      -----    -----
BL51 BANKED LINKER/LOCATER V6.22                                                      04/15/2024  19:40:39  PAGE 7


  +--> ?CO?HC89F30XC_GENERALKEY_TOUCH_LIB_CFG

?PR?CURRENTSOURCEINIT?HC89F30XC_GENER...         -----    -----      -----    -----      014EH    0002H
  +--> ?CO?HC89F30XC_GENERALKEY_TOUCH_LIB_CFG
  +--> ?PR?SCAN_CONTINUE_INSIDE?HC89F30XC_GE...

?PR?BASELINERESET?HC89F30XC_GENERALKE...         -----    -----      -----    -----      -----    -----
  +--> ?CO?HC89F30XC_GENERALKEY_TOUCH_LIB_CFG

?PR?TOUCH_SIGNAL_HANDLE?HC89F30XC_GEN...         -----    -----      0045H    0001H      -----    -----
  +--> ?PR?SCAN_PAUSE?HC89F30XC_GENERALKEY_T...
  +--> ?PR?TOUCHRAWDATAFILTER?HC89F30XC_GENE...
  +--> ?CO?HC89F30XC_GENERALKEY_TOUCH_LIB_CFG
  +--> ?PR?_RENOVATE?HC89F30XC_GENERALKEY_TO...
  +--> ?PR?TOUCHMULTIBUTTONHANDLE?HC89F30XC_...
  +--> ?PR?SCAN_CONTINUE_INSIDE?HC89F30XC_GE...

?PR?_RENOVATE?HC89F30XC_GENERALKEY_TO...         0024H.2  0000H.2    0046H    0009H      -----    -----
  +--> ?CO?HC89F30XC_GENERALKEY_TOUCH_LIB_CFG

?PR?FUN_HANDLE?FUN_HANDLE                        -----    -----      -----    -----      -----    -----
  +--> ?PR?TIMER_SCAN?TIMER
  +--> ?PR?JUDGEONESTRINGEND?USART
  +--> ?PR?SCAN_10MS?FUN_HANDLE
  +--> ?PR?SCAN_100MS?FUN_HANDLE
  +--> ?PR?SCAN_500MS?FUN_HANDLE
  +--> ?PR?SCAN_XSEC?FUN_HANDLE
  +--> ?PR?SCAN_XMIN?FUN_HANDLE
  +--> ?PR?SCAN_XHOUR?FUN_HANDLE

?PR?JUDGEONESTRINGEND?USART                      -----    -----      -----    -----      -----    -----
  +--> ?PR?_JUDGETHERECEIVEDATA?USART
  +--> ?PR?CLEARBUFFER?USART

?PR?_JUDGETHERECEIVEDATA?USART                   -----    -----      0045H    0003H      -----    -----
  +--> ?PR?_DELAY_MS?TIMER

?PR?_DELAY_MS?TIMER                              -----    -----      -----    -----      -----    -----
  +--> ?PR?_DELAY_US?TIMER

?PR?SCAN_10MS?FUN_HANDLE                         -----    -----      -----    -----      -----    -----
  +--> ?PR?YALI_SW_CHECK?FUN_HANDLE
  +--> ?PR?CHECK_LEAK?AD_TDS
  +--> ?PR?RO_SYS_WORK?FUN_HANDLE

?PR?CHECK_LEAK?AD_TDS                            -----    -----      -----    -----      -----    -----
  +--> ?PR?_DELAY_US?TIMER
  +--> ?PR?_SPEEK_DUO?BUZZER_DRIVER

?PR?SCAN_100MS?FUN_HANDLE                        -----    -----      -----    -----      -----    -----
  +--> ?PR?DISPLAY?DISPLAY
  +--> ?PR?DIS_MANAGE?DISPLAY
  +--> ?PR?WORKPRO?FUN_HANDLE
  +--> ?PR?RO_CLEAN_CHECK?FUN_HANDLE
  +--> ?PR?RO_SIGN_CHULI?FUN_HANDLE

?PR?DISPLAY?DISPLAY                              -----    -----      -----    -----      -----    -----
BL51 BANKED LINKER/LOCATER V6.22                                                      04/15/2024  19:40:39  PAGE 8


  +--> ?PR?_TM1652_SEND_DATA?TM1652
  +--> ?PR?_DELAY_1MS?TM1652
  +--> ?PR?CONTROL_DISPLAY?TM1652

?PR?RO_SIGN_CHULI?FUN_HANDLE                     -----    -----      -----    -----      -----    -----
  +--> ?PR?_SPEEK_DUO?BUZZER_DRIVER

?PR?SCAN_XMIN?FUN_HANDLE                         -----    -----      -----    -----      -----    -----
  +--> ?PR?_SPEEK_DUO?BUZZER_DRIVER
  +--> ?PR?EEPROM_WRITE?E2PROM_R_W

*** NEW ROOT ***************************************************

?PR?ISR_CTK?HC89F30XC_ISR                        -----    -----      -----    -----      -----    -----
  +--> ?PR?CTK_ISR_HANDLE?HC89F30XC_GENERALK...

?PR?CTK_ISR_HANDLE?HC89F30XC_GENERALK...         -----    -----      -----    -----      -----    -----
  +--> ?CO?HC89F30XC_GENERALKEY_TOUCH_LIB_CFG
  +--> ?PR?SENSORFINDNEXT?HC89F30XC_GENERALK...
  +--> ?PR?SENSORADJUST?HC89F30XC_GENERALKEY...

?PR?SENSORADJUST?HC89F30XC_GENERALKEY...         -----    -----      004FH    0002H      -----    -----
  +--> ?CO?HC89F30XC_GENERALKEY_TOUCH_LIB_CFG
  +--> ?PR?SENSORFINDNEXT?HC89F30XC_GENERALK...

*** NEW ROOT ***************************************************

?PR?ISR_TIMER1?HC89F30XC_ISR                     -----    -----      -----    -----      -----    -----
  +--> ?PR?TIMR1_ISR_HANDLE?TIMER



SYMBOL TABLE OF MODULE:  .\Output\HC89F30xC_Touch_Library_Code (?C_STARTUP)

  VALUE           TYPE          NAME
  ----------------------------------

  -------         MODULE        ?C_STARTUP
  C:1946H         SEGMENT       ?C_C51STARTUP
  I:0079H         SEGMENT       ?STACK
  C:0000H         PUBLIC        ?C_STARTUP
  D:00E0H         SYMBOL        ACC
  D:00F0H         SYMBOL        B
  D:0083H         SYMBOL        DPH
  D:0082H         SYMBOL        DPL
  N:0000H         SYMBOL        IBPSTACK
  N:0100H         SYMBOL        IBPSTACKTOP
  N:0100H         SYMBOL        IDATALEN
  C:1949H         SYMBOL        IDATALOOP
  N:0000H         SYMBOL        PBPSTACK
  N:0100H         SYMBOL        PBPSTACKTOP
  N:0000H         SYMBOL        PDATALEN
  N:0000H         SYMBOL        PDATASTART
  N:0000H         SYMBOL        PPAGE
  N:0000H         SYMBOL        PPAGEENABLE
  D:00A0H         SYMBOL        PPAGE_SFR
  D:0081H         SYMBOL        SP
BL51 BANKED LINKER/LOCATER V6.22                                                      04/15/2024  19:40:39  PAGE 9


  C:1946H         SYMBOL        STARTUP1
  N:0000H         SYMBOL        XBPSTACK
  N:0000H         SYMBOL        XBPSTACKTOP
  N:0400H         SYMBOL        XDATALEN
  C:1954H         SYMBOL        XDATALOOP
  N:0000H         SYMBOL        XDATASTART
  C:0000H         LINE#         126
  C:1946H         LINE#         133
  C:1948H         LINE#         134
  C:1949H         LINE#         135
  C:194AH         LINE#         136
  C:194CH         LINE#         140
  C:194FH         LINE#         141
  C:1951H         LINE#         145
  C:1953H         LINE#         147
  C:1954H         LINE#         148
  C:1955H         LINE#         149
  C:1956H         LINE#         150
  C:1958H         LINE#         151
  C:195AH         LINE#         185
  C:195DH         LINE#         196
  -------         ENDMOD        ?C_STARTUP

  -------         MODULE        MAIN
  C:0000H         SYMBOL        _ICE_DUMMY_
  X:FF08H         PUBLIC        P1M0
  X:FF01H         PUBLIC        P0M1
  X:FF10H         PUBLIC        P2M0
  X:FF09H         PUBLIC        P1M1
  X:FF02H         PUBLIC        P0M2
  D:0080H         PUBLIC        P0
  X:FF11H         PUBLIC        P2M1
  X:FF0AH         PUBLIC        P1M2
  X:FF03H         PUBLIC        P0M3
  D:0090H         PUBLIC        P1
  X:FF12H         PUBLIC        P2M2
  X:FF0BH         PUBLIC        P1M3
  X:FF04H         PUBLIC        P0M4
  D:00A0H         PUBLIC        P2
  X:FF13H         PUBLIC        P2M3
  X:FF0CH         PUBLIC        P1M4
  X:FF05H         PUBLIC        P0M5
  D:00B0H         PUBLIC        P3
  X:FF14H         PUBLIC        P2M4
  X:FF0DH         PUBLIC        P1M5
  X:FF06H         PUBLIC        P0M6
  X:FF1CH         PUBLIC        P3M4
  X:FF15H         PUBLIC        P2M5
  X:FF0EH         PUBLIC        P1M6
  X:FF07H         PUBLIC        P0M7
  X:FF1DH         PUBLIC        P3M5
  X:FF16H         PUBLIC        P2M6
  X:FF0FH         PUBLIC        P1M7
  B:00A8H.7       PUBLIC        EA
  X:FF17H         PUBLIC        P2M7
  X:FEBDH         PUBLIC        TRMEN
  X:FE94H         PUBLIC        XTALCFG
BL51 BANKED LINKER/LOCATER V6.22                                                      04/15/2024  19:40:39  PAGE 10


  D:00A8H         PUBLIC        IE
  D:00F8H         PUBLIC        RSTFR
  X:FF91H         PUBLIC        PWM01_MAP
  X:FE79H         PUBLIC        TMODCON
  X:FFA3H         PUBLIC        SDA_MAP
  X:FFA5H         PUBLIC        SCK_MAP
  X:FFA2H         PUBLIC        SCL_MAP
  C:1BE9H         PUBLIC        main
  X:FEA4H         PUBLIC        BORC
  X:FFA1H         PUBLIC        RXD_MAP
  X:FEA5H         PUBLIC        BORDBC
  X:FFA0H         PUBLIC        TXD_MAP
  D:00BDH         PUBLIC        WDTC
  X:FEBAH         PUBLIC        PINTE2
  D:0098H         PUBLIC        SCON
  D:0088H         PUBLIC        TCON
  X:FE95H         PUBLIC        SPOV_RSTEN
  X:FE9BH         PUBLIC        ADCC2
  X:FE9CH         PUBLIC        ADCC3
  X:FE91H         PUBLIC        CLKDIV
  D:00B8H         PUBLIC        IE1
  X:FEBBH         PUBLIC        SFTR
  D:00D8H         PUBLIC        IE2
  X:FF80H         PUBLIC        T0_MAP
  X:FF81H         PUBLIC        T1_MAP
  X:FEAAH         PUBLIC        RSTDBC
  X:FF83H         PUBLIC        T3_MAP
  X:FF84H         PUBLIC        T4_MAP
  X:FEA0H         PUBLIC        WDTCCR
  X:FEBEH         PUBLIC        TRMV
  X:FE7BH         PUBLIC        CTKAUX
  X:FE93H         PUBLIC        CLKOUT
  X:FF90H         PUBLIC        PWM0_MAP
  X:FEBCH         PUBLIC        SFTRMV
  X:FFA4H         PUBLIC        SS_MAP
  X:FE80H         PUBLIC        TCON1
  X:FF9CH         PUBLIC        PWM3_MAP
  X:FF8FH         PUBLIC        CLKO_MAP
  X:FE92H         PUBLIC        FREQ_CLK
  X:FEB0H         PUBLIC        PITS0
  X:FE7AH         PUBLIC        CTKCHS1
  X:FEB4H         PUBLIC        PITS4
  X:FFA7H         PUBLIC        MISO_MAP
  X:FFA6H         PUBLIC        MOSI_MAP
  D:00D0H         PUBLIC        PSW
  X:FF00H         PUBLIC        P0M0
  -------         PROC          MAIN
  C:1BE9H         LINE#         13
  C:1BE9H         LINE#         14
  C:1BE9H         LINE#         15
  C:1BECH         LINE#         16
  C:1BEFH         LINE#         17
  C:1BF2H         LINE#         19
  C:1BF5H         LINE#         20
  C:1BF8H         LINE#         21
  C:1BFBH         LINE#         22
  C:1BFEH         LINE#         25
BL51 BANKED LINKER/LOCATER V6.22                                                      04/15/2024  19:40:39  PAGE 11


  C:1C01H         LINE#         27
  C:1C03H         LINE#         28
  C:1C06H         LINE#         31
  C:1C09H         LINE#         33
  C:1C0EH         LINE#         39
  C:1C11H         LINE#         41
  C:1C11H         LINE#         42
  C:1C11H         LINE#         43
  C:1C14H         LINE#         44
  C:1C14H         LINE#         45
  C:1C17H         LINE#         46
  C:1C19H         LINE#         54
  C:1C35H         LINE#         55
  C:1C35H         LINE#         56
  C:1C4AH         LINE#         57
  C:1C4DH         LINE#         58
  C:1C4FH         LINE#         60
  C:1C4FH         LINE#         61
  C:1C51H         LINE#         62
  C:1C5BH         LINE#         63
  C:1C5BH         LINE#         64
  C:1C5BH         LINE#         65
  C:1C5EH         LINE#         66
  C:1C61H         LINE#         69
  -------         ENDPROC       MAIN
  -------         ENDMOD        MAIN

  -------         MODULE        HC89F30XC_GENERALKEY_TOUCH_AUXILIARY
  C:0000H         SYMBOL        _ICE_DUMMY_
  D:0080H         PUBLIC        P0
  D:0090H         PUBLIC        P1
  D:00A0H         PUBLIC        P2
  D:00B0H         PUBLIC        P3
  C:0009H         PUBLIC        TouchMultibuttonHandle
  D:00A8H         PUBLIC        IE
  D:00F8H         PUBLIC        RSTFR
  C:2126H         PUBLIC        TouchRawDataFilter
  D:0098H         PUBLIC        SCON
  D:0088H         PUBLIC        TCON
  D:00B8H         PUBLIC        IE1
  D:00D8H         PUBLIC        IE2
  D:00D0H         PUBLIC        PSW
  -------         PROC          TOUCHMULTIBUTTONHANDLE
  C:0009H         LINE#         84
  C:0009H         LINE#         85
  C:0009H         LINE#         134
  -------         ENDPROC       TOUCHMULTIBUTTONHANDLE
  -------         PROC          TOUCHRAWDATAFILTER
  -------         DO            
  D:0007H         SYMBOL        fuc_i
  -------         ENDDO         
  C:2126H         LINE#         172
  C:2126H         LINE#         173
  C:2126H         LINE#         194
  C:2128H         LINE#         195
  C:2128H         LINE#         196
  C:2128H         LINE#         197
BL51 BANKED LINKER/LOCATER V6.22                                                      04/15/2024  19:40:39  PAGE 12


  C:2150H         LINE#         198
  C:2154H         LINE#         201
  -------         ENDPROC       TOUCHRAWDATAFILTER
  -------         ENDMOD        HC89F30XC_GENERALKEY_TOUCH_AUXILIARY

  -------         MODULE        HC89F30XC_GENERALKEY_TOUCH_LIB_CFG
  C:0000H         SYMBOL        _ICE_DUMMY_
  X:00DFH         PUBLIC        XDATA_TouchCnt
  C:1BB7H         PUBLIC        CODE_CONFIRM_TOUCH_TIME
  C:1B81H         PUBLIC        CODE_TK_CH_MASK
  C:1BB3H         PUBLIC        CODE_VD
  C:1BE7H         PUBLIC        CODE_RAWDATA_FULL
  C:1B96H         PUBLIC        CODE_TK_LONGKEY
  X:00E1H         PUBLIC        XDATA_RawDataBuf
  C:1BE6H         PUBLIC        CODE_FILTER_DEPTH
  C:1BB9H         PUBLIC        CODE_LIMIT_FACTOR
  C:1BB1H         PUBLIC        CODE_VD_RV
  X:00E5H         PUBLIC        XDATA_ConfirmTouchRadio
  C:1BB8H         PUBLIC        CODE_CONFIRM_NOTOUCH_TIME
  X:00E7H         PUBLIC        XDATA_OpenChannel
  X:00E9H         PUBLIC        XDATA_OverZeroTime
  C:1BAFH         PUBLIC        CODE_DSCR
  C:1BB0H         PUBLIC        CODE_CTKDS_PRSDIV
  C:1B6CH         PUBLIC        CODE_INTERNAL_INDEX
  C:1BADH         PUBLIC        CODE_CALIBRATE_TARGET_LINE
  X:00EBH         PUBLIC        XDATA_OverZeroCnt
  C:1BB5H         PUBLIC        CODE_OVERLOW_TIME
  X:00EFH         PUBLIC        XDATA_NoTouchCnt
  X:00F1H         PUBLIC        XDATA_LongRstCnt
  C:1BBAH         PUBLIC        CODE_FINGER_THRESHOLD
  X:00F5H         PUBLIC        XDATA_OverLowCnt
  C:1BE5H         PUBLIC        CODE_TK_CH_MAX
  X:00F7H         PUBLIC        XDATA_ConfirmLongTouchTime
  X:00F9H         PUBLIC        XDATA_ConfirmShortTouchTime
  X:00FBH         PUBLIC        XDATA_BaseLine
  X:00FFH         PUBLIC        XDATA_ConfirmNoTouchRadio
  C:1BB2H         PUBLIC        CODE_RBS
  C:1BACH         PUBLIC        CODE_CALIBRATE_DEFLECTED_AREA
  C:1BABH         PUBLIC        CODE_CHANNEL_CALIBRATE_SW
  C:1BE4H         PUBLIC        CODE_OPENED_TK_AMOUNT
  C:1BB4H         PUBLIC        CODE_RBSEL
  X:0101H         PUBLIC        XDATA_RawData
  -------         ENDMOD        HC89F30XC_GENERALKEY_TOUCH_LIB_CFG

  -------         MODULE        HC89F30XC_GENERALKEY_TOUCH_LIB
  C:0000H         SYMBOL        _ICE_DUMMY_
  D:0080H         PUBLIC        P0
  D:0090H         PUBLIC        P1
  D:00A0H         PUBLIC        P2
  D:00B0H         PUBLIC        P3
  D:0055H         SYMBOL        nuc_CurrentIndex
  D:00A8H         PUBLIC        IE
  C:2024H         PUBLIC        BaseLineReset
  D:00F8H         PUBLIC        RSTFR
  D:0056H         SYMBOL        nui_AdjustTargetLine
  C:0026H         SYMBOL        SensorFindNext
  B:0023H.3       PUBLIC        OneCycleScanDone
BL51 BANKED LINKER/LOCATER V6.22                                                      04/15/2024  19:40:39  PAGE 13


  B:00B8H.5       PUBLIC        ECTK
  X:014AH         PUBLIC        TouchKeyFlag
  C:241DH         PUBLIC        Scan_Continue
  D:0058H         SYMBOL        nuc_CTKIREF
  D:0098H         PUBLIC        SCON
  D:00D6H         PUBLIC        CTKR
  D:0088H         PUBLIC        TCON
  D:00B8H         PUBLIC        IE1
  D:00D8H         PUBLIC        IE2
  D:00D5H         PUBLIC        CTKCHS
  D:00D4H         PUBLIC        CTKCON
  B:0023H.4       SYMBOL        nbt_DetectingPause
  C:000AH         PUBLIC        TOUCH_LIB_VERSION
  C:0A63H         SYMBOL        _Renovate
  C:2184H         SYMBOL        SetAccessIndexes
  C:1694H         PUBLIC        CTK_Init
  B:0023H.5       SYMBOL        nbt_OneCycleScanWait
  C:1F32H         PUBLIC        CTK_ISR_Handle
  C:247FH         PUBLIC        Scan_Pause
  C:0E5DH         SYMBOL        SensorAdjust
  C:2493H         PUBLIC        Scan_Continue_Inside
  C:157FH         SYMBOL        CurrentSourceInit
  C:222EH         PUBLIC        Touch_Signal_Handle
  D:00D0H         PUBLIC        PSW
  B:0023H.6       SYMBOL        nbt_CurrentSourceAdjustDone
  -------         PROC          SETACCESSINDEXES
  -------         DO            
  D:0007H         SYMBOL        fui_i
  D:0006H         SYMBOL        fui_j
  -------         ENDDO         
  C:2184H         LINE#         172
  C:2184H         LINE#         173
  C:2184H         LINE#         174
  C:2187H         LINE#         176
  C:2192H         LINE#         177
  C:2192H         LINE#         178
  C:219AH         LINE#         179
  C:219AH         LINE#         180
  C:21ACH         LINE#         181
  C:21ADH         LINE#         182
  C:21ADH         LINE#         183
  C:21B0H         LINE#         184
  -------         ENDPROC       SETACCESSINDEXES
  -------         PROC          SENSORFINDNEXT
  C:0026H         LINE#         194
  C:0026H         LINE#         195
  C:0026H         LINE#         196
  C:0028H         LINE#         197
  C:0034H         LINE#         198
  C:0034H         LINE#         199
  C:0036H         LINE#         200
  C:0038H         LINE#         201
  C:003AH         LINE#         202
  C:003DH         LINE#         203
  C:003DH         LINE#         204
  C:0050H         LINE#         205
  C:0050H         LINE#         206
BL51 BANKED LINKER/LOCATER V6.22                                                      04/15/2024  19:40:39  PAGE 14


  C:0054H         LINE#         207
  C:0056H         LINE#         208
  C:0058H         LINE#         210
  C:0058H         LINE#         211
  C:005AH         LINE#         212
  C:0066H         LINE#         213
  C:0066H         LINE#         214
  C:006BH         LINE#         215
  C:0070H         LINE#         216
  -------         ENDPROC       SENSORFINDNEXT
  -------         PROC          CURRENTSOURCEINIT
  -------         DO            
  X:014EH         SYMBOL        fi_MinRaw
  D:0007H         SYMBOL        fuc_i
  -------         ENDDO         
  C:157FH         LINE#         228
  C:157FH         LINE#         229
  C:157FH         LINE#         230
  C:1589H         LINE#         232
  C:1593H         LINE#         233
  C:1593H         LINE#         234
  C:15A2H         LINE#         235
  C:15A2H         LINE#         237
  C:15AEH         LINE#         238
  C:15AEH         LINE#         239
  C:15CFH         LINE#         240
  C:15CFH         LINE#         241
  C:15EBH         LINE#         242
  C:15EBH         LINE#         243
  C:15F3H         LINE#         244
  C:15F3H         LINE#         245
  C:15F3H         LINE#         246
  C:15F6H         LINE#         247
  C:1623H         LINE#         248
  C:1623H         LINE#         249
  C:1633H         LINE#         250
  C:1633H         LINE#         252
  C:1641H         LINE#         253
  C:165CH         LINE#         254
  C:1666H         LINE#         255
  C:1666H         LINE#         257
  C:1666H         LINE#         258
  C:1670H         LINE#         259
  C:1672H         LINE#         262
  C:1672H         LINE#         263
  C:167EH         LINE#         264
  C:167EH         LINE#         267
  C:1681H         LINE#         268
  C:1683H         LINE#         269
  C:1685H         LINE#         270
  C:1688H         LINE#         271
  C:168BH         LINE#         272
  C:168DH         LINE#         273
  C:1690H         LINE#         274
  C:1693H         LINE#         275
  C:1693H         LINE#         276
  -------         ENDPROC       CURRENTSOURCEINIT
BL51 BANKED LINKER/LOCATER V6.22                                                      04/15/2024  19:40:39  PAGE 15


  -------         PROC          SENSORADJUST
  -------         DO            
  D:0051H         SYMBOL        fuc_Min
  D:0052H         SYMBOL        fuc_Max
  D:0053H         SYMBOL        fuc_AdjustStep
  D:0054H         SYMBOL        fuc_i
  D:004FH         SYMBOL        fui_RawData
  -------         ENDDO         
  C:0E5DH         LINE#         286
  C:0E5DH         LINE#         287
  C:0E5DH         LINE#         288
  C:0E67H         LINE#         289
  C:0E67H         LINE#         293
  C:0E6CH         LINE#         295
  C:0E83H         LINE#         296
  C:0E8AH         LINE#         297
  C:0E8AH         LINE#         298
  C:0EA2H         LINE#         299
  C:0EA2H         LINE#         300
  C:0EB9H         LINE#         301
  C:0F0EH         LINE#         302
  C:0F11H         LINE#         304
  C:0F11H         LINE#         305
  C:0F14H         LINE#         306
  C:0F17H         LINE#         307
  C:0F6FH         LINE#         308
  C:0F87H         LINE#         309
  C:0F8AH         LINE#         311
  C:0F8AH         LINE#         313
  C:0F93H         LINE#         314
  C:0F93H         LINE#         315
  C:0FACH         LINE#         316
  C:0FACH         LINE#         317
  C:0FE7H         LINE#         318
  C:0FEEH         LINE#         319
  C:0FEEH         LINE#         320
  C:0FF0H         LINE#         321
  C:104EH         LINE#         323
  C:104EH         LINE#         324
  C:104EH         LINE#         325
  C:1050H         LINE#         326
  C:1069H         LINE#         328
  C:1069H         LINE#         329
  C:1072H         LINE#         330
  C:1072H         LINE#         331
  C:107FH         LINE#         332
  C:107FH         LINE#         333
  C:1097H         LINE#         334
  C:1097H         LINE#         335
  C:10A8H         LINE#         336
  C:10B2H         LINE#         337
  C:10B2H         LINE#         338
  C:10B9H         LINE#         340
  C:10B9H         LINE#         342
  C:10B9H         LINE#         343
  C:10D1H         LINE#         344
  C:10D1H         LINE#         345
BL51 BANKED LINKER/LOCATER V6.22                                                      04/15/2024  19:40:39  PAGE 16


  C:10D3H         LINE#         346
  C:10E8H         LINE#         347
  C:10E8H         LINE#         348
  C:10F9H         LINE#         349
  C:1101H         LINE#         350
  C:1101H         LINE#         351
  C:1125H         LINE#         353
  C:1125H         LINE#         355
  C:1125H         LINE#         356
  C:113DH         LINE#         357
  C:113DH         LINE#         358
  C:113DH         LINE#         359
  C:113DH         LINE#         360
  C:113DH         LINE#         361
  C:1140H         LINE#         362
  C:1143H         LINE#         363
  C:1145H         LINE#         364
  C:1154H         LINE#         365
  C:1154H         LINE#         366
  -------         ENDPROC       SENSORADJUST
  -------         PROC          CTK_INIT
  -------         DO            
  D:0045H         SYMBOL        fuc_i
  -------         ENDDO         
  C:1694H         LINE#         375
  C:1694H         LINE#         376
  C:1694H         LINE#         379
  C:1699H         LINE#         380
  C:169BH         LINE#         381
  C:169DH         LINE#         382
  C:169FH         LINE#         383
  C:16A1H         LINE#         384
  C:16A3H         LINE#         385
  C:16A5H         LINE#         386
  C:16A7H         LINE#         387
  C:16A9H         LINE#         388
  C:16ABH         LINE#         389
  C:16ADH         LINE#         390
  C:16AFH         LINE#         391
  C:16B1H         LINE#         392
  C:16B3H         LINE#         393
  C:16B5H         LINE#         394
  C:16B7H         LINE#         395
  C:16B9H         LINE#         396
  C:16BBH         LINE#         397
  C:16BDH         LINE#         398
  C:16BFH         LINE#         399
  C:16C1H         LINE#         401
  C:16C5H         LINE#         402
  C:16C7H         LINE#         403
  C:16C9H         LINE#         404
  C:16CBH         LINE#         405
  C:16CDH         LINE#         406
  C:16CFH         LINE#         407
  C:16D1H         LINE#         408
  C:16D3H         LINE#         409
  C:16D5H         LINE#         410
BL51 BANKED LINKER/LOCATER V6.22                                                      04/15/2024  19:40:39  PAGE 17


  C:16D7H         LINE#         411
  C:16D9H         LINE#         413
  C:16E1H         LINE#         414
  C:16EAH         LINE#         415
  C:16F3H         LINE#         416
  C:16FCH         LINE#         418
  C:16FFH         LINE#         419
  C:1701H         LINE#         420
  C:1704H         LINE#         421
  C:170BH         LINE#         422
  C:170DH         LINE#         423
  C:1710H         LINE#         424
  C:1712H         LINE#         425
  C:1714H         LINE#         426
  C:1717H         LINE#         430
  C:171AH         LINE#         431
  C:171EH         LINE#         432
  C:171EH         LINE#         433
  C:1721H         LINE#         434
  C:1721H         LINE#         435
  C:1724H         LINE#         436
  C:1726H         LINE#         437
  C:1728H         LINE#         438
  C:172BH         LINE#         439
  C:172BH         LINE#         440
  C:172DH         LINE#         441
  C:1730H         LINE#         443
  C:1733H         LINE#         444
  C:1737H         LINE#         445
  C:1737H         LINE#         446
  C:173AH         LINE#         447
  C:173AH         LINE#         448
  C:173DH         LINE#         449
  C:173FH         LINE#         450
  C:1741H         LINE#         451
  C:1744H         LINE#         452
  C:1744H         LINE#         453
  C:1746H         LINE#         457
  C:1749H         LINE#         458
  C:174BH         LINE#         459
  -------         ENDPROC       CTK_INIT
  -------         PROC          CTK_ISR_HANDLE
  C:1F32H         LINE#         467
  C:1F32H         LINE#         468
  C:1F32H         LINE#         469
  C:1F35H         LINE#         471
  C:1F44H         LINE#         472
  C:1F44H         LINE#         473
  C:1F5BH         LINE#         474
  C:1F5BH         LINE#         476
  C:1F63H         LINE#         477
  C:1F66H         LINE#         479
  C:1F69H         LINE#         480
  C:1F69H         LINE#         481
  C:1F6CH         LINE#         482
  C:1F6CH         LINE#         484
  C:1F6CH         LINE#         485
BL51 BANKED LINKER/LOCATER V6.22                                                      04/15/2024  19:40:39  PAGE 18


  C:1F6CH         LINE#         486
  C:1F6FH         LINE#         487
  C:1F6FH         LINE#         488
  C:1F72H         LINE#         489
  C:1F72H         LINE#         490
  -------         ENDPROC       CTK_ISR_HANDLE
  -------         PROC          SCAN_PAUSE
  C:247FH         LINE#         499
  C:247FH         LINE#         500
  C:247FH         LINE#         501
  C:2481H         LINE#         502
  C:2486H         LINE#         503
  C:2488H         LINE#         504
  -------         ENDPROC       SCAN_PAUSE
  -------         PROC          SCAN_CONTINUE_INSIDE
  C:2493H         LINE#         513
  C:2493H         LINE#         514
  C:2493H         LINE#         515
  C:2496H         LINE#         516
  C:2496H         LINE#         517
  C:2498H         LINE#         518
  C:249BH         LINE#         519
  C:249BH         LINE#         520
  -------         ENDPROC       SCAN_CONTINUE_INSIDE
  -------         PROC          SCAN_CONTINUE
  C:241DH         LINE#         523
  C:241DH         LINE#         524
  C:241DH         LINE#         525
  C:2420H         LINE#         526
  C:2420H         LINE#         527
  C:2422H         LINE#         528
  C:2429H         LINE#         529
  C:2429H         LINE#         530
  C:242BH         LINE#         531
  C:242CH         LINE#         533
  C:242CH         LINE#         534
  C:242FH         LINE#         535
  C:242FH         LINE#         536
  C:242FH         LINE#         537
  -------         ENDPROC       SCAN_CONTINUE
  -------         PROC          BASELINERESET
  -------         DO            
  D:0007H         SYMBOL        fuc_i
  -------         ENDDO         
  C:2024H         LINE#         546
  C:2024H         LINE#         547
  C:2024H         LINE#         550
  C:2031H         LINE#         551
  C:2031H         LINE#         552
  C:2059H         LINE#         553
  C:205CH         LINE#         554
  -------         ENDPROC       BASELINERESET
  -------         PROC          TOUCH_SIGNAL_HANDLE
  -------         DO            
  D:0045H         SYMBOL        fuc_i
  -------         ENDDO         
  C:222EH         LINE#         562
BL51 BANKED LINKER/LOCATER V6.22                                                      04/15/2024  19:40:39  PAGE 19


  C:222EH         LINE#         563
  C:222EH         LINE#         565
  C:2231H         LINE#         566
  C:2234H         LINE#         567
  C:2243H         LINE#         568
  C:2243H         LINE#         569
  C:2248H         LINE#         570
  C:224CH         LINE#         571
  C:224FH         LINE#         572
  -------         ENDPROC       TOUCH_SIGNAL_HANDLE
  -------         PROC          _RENOVATE
  D:0046H         SYMBOL        fuc_i
  -------         DO            
  D:0047H         SYMBOL        fui_FingerThd
  D:0049H         SYMBOL        fui_NoFingerThd
  D:0002H         SYMBOL        fi_DifferData
  D:004BH         SYMBOL        mask
  B:0024H.2       SYMBOL        fbt_LimitFlag
  B:0024H.3       SYMBOL        fbt_LongKeyFlag
  -------         ENDDO         
  C:0A63H         LINE#         576
  C:0A65H         LINE#         577
  C:0A65H         LINE#         582
  C:0A67H         LINE#         583
  C:0A69H         LINE#         586
  C:0A88H         LINE#         587
  C:0AB6H         LINE#         588
  C:0AEFH         LINE#         589
  C:0B20H         LINE#         591
  C:0B35H         LINE#         593
  C:0B3CH         LINE#         594
  C:0B3CH         LINE#         595
  C:0B53H         LINE#         596
  C:0B53H         LINE#         597
  C:0B61H         LINE#         598
  C:0B6EH         LINE#         599
  C:0B82H         LINE#         600
  C:0B8FH         LINE#         601
  C:0B91H         LINE#         602
  C:0B91H         LINE#         603
  C:0B91H         LINE#         605
  C:0BA3H         LINE#         606
  C:0BA3H         LINE#         607
  C:0BA6H         LINE#         608
  C:0BA6H         LINE#         609
  C:0BB4H         LINE#         610
  C:0BB4H         LINE#         611
  C:0BCBH         LINE#         612
  C:0BE5H         LINE#         613
  C:0BE5H         LINE#         614
  C:0BE5H         LINE#         615
  C:0BE5H         LINE#         616
  C:0BE5H         LINE#         617
  C:0BE5H         LINE#         618
  C:0BE5H         LINE#         619
  C:0BE7H         LINE#         621
  C:0BE7H         LINE#         622
BL51 BANKED LINKER/LOCATER V6.22                                                      04/15/2024  19:40:39  PAGE 20


  C:0BF2H         LINE#         623
  C:0BF2H         LINE#         624
  C:0C09H         LINE#         625
  C:0C23H         LINE#         626
  C:0C23H         LINE#         627
  C:0C39H         LINE#         628
  C:0C46H         LINE#         629
  C:0C5AH         LINE#         630
  C:0C5AH         LINE#         631
  C:0C5AH         LINE#         632
  C:0C5AH         LINE#         633
  C:0C5DH         LINE#         634
  C:0C5DH         LINE#         635
  C:0C6BH         LINE#         636
  C:0C83H         LINE#         637
  C:0C83H         LINE#         638
  C:0CA5H         LINE#         639
  C:0CB2H         LINE#         640
  C:0CB2H         LINE#         641
  C:0CB2H         LINE#         642
  C:0CC6H         LINE#         643
  C:0CCFH         LINE#         644
  C:0CD2H         LINE#         645
  C:0CE0H         LINE#         646
  C:0CE0H         LINE#         647
  C:0CEBH         LINE#         648
  C:0CEBH         LINE#         649
  C:0D02H         LINE#         650
  C:0D1CH         LINE#         651
  C:0D1CH         LINE#         652
  C:0D32H         LINE#         653
  C:0D46H         LINE#         654
  C:0D46H         LINE#         655
  C:0D46H         LINE#         656
  C:0D58H         LINE#         657
  C:0D58H         LINE#         658
  C:0D66H         LINE#         659
  C:0D7AH         LINE#         660
  C:0D87H         LINE#         661
  C:0D87H         LINE#         662
  C:0D8AH         LINE#         664
  C:0D8AH         LINE#         665
  C:0D97H         LINE#         666
  C:0D97H         LINE#         667
  C:0DA5H         LINE#         668
  C:0DBAH         LINE#         669
  C:0DBAH         LINE#         670
  C:0DC7H         LINE#         671
  C:0DDDH         LINE#         672
  C:0DDDH         LINE#         673
  C:0DDDH         LINE#         674
  C:0DEBH         LINE#         675
  C:0DF8H         LINE#         676
  C:0E0CH         LINE#         677
  C:0E0CH         LINE#         682
  C:0E24H         LINE#         683
  C:0E24H         LINE#         684
BL51 BANKED LINKER/LOCATER V6.22                                                      04/15/2024  19:40:39  PAGE 21


  C:0E4FH         LINE#         685
  C:0E5CH         LINE#         686
  C:0E5CH         LINE#         688
  -------         ENDPROC       _RENOVATE
  -------         ENDMOD        HC89F30XC_GENERALKEY_TOUCH_LIB

  -------         MODULE        HC89F30XC_TOUCHUARTDEBUG_LIB_CFG
  C:0000H         SYMBOL        _ICE_DUMMY_
  D:0080H         PUBLIC        P0
  D:0090H         PUBLIC        P1
  D:00A0H         PUBLIC        P2
  D:00B0H         PUBLIC        P3
  D:00A8H         PUBLIC        IE
  D:00F8H         PUBLIC        RSTFR
  D:0098H         PUBLIC        SCON
  D:0088H         PUBLIC        TCON
  D:00B8H         PUBLIC        IE1
  D:00D8H         PUBLIC        IE2
  D:00D0H         PUBLIC        PSW
  -------         ENDMOD        HC89F30XC_TOUCHUARTDEBUG_LIB_CFG

  -------         MODULE        HC89F30XC_IO_INIT
  C:0000H         SYMBOL        _ICE_DUMMY_
  D:0080H         PUBLIC        P0
  D:0090H         PUBLIC        P1
  D:00A0H         PUBLIC        P2
  D:00B0H         PUBLIC        P3
  D:00A8H         PUBLIC        IE
  C:1A69H         PUBLIC        IO_Init
  D:00F8H         PUBLIC        RSTFR
  C:2298H         PUBLIC        AD_INIT
  D:0098H         PUBLIC        SCON
  D:0088H         PUBLIC        TCON
  D:00B4H         PUBLIC        ADCC0
  D:00B5H         PUBLIC        ADCC1
  D:00B8H         PUBLIC        IE1
  D:00D8H         PUBLIC        IE2
  D:00D0H         PUBLIC        PSW
  -------         PROC          IO_INIT
  C:1A69H         LINE#         17
  C:1A69H         LINE#         18
  C:1A69H         LINE#         19
  C:1A6CH         LINE#         20
  C:1A72H         LINE#         21
  C:1A76H         LINE#         22
  C:1A7AH         LINE#         23
  C:1A7EH         LINE#         25
  C:1A82H         LINE#         26
  C:1A86H         LINE#         27
  C:1A8AH         LINE#         28
  C:1A90H         LINE#         30
  C:1A93H         LINE#         31
  C:1A99H         LINE#         32
  C:1A9DH         LINE#         33
  C:1AA1H         LINE#         34
  C:1AA7H         LINE#         35
  C:1AADH         LINE#         36
BL51 BANKED LINKER/LOCATER V6.22                                                      04/15/2024  19:40:39  PAGE 22


  C:1AB1H         LINE#         37
  C:1AB5H         LINE#         38
  C:1ABBH         LINE#         40
  C:1ABEH         LINE#         41
  C:1AC4H         LINE#         42
  C:1AC8H         LINE#         43
  C:1ACCH         LINE#         44
  C:1AD0H         LINE#         45
  C:1AD4H         LINE#         46
  C:1AD8H         LINE#         48
  C:1ADCH         LINE#         49
  C:1AE0H         LINE#         51
  C:1AE3H         LINE#         52
  C:1AE9H         LINE#         53
  C:1AEDH         LINE#         54
  -------         ENDPROC       IO_INIT
  -------         PROC          AD_INIT
  C:2298H         LINE#         56
  C:2298H         LINE#         57
  C:2298H         LINE#         59
  C:229EH         LINE#         60
  C:22A2H         LINE#         61
  C:22A5H         LINE#         62
  C:22AAH         LINE#         63
  C:22ADH         LINE#         64
  C:22B0H         LINE#         65
  C:22B6H         LINE#         66
  -------         ENDPROC       AD_INIT
  -------         ENDMOD        HC89F30XC_IO_INIT

  -------         MODULE        HC89F30XC_ISR
  C:0000H         SYMBOL        _ICE_DUMMY_
  D:0080H         PUBLIC        P0
  D:0090H         PUBLIC        P1
  D:00A0H         PUBLIC        P2
  D:00B0H         PUBLIC        P3
  C:0019H         PUBLIC        ISR_Timer0
  C:1FAEH         PUBLIC        ISR_Timer1
  C:2155H         PUBLIC        UART1_Rpt
  D:00A8H         PUBLIC        IE
  D:00F8H         PUBLIC        RSTFR
  D:0099H         PUBLIC        SBUF
  C:1F73H         PUBLIC        ISR_CTK
  D:0098H         PUBLIC        SCON
  D:0088H         PUBLIC        TCON
  D:00B8H         PUBLIC        IE1
  D:00D8H         PUBLIC        IE2
  D:00D0H         PUBLIC        PSW
  -------         PROC          ISR_CTK
  C:1F73H         LINE#         21
  C:1F90H         LINE#         23
  C:1F93H         LINE#         24
  -------         ENDPROC       ISR_CTK
  -------         PROC          ISR_TIMER0
  C:0019H         LINE#         32
  C:0019H         LINE#         35
  -------         ENDPROC       ISR_TIMER0
BL51 BANKED LINKER/LOCATER V6.22                                                      04/15/2024  19:40:39  PAGE 23


  -------         PROC          ISR_TIMER1
  C:1FAEH         LINE#         43
  C:1FCBH         LINE#         45
  C:1FCEH         LINE#         46
  -------         ENDPROC       ISR_TIMER1
  -------         PROC          UART1_RPT
  C:2155H         LINE#         48
  C:215DH         LINE#         50
  C:2162H         LINE#         51
  C:2162H         LINE#         52
  C:2165H         LINE#         53
  C:2168H         LINE#         54
  C:216BH         LINE#         55
  C:2179H         LINE#         56
  C:217BH         LINE#         57
  C:217BH         LINE#         59
  -------         ENDPROC       UART1_RPT
  -------         ENDMOD        HC89F30XC_ISR

  -------         MODULE        HC89F30XC_PORT_MAP
  C:0000H         SYMBOL        _ICE_DUMMY_
  D:0080H         PUBLIC        P0
  D:0090H         PUBLIC        P1
  D:00A0H         PUBLIC        P2
  D:00B0H         PUBLIC        P3
  D:00A8H         PUBLIC        IE
  D:00F8H         PUBLIC        RSTFR
  D:0098H         PUBLIC        SCON
  D:0088H         PUBLIC        TCON
  D:00B8H         PUBLIC        IE1
  D:00D8H         PUBLIC        IE2
  D:00D0H         PUBLIC        PSW
  -------         ENDMOD        HC89F30XC_PORT_MAP

  -------         MODULE        HC89F30XC_SYS
  C:0000H         SYMBOL        _ICE_DUMMY_
  D:0080H         PUBLIC        P0
  D:0090H         PUBLIC        P1
  D:00A0H         PUBLIC        P2
  D:00B0H         PUBLIC        P3
  D:00A8H         PUBLIC        IE
  D:00F8H         PUBLIC        RSTFR
  C:23B1H         PUBLIC        SystemInit
  D:0098H         PUBLIC        SCON
  D:0088H         PUBLIC        TCON
  D:00B8H         PUBLIC        IE1
  D:00D8H         PUBLIC        IE2
  D:008EH         PUBLIC        CLKSWR
  D:00D0H         PUBLIC        PSW
  -------         PROC          SYSTEMINIT
  C:23B1H         LINE#         17
  C:23B1H         LINE#         18
  C:23B1H         LINE#         20
  C:23B4H         LINE#         21
  C:23BAH         LINE#         24
  C:23C0H         LINE#         25
  C:23C6H         LINE#         26
BL51 BANKED LINKER/LOCATER V6.22                                                      04/15/2024  19:40:39  PAGE 24


  -------         ENDPROC       SYSTEMINIT
  -------         ENDMOD        HC89F30XC_SYS

  -------         MODULE        BUZZER_DRIVER
  C:0000H         SYMBOL        _ICE_DUMMY_
  D:0080H         PUBLIC        P0
  D:0090H         PUBLIC        P1
  D:00A0H         PUBLIC        P2
  D:00B0H         PUBLIC        P3
  X:0145H         PUBLIC        speekk
  D:00A8H         PUBLIC        IE
  X:0146H         PUBLIC        buz_on
  D:00F8H         PUBLIC        RSTFR
  C:1E07H         PUBLIC        speek_manage0
  X:0147H         PUBLIC        speek_countt
  D:0098H         PUBLIC        SCON
  D:0088H         PUBLIC        TCON
  D:00B8H         PUBLIC        IE1
  D:00D8H         PUBLIC        IE2
  X:0148H         PUBLIC        speek_dd
  C:2308H         PUBLIC        _speek_duo
  X:0149H         PUBLIC        speek_pp
  C:2383H         PUBLIC        _speek_dan0
  B:0022H.6       PUBLIC        F_BEEP1
  B:0022H.7       PUBLIC        F_BEEP2
  B:0023H.0       PUBLIC        F_BEEP3
  B:0023H.1       PUBLIC        F_BEEP4
  B:0023H.2       PUBLIC        F_BEEP5
  D:00D0H         PUBLIC        PSW
  -------         PROC          SPEEK_MANAGE0
  C:1E07H         LINE#         25
  C:1E07H         LINE#         26
  C:1E07H         LINE#         27
  C:1E14H         LINE#         28
  C:1E14H         LINE#         29
  C:1E1AH         LINE#         30
  C:1E1CH         LINE#         32
  C:1E1CH         LINE#         33
  C:1E21H         LINE#         34
  C:1E2BH         LINE#         35
  C:1E2BH         LINE#         36
  C:1E34H         LINE#         37
  C:1E34H         LINE#         38
  C:1E37H         LINE#         39
  C:1E3CH         LINE#         40
  C:1E3EH         LINE#         42
  C:1E3EH         LINE#         43
  C:1E43H         LINE#         44
  C:1E47H         LINE#         45
  C:1E47H         LINE#         46
  C:1E47H         LINE#         47
  C:1E47H         LINE#         48
  C:1E52H         LINE#         49
  C:1E52H         LINE#         50
  C:1E55H         LINE#         51
  C:1E55H         LINE#         52
  -------         ENDPROC       SPEEK_MANAGE0
BL51 BANKED LINKER/LOCATER V6.22                                                      04/15/2024  19:40:39  PAGE 25


  -------         PROC          _SPEEK_DAN0
  D:0007H         SYMBOL        speek_d_tmp
  C:2383H         LINE#         55
  C:2383H         LINE#         56
  C:2383H         LINE#         57
  C:238BH         LINE#         58
  C:238BH         LINE#         59
  C:238DH         LINE#         60
  C:238DH         LINE#         61
  C:2392H         LINE#         62
  C:2395H         LINE#         63
  C:2399H         LINE#         64
  -------         ENDPROC       _SPEEK_DAN0
  -------         PROC          _SPEEK_DUO
  D:0007H         SYMBOL        speek_p_tmp
  D:0005H         SYMBOL        speek_d_tmp
  D:0003H         SYMBOL        speek_count_tmp
  C:2308H         LINE#         66
  C:2308H         LINE#         67
  C:2308H         LINE#         68
  C:2310H         LINE#         69
  C:2310H         LINE#         70
  C:2312H         LINE#         71
  C:2312H         LINE#         72
  C:2317H         LINE#         73
  C:231AH         LINE#         74
  C:2320H         LINE#         75
  -------         ENDPROC       _SPEEK_DUO
  -------         ENDMOD        BUZZER_DRIVER

  -------         MODULE        DISPLAY
  C:0000H         SYMBOL        _ICE_DUMMY_
  D:0025H         PUBLIC        num_ge
  D:0080H         PUBLIC        P0
  D:0090H         PUBLIC        P1
  D:00A0H         PUBLIC        P2
  D:00B0H         PUBLIC        P3
  D:00A8H         PUBLIC        IE
  D:00F8H         PUBLIC        RSTFR
  D:0026H         PUBLIC        addrtable
  D:0098H         PUBLIC        SCON
  D:0088H         PUBLIC        TCON
  D:002CH         PUBLIC        dis_code
  D:00B8H         PUBLIC        IE1
  D:00D8H         PUBLIC        IE2
  D:0032H         PUBLIC        dis_code_lock
  D:0038H         PUBLIC        num_bai
  C:18A7H         PUBLIC        DIS_MANAGE
  D:0039H         PUBLIC        LED_font
  D:0044H         PUBLIC        num_shi
  C:1DB1H         PUBLIC        display
  D:00D0H         PUBLIC        PSW
  -------         PROC          DIS_MANAGE
  C:18A7H         LINE#         12
  C:18A7H         LINE#         13
  C:18A7H         LINE#         14
  C:18ADH         LINE#         15
BL51 BANKED LINKER/LOCATER V6.22                                                      04/15/2024  19:40:39  PAGE 26


  C:18B0H         LINE#         16
  C:18B0H         LINE#         17
  C:18BBH         LINE#         18
  C:18BCH         LINE#         20
  C:18BCH         LINE#         23
  C:18C9H         LINE#         24
  C:18D6H         LINE#         25
  C:18D9H         LINE#         26
  C:18E1H         LINE#         27
  C:18E8H         LINE#         28
  C:18F0H         LINE#         31
  C:18F3H         LINE#         32
  C:18F3H         LINE#         33
  C:18F6H         LINE#         34
  C:18F6H         LINE#         35
  C:18FBH         LINE#         36
  C:18FBH         LINE#         37
  C:18FBH         LINE#         38
  C:18FDH         LINE#         39
  C:1902H         LINE#         40
  C:1902H         LINE#         41
  C:1902H         LINE#         42
  C:1904H         LINE#         43
  C:1909H         LINE#         44
  C:1909H         LINE#         45
  C:1909H         LINE#         46
  C:1911H         LINE#         47
  C:1911H         LINE#         48
  C:1911H         LINE#         49
  C:1911H         LINE#         50
  C:1911H         LINE#         51
  C:1913H         LINE#         53
  C:1913H         LINE#         54
  C:1916H         LINE#         55
  C:1916H         LINE#         56
  C:191EH         LINE#         57
  C:191EH         LINE#         58
  C:1924H         LINE#         59
  C:1925H         LINE#         60
  C:1929H         LINE#         61
  C:1929H         LINE#         62
  C:192FH         LINE#         63
  C:1930H         LINE#         64
  C:1934H         LINE#         65
  C:1934H         LINE#         66
  C:193AH         LINE#         67
  C:193FH         LINE#         68
  C:193FH         LINE#         69
  C:1945H         LINE#         70
  C:1945H         LINE#         71
  C:1945H         LINE#         72
  C:1945H         LINE#         74
  C:1945H         LINE#         75
  -------         ENDPROC       DIS_MANAGE
  -------         PROC          DISPLAY
  C:1DB1H         LINE#         78
  C:1DB1H         LINE#         79
BL51 BANKED LINKER/LOCATER V6.22                                                      04/15/2024  19:40:39  PAGE 27


  C:1DB1H         LINE#         80
  C:1DCBH         LINE#         81
  C:1DCBH         LINE#         82
  C:1DCEH         LINE#         83
  C:1DD1H         LINE#         84
  C:1DD4H         LINE#         85
  C:1DD7H         LINE#         86
  C:1DDAH         LINE#         88
  C:1DDFH         LINE#         89
  C:1DE4H         LINE#         90
  C:1DE9H         LINE#         91
  C:1DEEH         LINE#         92
  C:1DF6H         LINE#         93
  C:1DFEH         LINE#         94
  C:1E03H         LINE#         95
  C:1E06H         LINE#         97
  C:1E06H         LINE#         100
  -------         ENDPROC       DISPLAY
  -------         ENDMOD        DISPLAY

  -------         MODULE        TM1652
  C:0000H         SYMBOL        _ICE_DUMMY_
  D:0080H         PUBLIC        P0
  D:0090H         PUBLIC        P1
  D:00A0H         PUBLIC        P2
  D:00B0H         PUBLIC        P3
  B:00A8H.7       PUBLIC        EA
  C:20C6H         PUBLIC        TM1652_init
  D:00A8H         PUBLIC        IE
  D:00F8H         PUBLIC        RSTFR
  D:00BDH         PUBLIC        WDTC
  D:0098H         PUBLIC        SCON
  D:0088H         PUBLIC        TCON
  C:1EA5H         PUBLIC        _tm1652_send_data
  D:00B8H         PUBLIC        IE1
  D:00D8H         PUBLIC        IE2
  C:239AH         PUBLIC        Control_display
  C:2094H         PUBLIC        _Delay_1ms
  B:00B0H.4       PUBLIC        TMSDA
  D:00D0H         PUBLIC        PSW
  -------         PROC          _DELAY_1MS
  D:0046H         SYMBOL        d_ms
  -------         DO            
  D:0047H         SYMBOL        i
  -------         ENDDO         
  C:2094H         LINE#         32
  C:2096H         LINE#         33
  C:2096H         LINE#         35
  C:20A0H         LINE#         36
  C:20A0H         LINE#         37
  C:20A3H         LINE#         38
  C:20A8H         LINE#         39
  C:20ADH         LINE#         40
  C:20B2H         LINE#         41
  C:20B7H         LINE#         42
  C:20BCH         LINE#         43
  C:20C1H         LINE#         44
BL51 BANKED LINKER/LOCATER V6.22                                                      04/15/2024  19:40:39  PAGE 28


  C:20C5H         LINE#         46
  -------         ENDPROC       _DELAY_1MS
  -------         PROC          TM1652_INIT
  C:20C6H         LINE#         52
  C:20C6H         LINE#         53
  C:20C6H         LINE#         54
  C:20C8H         LINE#         55
  C:20CDH         LINE#         56
  C:20D2H         LINE#         57
  C:20D7H         LINE#         58
  C:20DCH         LINE#         59
  C:20E1H         LINE#         60
  C:20E6H         LINE#         61
  C:20EBH         LINE#         62
  C:20F0H         LINE#         63
  C:20F3H         LINE#         64
  C:20F5H         LINE#         65
  -------         ENDPROC       TM1652_INIT
  -------         PROC          _TM1652_SEND_DATA
  D:0046H         SYMBOL        sdat
  -------         DO            
  D:0047H         SYMBOL        i
  D:0048H         SYMBOL        sfalg
  -------         ENDDO         
  C:1EA5H         LINE#         67
  C:1EA7H         LINE#         68
  C:1EA7H         LINE#         69
  C:1EACH         LINE#         71
  C:1EAEH         LINE#         72
  C:1EB3H         LINE#         73
  C:1EB6H         LINE#         74
  C:1EB6H         LINE#         75
  C:1EBBH         LINE#         76
  C:1EBBH         LINE#         77
  C:1EBDH         LINE#         78
  C:1EBFH         LINE#         79
  C:1EC1H         LINE#         80
  C:1EC1H         LINE#         81
  C:1EC3H         LINE#         82
  C:1EC3H         LINE#         83
  C:1EC8H         LINE#         84
  C:1ECEH         LINE#         85
  C:1ED7H         LINE#         87
  C:1EDCH         LINE#         88
  C:1EDCH         LINE#         89
  C:1EDEH         LINE#         90
  C:1EE0H         LINE#         92
  C:1EE0H         LINE#         93
  C:1EE2H         LINE#         94
  C:1EE2H         LINE#         95
  C:1EE7H         LINE#         96
  C:1EE9H         LINE#         97
  -------         ENDPROC       _TM1652_SEND_DATA
  -------         PROC          CONTROL_DISPLAY
  -------         DO            
  D:0007H         SYMBOL        Ctr_duty
  D:0006H         SYMBOL        Ctr_curr
BL51 BANKED LINKER/LOCATER V6.22                                                      04/15/2024  19:40:39  PAGE 29


  D:0005H         SYMBOL        Ctr_mode
  D:0045H         SYMBOL        Crdata
  -------         ENDDO         
  C:239AH         LINE#         110
  C:239AH         LINE#         111
  C:239AH         LINE#         117
  C:239AH         LINE#         118
  C:239AH         LINE#         119
  C:239AH         LINE#         121
  C:23A2H         LINE#         122
  C:23A7H         LINE#         123
  C:23ACH         LINE#         124
  -------         ENDPROC       CONTROL_DISPLAY
  -------         ENDMOD        TM1652

  -------         MODULE        WDT
  C:0000H         SYMBOL        _ICE_DUMMY_
  D:0080H         PUBLIC        P0
  D:0090H         PUBLIC        P1
  D:00A0H         PUBLIC        P2
  D:00B0H         PUBLIC        P3
  C:2489H         PUBLIC        WDT_INIT
  D:00A8H         PUBLIC        IE
  D:00F8H         PUBLIC        RSTFR
  D:00BDH         PUBLIC        WDTC
  D:0098H         PUBLIC        SCON
  D:0088H         PUBLIC        TCON
  D:00B8H         PUBLIC        IE1
  D:00D8H         PUBLIC        IE2
  D:00D0H         PUBLIC        PSW
  -------         PROC          WDT_INIT
  C:2489H         LINE#         15
  C:2489H         LINE#         16
  C:2489H         LINE#         17
  C:248FH         LINE#         18
  C:2492H         LINE#         19
  -------         ENDPROC       WDT_INIT
  -------         ENDMOD        WDT

  -------         MODULE        TIMER
  C:0000H         SYMBOL        _ICE_DUMMY_
  D:0080H         PUBLIC        P0
  D:0090H         PUBLIC        P1
  D:00A0H         PUBLIC        P2
  D:00B0H         PUBLIC        P3
  B:00A8H.7       PUBLIC        EA
  C:1804H         PUBLIC        TIMER_SCAN
  D:00A8H         PUBLIC        IE
  D:00F8H         PUBLIC        RSTFR
  X:0125H         PUBLIC        TIMER_100MS
  B:0021H.6       PUBLIC        F_1HOUR
  X:0126H         PUBLIC        work1_hour
  X:0128H         PUBLIC        work2_hour
  X:012AH         PUBLIC        TIMER_500MS
  X:012BH         PUBLIC        work3_hour
  X:012DH         PUBLIC        work4_hour
  X:012FH         PUBLIC        work5_hour
BL51 BANKED LINKER/LOCATER V6.22                                                      04/15/2024  19:40:39  PAGE 30


  B:00A0H.4       PUBLIC        beep
  B:0021H.7       PUBLIC        F_10MS
  C:23C7H         PUBLIC        TIMER0_Init
  C:23DDH         PUBLIC        TIMER1_Init
  C:2454H         PUBLIC        ParamTimtInit
  B:0022H.0       PUBLIC        F_1SEC
  D:00BDH         PUBLIC        WDTC
  D:0098H         PUBLIC        SCON
  X:0131H         PUBLIC        TIMER_1MS
  D:0089H         PUBLIC        TMOD
  D:0088H         PUBLIC        TCON
  B:0022H.1       PUBLIC        F_1MIN
  D:00B8H         PUBLIC        IE1
  D:00D8H         PUBLIC        IE2
  D:008CH         PUBLIC        TH0
  X:0132H         PUBLIC        work_10min
  D:008DH         PUBLIC        TH1
  D:008AH         PUBLIC        TL0
  D:008BH         PUBLIC        TL1
  C:23F3H         PUBLIC        _delay_ms
  X:0133H         PUBLIC        TIMER_1HOUR
  B:0022H.2       PUBLIC        F_100MS
  C:000EH         PUBLIC        _delay_us
  B:0022H.3       PUBLIC        F_PN_500MS
  B:0022H.4       PUBLIC        F_500MS
  X:0134H         PUBLIC        TIMER_10MS
  C:001AH         PUBLIC        TIMR0_ISR_Handle
  C:2321H         PUBLIC        TIMR1_ISR_Handle
  X:0135H         PUBLIC        TIMER_1SEC
  B:0022H.5       PUBLIC        F_1MS
  X:0136H         PUBLIC        TIMER_1MIN
  D:00D0H         PUBLIC        PSW
  -------         PROC          PARAMTIMTINIT
  C:2454H         LINE#         28
  C:2454H         LINE#         29
  C:2454H         LINE#         30
  C:2456H         LINE#         31
  C:2458H         LINE#         32
  C:245AH         LINE#         33
  C:245CH         LINE#         34
  C:245EH         LINE#         35
  C:2460H         LINE#         36
  C:2462H         LINE#         37
  C:2464H         LINE#         38
  -------         ENDPROC       PARAMTIMTINIT
  -------         PROC          TIMER0_INIT
  C:23C7H         LINE#         40
  C:23C7H         LINE#         41
  C:23C7H         LINE#         42
  C:23CCH         LINE#         43
  C:23CEH         LINE#         44
  C:23D1H         LINE#         45
  C:23D4H         LINE#         47
  C:23D7H         LINE#         48
  C:23DAH         LINE#         49
  C:23DCH         LINE#         52
  -------         ENDPROC       TIMER0_INIT
BL51 BANKED LINKER/LOCATER V6.22                                                      04/15/2024  19:40:39  PAGE 31


  -------         PROC          TIMER1_INIT
  C:23DDH         LINE#         55
  C:23DDH         LINE#         56
  C:23DDH         LINE#         58
  C:23E2H         LINE#         59
  C:23E4H         LINE#         71
  C:23E7H         LINE#         72
  C:23EAH         LINE#         73
  C:23EDH         LINE#         74
  C:23F0H         LINE#         75
  C:23F2H         LINE#         76
  -------         ENDPROC       TIMER1_INIT
  -------         PROC          _DELAY_US
  D:0007H         SYMBOL        count
  -------         DO            
  D:0006H         SYMBOL        i
  -------         ENDDO         
  C:000EH         LINE#         78
  C:000EH         LINE#         79
  C:000EH         LINE#         81
  C:0015H         LINE#         82
  C:0015H         LINE#         84
  C:0018H         LINE#         85
  -------         ENDPROC       _DELAY_US
  -------         PROC          _DELAY_MS
  D:0005H         SYMBOL        count
  -------         DO            
  D:0004H         SYMBOL        i
  -------         ENDDO         
  C:23F3H         LINE#         86
  C:23F5H         LINE#         87
  C:23F5H         LINE#         89
  C:23FCH         LINE#         90
  C:23FCH         LINE#         91
  C:2401H         LINE#         92
  C:2404H         LINE#         93
  C:2407H         LINE#         94
  -------         ENDPROC       _DELAY_MS
  -------         PROC          TIMR0_ISR_HANDLE
  C:001AH         LINE#         96
  C:001AH         LINE#         97
  C:001AH         LINE#         100
  -------         ENDPROC       TIMR0_ISR_HANDLE
  -------         PROC          TIMR1_ISR_HANDLE
  C:2321H         LINE#         103
  C:2321H         LINE#         104
  C:2321H         LINE#         105
  C:2327H         LINE#         106
  C:2327H         LINE#         107
  C:2329H         LINE#         108
  C:232BH         LINE#         110
  C:232BH         LINE#         111
  C:232DH         LINE#         112
  C:232DH         LINE#         114
  C:2333H         LINE#         115
  C:2339H         LINE#         116
  -------         ENDPROC       TIMR1_ISR_HANDLE
BL51 BANKED LINKER/LOCATER V6.22                                                      04/15/2024  19:40:39  PAGE 32


  -------         PROC          TIMER_SCAN
  C:1804H         LINE#         119
  C:1804H         LINE#         120
  C:1804H         LINE#         121
  C:180DH         LINE#         122
  C:180DH         LINE#         123
  C:180FH         LINE#         124
  C:1811H         LINE#         126
  C:1818H         LINE#         127
  C:1818H         LINE#         128
  C:1826H         LINE#         129
  C:1832H         LINE#         130
  C:1832H         LINE#         131
  C:1836H         LINE#         132
  C:183CH         LINE#         133
  C:183CH         LINE#         134
  C:183CH         LINE#         136
  C:1841H         LINE#         137
  C:1841H         LINE#         138
  C:1843H         LINE#         139
  C:184AH         LINE#         140
  C:184AH         LINE#         141
  C:1850H         LINE#         142
  C:1853H         LINE#         143
  C:1853H         LINE#         144
  C:1853H         LINE#         146
  C:1853H         LINE#         148
  C:185CH         LINE#         149
  C:185CH         LINE#         150
  C:185EH         LINE#         151
  C:1860H         LINE#         153
  C:186AH         LINE#         154
  C:186AH         LINE#         155
  C:186CH         LINE#         156
  C:186EH         LINE#         158
  C:1878H         LINE#         159
  C:1878H         LINE#         160
  C:187AH         LINE#         161
  C:187CH         LINE#         163
  C:187EH         LINE#         165
  C:1888H         LINE#         166
  C:1888H         LINE#         167
  C:188AH         LINE#         168
  C:188CH         LINE#         170
  C:1894H         LINE#         171
  C:1894H         LINE#         172
  C:1896H         LINE#         173
  C:1898H         LINE#         175
  C:18A2H         LINE#         176
  C:18A2H         LINE#         177
  C:18A4H         LINE#         178
  C:18A6H         LINE#         179
  C:18A6H         LINE#         180
  C:18A6H         LINE#         181
  C:18A6H         LINE#         182
  C:18A6H         LINE#         183
  C:18A6H         LINE#         184
BL51 BANKED LINKER/LOCATER V6.22                                                      04/15/2024  19:40:39  PAGE 33


  C:18A6H         LINE#         186
  -------         ENDPROC       TIMER_SCAN
  -------         ENDMOD        TIMER

[...]
  C:2005H         LINE#         190
  C:200BH         LINE#         191
  C:200BH         LINE#         192
  C:2011H         LINE#         193
  C:2013H         LINE#         194
  C:2015H         LINE#         195
  C:2016H         LINE#         196
  C:2019H         LINE#         197
  C:2019H         LINE#         198
  C:201FH         LINE#         199
  C:2021H         LINE#         200
  C:2023H         LINE#         201
  C:2023H         LINE#         202
  -------         ENDPROC       RO_CLEAN_CHECK
  -------         PROC          WORKPRO
  C:2430H         LINE#         207
  C:2430H         LINE#         208
  C:2430H         LINE#         209
  C:2433H         LINE#         210
  C:2433H         LINE#         211
  C:2435H         LINE#         212
  C:2437H         LINE#         214
  C:2437H         LINE#         215
  C:2439H         LINE#         216
  C:2439H         LINE#         218
  C:243CH         LINE#         219
  C:243CH         LINE#         220
  C:243EH         LINE#         221
  C:243FH         LINE#         223
  C:243FH         LINE#         224
  C:2441H         LINE#         225
  C:2441H         LINE#         229
  -------         ENDPROC       WORKPRO
  -------         PROC          SCAN_10MS
  C:2465H         LINE#         232
  C:2465H         LINE#         233
  C:2465H         LINE#         234
  C:2468H         LINE#         235
  C:2468H         LINE#         236
  C:246AH         LINE#         239
  C:246DH         LINE#         241
  C:2470H         LINE#         242
  C:2473H         LINE#         243
  C:2473H         LINE#         244
  -------         ENDPROC       SCAN_10MS
  -------         PROC          SCAN_100MS
  C:2207H         LINE#         246
  C:2207H         LINE#         247
  C:2207H         LINE#         248
  C:220AH         LINE#         249
  C:220AH         LINE#         250
  C:220CH         LINE#         252
  C:2215H         LINE#         253
  C:2215H         LINE#         254
  C:2218H         LINE#         255
BL51 BANKED LINKER/LOCATER V6.22                                                      04/15/2024  19:40:39  PAGE 45


  C:221EH         LINE#         256
  C:221EH         LINE#         257
  C:2221H         LINE#         258
  C:2221H         LINE#         261
  C:2221H         LINE#         263
  C:2224H         LINE#         264
  C:2227H         LINE#         265
  C:222AH         LINE#         266
  C:222DH         LINE#         267
  C:222DH         LINE#         268
  -------         ENDPROC       SCAN_100MS
  -------         PROC          SCAN_500MS
  C:0003H         LINE#         270
  C:0003H         LINE#         271
  C:0003H         LINE#         272
  C:0006H         LINE#         273
  C:0006H         LINE#         274
  C:0008H         LINE#         277
  C:0008H         LINE#         278
  -------         ENDPROC       SCAN_500MS
  -------         PROC          SCAN_XSEC
  C:2353H         LINE#         280
  C:2353H         LINE#         281
  C:2353H         LINE#         282
  C:2356H         LINE#         283
  C:2356H         LINE#         284
  C:2358H         LINE#         286
  C:2361H         LINE#         287
  C:2361H         LINE#         288
  C:2364H         LINE#         289
  C:2365H         LINE#         291
  C:2365H         LINE#         292
  C:236AH         LINE#         293
  C:236AH         LINE#         330
  C:236AH         LINE#         331
  -------         ENDPROC       SCAN_XSEC
  -------         PROC          SCAN_XMIN
  C:19E0H         LINE#         333
  C:19E0H         LINE#         334
  C:19E0H         LINE#         335
  C:19E6H         LINE#         336
  C:19E6H         LINE#         337
  C:19E8H         LINE#         339
  C:19EBH         LINE#         340
  C:19EBH         LINE#         341
  C:19F6H         LINE#         342
  C:19F6H         LINE#         343
  C:19F8H         LINE#         344
  C:19FAH         LINE#         345
  C:19FAH         LINE#         347
  C:1A05H         LINE#         348
  C:1A05H         LINE#         349
  C:1A07H         LINE#         350
  C:1A09H         LINE#         351
  C:1A12H         LINE#         352
  C:1A12H         LINE#         354
  C:1A1DH         LINE#         355
BL51 BANKED LINKER/LOCATER V6.22                                                      04/15/2024  19:40:39  PAGE 46


  C:1A1DH         LINE#         356
  C:1A1FH         LINE#         357
  C:1A26H         LINE#         358
  C:1A26H         LINE#         359
  C:1A28H         LINE#         360
  C:1A36H         LINE#         361
  C:1A44H         LINE#         362
  C:1A52H         LINE#         363
  C:1A60H         LINE#         364
  C:1A60H         LINE#         365
  C:1A63H         LINE#         366
  C:1A63H         LINE#         368
  C:1A63H         LINE#         370
  C:1A63H         LINE#         371
  C:1A68H         LINE#         372
  C:1A68H         LINE#         373
  C:1A68H         LINE#         374
  -------         ENDPROC       SCAN_XMIN
  -------         PROC          SCAN_XHOUR
  C:236BH         LINE#         377
  C:236BH         LINE#         378
  C:236BH         LINE#         379
  C:236EH         LINE#         380
  C:236EH         LINE#         381
  C:2370H         LINE#         382
  C:2373H         LINE#         383
  C:2373H         LINE#         384
  C:237EH         LINE#         385
  C:237EH         LINE#         386
  C:2380H         LINE#         387
  C:2382H         LINE#         388
  C:2382H         LINE#         389
  C:2382H         LINE#         391
  C:2382H         LINE#         392
  -------         ENDPROC       SCAN_XHOUR
  -------         PROC          FUN_HANDLE
  C:22D3H         LINE#         394
  C:22D3H         LINE#         395
  C:22D3H         LINE#         396
  C:22D6H         LINE#         397
  C:22D9H         LINE#         398
  C:22DCH         LINE#         400
  C:22DFH         LINE#         401
  C:22E2H         LINE#         402
  C:22E5H         LINE#         403
  C:22E8H         LINE#         404
  C:22EBH         LINE#         405
  -------         ENDPROC       FUN_HANDLE
  -------         ENDMOD        FUN_HANDLE

  -------         MODULE        KEY
  C:0000H         SYMBOL        _ICE_DUMMY_
  D:0061H         PUBLIC        Filter_SetMode
  D:0080H         PUBLIC        P0
  D:0090H         PUBLIC        P1
  D:0062H         PUBLIC        KEY_TEMP
  D:00A0H         PUBLIC        P2
BL51 BANKED LINKER/LOCATER V6.22                                                      04/15/2024  19:40:39  PAGE 47


  D:00B0H         PUBLIC        P3
  D:00A8H         PUBLIC        IE
  D:00F8H         PUBLIC        RSTFR
  C:1434H         PUBLIC        _KEY_Handle
  X:0137H         PUBLIC        OLD_KEY
  D:0066H         PUBLIC        KEY_CNT
  D:0098H         PUBLIC        SCON
  D:0088H         PUBLIC        TCON
  C:2408H         PUBLIC        ParamKeyInit
  B:0023H.7       PUBLIC        F_Power
  B:0024H.0       PUBLIC        F_FilterSet
  D:00B8H         PUBLIC        IE1
  D:00D8H         PUBLIC        IE2
  D:0067H         PUBLIC        xSCE_SetWait_CNT
  X:013BH         PUBLIC        KEY_LONG_CNT1
  X:013DH         PUBLIC        KEY_LONG_CNT2
  D:00D0H         PUBLIC        PSW
  B:0024H.1       PUBLIC        KEY_LONG
  -------         PROC          PARAMKEYINIT
  C:2408H         LINE#         19
  C:2408H         LINE#         20
  C:2408H         LINE#         21
  C:2411H         LINE#         22
  C:2413H         LINE#         23
  C:2415H         LINE#         24
  C:2417H         LINE#         25
  C:2419H         LINE#         26
  C:241CH         LINE#         27
  -------         ENDPROC       PARAMKEYINIT
  -------         PROC          _KEY_HANDLE
  D:0075H         SYMBOL        key_flag
  C:1434H         LINE#         32
  C:143CH         LINE#         33
  C:143CH         LINE#         34
  C:1465H         LINE#         35
  C:1465H         LINE#         36
  C:1481H         LINE#         37
  C:1481H         LINE#         38
  C:1483H         LINE#         40
  C:1486H         LINE#         41
  C:1486H         LINE#         42
  C:148BH         LINE#         43
  C:1494H         LINE#         44
  C:1494H         LINE#         45
  C:1497H         LINE#         46
  C:1497H         LINE#         47
  C:149AH         LINE#         48
  C:149AH         LINE#         49
  C:149CH         LINE#         50
  C:14B9H         LINE#         51
  C:14B9H         LINE#         52
  C:14BEH         LINE#         53
  C:14C0H         LINE#         55
  C:14C3H         LINE#         56
  C:14C3H         LINE#         57
  C:14C5H         LINE#         58
  C:14C7H         LINE#         59
BL51 BANKED LINKER/LOCATER V6.22                                                      04/15/2024  19:40:39  PAGE 48


  C:14C9H         LINE#         61
  C:14C9H         LINE#         62
  C:14CCH         LINE#         63
  C:14CCH         LINE#         64
  C:14D1H         LINE#         65
  C:14D3H         LINE#         66
  C:14D5H         LINE#         68
  C:14D5H         LINE#         69
  C:14D7H         LINE#         70
  C:14D7H         LINE#         72
  C:14D7H         LINE#         73
  C:14D7H         LINE#         75
  C:14E5H         LINE#         76
  C:14E7H         LINE#         77
  C:14E8H         LINE#         79
  C:14E8H         LINE#         80
  C:14FCH         LINE#         81
  C:14FCH         LINE#         82
  C:1510H         LINE#         83
  C:1510H         LINE#         84
  C:1517H         LINE#         86
  C:151CH         LINE#         87
  C:151CH         LINE#         88
  C:151FH         LINE#         89
  C:1521H         LINE#         91
  C:1523H         LINE#         92
  C:1526H         LINE#         93
  C:1528H         LINE#         95
  C:1528H         LINE#         96
  C:152BH         LINE#         97
  C:152DH         LINE#         99
  C:152FH         LINE#         100
  C:1532H         LINE#         101
  C:1532H         LINE#         102
  C:1532H         LINE#         103
  C:1534H         LINE#         105
  C:1534H         LINE#         106
  C:153BH         LINE#         107
  C:153BH         LINE#         109
  C:154FH         LINE#         110
  C:154FH         LINE#         111
  C:1563H         LINE#         112
  C:1563H         LINE#         113
  C:156AH         LINE#         115
  C:156DH         LINE#         116
  C:156DH         LINE#         117
  C:1572H         LINE#         118
  C:1574H         LINE#         119
  C:1576H         LINE#         120
  C:1576H         LINE#         121
  C:1576H         LINE#         122
  C:1577H         LINE#         124
  C:1577H         LINE#         125
  C:157EH         LINE#         126
  C:157EH         LINE#         127
  C:157EH         LINE#         129
  -------         ENDPROC       _KEY_HANDLE
BL51 BANKED LINKER/LOCATER V6.22                                                      04/15/2024  19:40:39  PAGE 49


  -------         ENDMOD        KEY

  -------         MODULE        USART
  C:0000H         SYMBOL        _ICE_DUMMY_
  D:0080H         PUBLIC        P0
  D:0090H         PUBLIC        P1
  D:00A0H         PUBLIC        P2
  D:0059H         PUBLIC        Receietime
  D:00B0H         PUBLIC        P3
  B:00A8H.7       PUBLIC        EA
  D:005AH         PUBLIC        WENBIAO_value
  D:00A8H         PUBLIC        IE
  D:005BH         PUBLIC        START_value
  D:00F8H         PUBLIC        RSTFR
  D:005CH         PUBLIC        F_BUZ
  D:005DH         PUBLIC        Receivenum
  C:22B7H         PUBLIC        _UART_SendData
  C:2474H         PUBLIC        _UART_SendChar
  C:233AH         PUBLIC        JudgeOneStringEnd
  D:0099H         PUBLIC        SBUF
  D:0098H         PUBLIC        SCON
  C:21B1H         PUBLIC        UartInit
  D:0088H         PUBLIC        TCON
  D:00B8H         PUBLIC        IE1
  D:00D8H         PUBLIC        IE2
  X:0078H         PUBLIC        SendOutData
  D:005EH         PUBLIC        WORK_value
  D:005FH         PUBLIC        YURE_value
  X:00AAH         PUBLIC        ReceiveLimitFlag
  C:2442H         PUBLIC        ClearBuffer
  D:00CEH         PUBLIC        TH4
  D:00CDH         PUBLIC        TL4
  X:00ABH         PUBLIC        ReceiveLimitCount
  C:1CD8H         PUBLIC        _JudgeTheReceiveData
  D:0060H         PUBLIC        Receiveflag
  D:009EH         PUBLIC        SCON2
  D:00CCH         PUBLIC        T4CON
  B:0024H.4       PUBLIC        F_WORK
  X:00ADH         PUBLIC        ReceivebeBuffer
  C:1E56H         PUBLIC        DIS_TO_MAIN_SEND
  D:00D0H         PUBLIC        PSW
  -------         PROC          UARTINIT
  C:21B1H         LINE#         22
  C:21B1H         LINE#         23
  C:21B1H         LINE#         28
  C:21B7H         LINE#         29
  C:21BDH         LINE#         31
  C:21C3H         LINE#         32
  C:21C9H         LINE#         55
  C:21CCH         LINE#         66
  C:21CFH         LINE#         67
  C:21D2H         LINE#         68
  C:21D5H         LINE#         69
  C:21D8H         LINE#         70
  C:21DBH         LINE#         71
  C:21DDH         LINE#         72
  -------         ENDPROC       UARTINIT
BL51 BANKED LINKER/LOCATER V6.22                                                      04/15/2024  19:40:39  PAGE 50


  -------         PROC          _UART_SENDCHAR
  D:0007H         SYMBOL        UART_da
  C:2474H         LINE#         76
  C:2474H         LINE#         77
  C:2474H         LINE#         78
  C:2476H         LINE#         79
  C:247BH         LINE#         80
  C:247EH         LINE#         81
  -------         ENDPROC       _UART_SENDCHAR
  -------         PROC          _UART_SENDDATA
  D:0006H         SYMBOL        len0
  -------         DO            
  D:0005H         SYMBOL        i
  -------         ENDDO         
  C:22B7H         LINE#         83
  C:22B9H         LINE#         84
  C:22B9H         LINE#         86
  C:22C0H         LINE#         87
  C:22C0H         LINE#         88
  C:22CFH         LINE#         89
  C:22D2H         LINE#         90
  -------         ENDPROC       _UART_SENDDATA
  -------         PROC          JUDGEONESTRINGEND
  C:233AH         LINE#         93
  C:233AH         LINE#         94
  C:233AH         LINE#         95
  C:2344H         LINE#         96
  C:2344H         LINE#         97
  C:234FH         LINE#         98
  C:2352H         LINE#         99
  C:2352H         LINE#         100
  -------         ENDPROC       JUDGEONESTRINGEND
  -------         PROC          _JUDGETHERECEIVEDATA
  D:0045H         SYMBOL        da
  D:0005H         SYMBOL        num
  -------         DO            
  D:0005H         SYMBOL        num_data
  D:0007H         SYMBOL        i
  -------         ENDDO         
  C:1CD8H         LINE#         110
  C:1CDEH         LINE#         111
  C:1CDEH         LINE#         113
  C:1CDEH         LINE#         114
  C:1CE0H         LINE#         115
  C:1CE2H         LINE#         116
  C:1CE2H         LINE#         117
  C:1CF2H         LINE#         118
  C:1CF6H         LINE#         120
  C:1D0DH         LINE#         121
  C:1D0DH         LINE#         122
  C:1D17H         LINE#         123
  C:1D1FH         LINE#         124
  C:1D2AH         LINE#         125
  C:1D34H         LINE#         126
  C:1D3EH         LINE#         127
  C:1D43H         LINE#         129
  C:1D46H         LINE#         130
BL51 BANKED LINKER/LOCATER V6.22                                                      04/15/2024  19:40:39  PAGE 51


  C:1D46H         LINE#         132
  C:1D46H         LINE#         134
  C:1D48H         LINE#         135
  C:1D48H         LINE#         136
  -------         ENDPROC       _JUDGETHERECEIVEDATA
  -------         PROC          CLEARBUFFER
  -------         DO            
  D:0007H         SYMBOL        i
  -------         ENDDO         
  C:2442H         LINE#         138
  C:2442H         LINE#         139
  C:2442H         LINE#         140
  C:2442H         LINE#         141
  C:2442H         LINE#         142
  C:2442H         LINE#         143
  C:244CH         LINE#         144
  C:244CH         LINE#         145
  C:244FH         LINE#         146
  C:2451H         LINE#         147
  C:2453H         LINE#         148
  -------         ENDPROC       CLEARBUFFER
  -------         PROC          DIS_TO_MAIN_SEND
  -------         DO            
  D:0006H         SYMBOL        x
  D:0007H         SYMBOL        num_data
  -------         ENDDO         
  C:1E56H         LINE#         149
  C:1E56H         LINE#         150
  C:1E56H         LINE#         154
  C:1E5CH         LINE#         155
  C:1E60H         LINE#         156
  C:1E66H         LINE#         157
  C:1E6AH         LINE#         158
  C:1E6EH         LINE#         159
  C:1E72H         LINE#         160
  C:1E78H         LINE#         161
  C:1E80H         LINE#         162
  C:1E83H         LINE#         163
  C:1E85H         LINE#         164
  C:1E87H         LINE#         165
  C:1E88H         LINE#         166
  C:1E8AH         LINE#         167
  C:1E8AH         LINE#         168
  C:1E97H         LINE#         169
  C:1E9BH         LINE#         170
  C:1EA0H         LINE#         171
  -------         ENDPROC       DIS_TO_MAIN_SEND
  -------         ENDMOD        USART

  -------         MODULE        ?C?FPADD
  C:007DH         PUBLIC        ?C?FPADD
  C:0079H         PUBLIC        ?C?FPSUB
  -------         ENDMOD        ?C?FPADD

  -------         MODULE        ?C?FPMUL
  C:016EH         PUBLIC        ?C?FPMUL
  -------         ENDMOD        ?C?FPMUL
BL51 BANKED LINKER/LOCATER V6.22                                                      04/15/2024  19:40:39  PAGE 52



  -------         MODULE        ?C?FCAST
  C:027EH         PUBLIC        ?C?FCASTC
  C:0279H         PUBLIC        ?C?FCASTI
  C:0274H         PUBLIC        ?C?FCASTL
  -------         ENDMOD        ?C?FCAST

  -------         MODULE        ?C?CASTF
  C:02B2H         PUBLIC        ?C?CASTF
  -------         ENDMOD        ?C?CASTF

  -------         MODULE        ?C?CLDPTR
  C:0333H         PUBLIC        ?C?CLDPTR
  -------         ENDMOD        ?C?CLDPTR

  -------         MODULE        ?C?CLDOPTR
  C:034CH         PUBLIC        ?C?CLDOPTR
  -------         ENDMOD        ?C?CLDOPTR

  -------         MODULE        ?C?CSTPTR
  C:0379H         PUBLIC        ?C?CSTPTR
  -------         ENDMOD        ?C?CSTPTR

  -------         MODULE        ?C?IMUL
  C:038BH         PUBLIC        ?C?IMUL
  -------         ENDMOD        ?C?IMUL

  -------         MODULE        ?C?UIDIV
  C:039DH         PUBLIC        ?C?UIDIV
  -------         ENDMOD        ?C?UIDIV

  -------         MODULE        ?C?SIDIV
  C:03F2H         PUBLIC        ?C?SIDIV
  -------         ENDMOD        ?C?SIDIV

  -------         MODULE        ?C?IILDX
  C:0428H         PUBLIC        ?C?IILDX
  -------         ENDMOD        ?C?IILDX

  -------         MODULE        ?C?ULDIV
  C:047AH         PUBLIC        ?C?ULDIV
  -------         ENDMOD        ?C?ULDIV

  -------         MODULE        ?C?LNOT
  C:050CH         PUBLIC        ?C?LNOT
  -------         ENDMOD        ?C?LNOT

  -------         MODULE        ?C?LNEG
  C:0519H         PUBLIC        ?C?LNEG
  -------         ENDMOD        ?C?LNEG

  -------         MODULE        ?C?ULCMP
  C:0527H         PUBLIC        ?C?ULCMP
  -------         ENDMOD        ?C?ULCMP

  -------         MODULE        ?C?LSHL
  C:0538H         PUBLIC        ?C?LSHL
BL51 BANKED LINKER/LOCATER V6.22                                                      04/15/2024  19:40:39  PAGE 53


  -------         ENDMOD        ?C?LSHL

  -------         MODULE        ?C?LSTXDATA
  C:054BH         PUBLIC        ?C?LSTXDATA
  -------         ENDMOD        ?C?LSTXDATA

  -------         MODULE        ?C?LIMUL
  C:0557H         PUBLIC        ?C?LIMUL
  -------         ENDMOD        ?C?LIMUL

Program Size: data=120.5 xdata=400 code=9374
LINK/LOCATE RUN COMPLETE.  0 WARNING(S),  0 ERROR(S)
