C51 COMPILER V9.00   HC89F30XC_IO_INIT                                                     04/15/2024 19:40:37 PAGE 1   


C51 COMPILER V9.00, COMPILATION OF MODULE HC89F30XC_IO_INIT
OBJECT MODULE PLACED IN .\Output\HC89F30xC_IO_INIT.obj
COMPILER INVOKED BY: F:\KEIL5\C51\BIN\C51.EXE ..\..\User\C\HC89F30xC_IO_INIT.c OPTIMIZE(8,SPEED) BROWSE INCDIR(..\..\App
                    -lication;..\..\User\INC;..\..\Libraries;..\..\Application\Buzzer_Driver;..\..\Application;..\..\Application\DISPLAY;..\.
                    -.\Application\TM1652;..\..\Application\WDT;..\..\Application\TIMER;..\..\Application\EEPROM_R_W;..\..\Application\AD_WOR
                    -K;..\..\Application\Fun_Handle;..\..\Application\KEY;..\..\Application\USART) DEBUG OBJECTEXTEND PRINT(.\List\HC89F30xC_
                    -IO_INIT.lst) OBJECT(.\Output\HC89F30xC_IO_INIT.obj)

line level    source

   1          /******************* (C) COPYRIGHT 2009~2021 holychip **************************
   2          * File Name          : HC88T6xx1_IO_INIT.c
   3          ********************************************************************************
   4          
   5          
   6          *******************************************************************************/
   7          #include "define.h"
   8          
   9          
  10          /****************************************************************************
  11          * Function Name  :
  12          * Description    :
  13          * Input          : None
  14          * Output         : None
  15          * Return         : None
  16          ****************************************************************************/
  17          void IO_Init(void)
  18          {
  19   1              P0 = 0X00;
  20   1                      P0M0 = GPIO_Out_PP;    //
  21   1                      P0M1 = GPIO_Out_PP;    // 
  22   1                      P0M2 = GPIO_Out_PP;    //TDS1——V
  23   1                      P0M3 = GPIO_Out_PP;    //漏水检测
  24   1                      
  25   1                      P0M4 = GPIO_Out_PP  ;  //  
  26   1                      P0M5 = GPIO_Out_PP  ;  //  
  27   1                      P0M6 = GPIO_Out_PP  ;  //  
  28   1                      P0M7 = GPIO_In_AN  ;  //  
  29   1      
  30   1              P1 = 0X00; 
  31   1                      P1M0 = GPIO_Out_PP;  
  32   1                      P1M1 = GPIO_Out_PP; //水泵
  33   1                      P1M2 = GPIO_Out_PP; //冲洗
  34   1                      P1M3 = GPIO_In_AN;  //TK11 复位键  
  35   1                      P1M4 = GPIO_In_PU; //高压
  36   1                      P1M5 = GPIO_In_PU;  //低压
  37   1                      P1M6 = GPIO_In_PU;  //rx接受 
  38   1                      P1M7 = GPIO_Out_PP; //TX发送
  39   1      
  40   1          P2 = 0X00;
  41   1                      P2M0 = GPIO_Out_PP;  
  42   1                      P2M1 = GPIO_Out_PP;  // 
  43   1                      P2M2 = GPIO_Out_PP; //
  44   1                      P2M3 = GPIO_Out_PP; // 
  45   1                      P2M4 = GPIO_Out_PP; // 
  46   1                      P2M5 = GPIO_Out_PP;  //AD 
  47   1                      
  48   1                      P2M6 = GPIO_Out_PP; // 
  49   1                      P2M7 = GPIO_Out_PP; //
  50   1      
  51   1              P3 = 0X00;
C51 COMPILER V9.00   HC89F30XC_IO_INIT                                                     04/15/2024 19:40:37 PAGE 2   

  52   1                      P3M4 = GPIO_Out_PP;  // 1652SDA
  53   1                      P3M5 = GPIO_Out_PP; // 蜂鸣器
  54   1      }
  55          
  56          void AD_INIT(void)
  57          {
  58   1        /************************************ADC初始化****************************************/       
  59   1                P0M2 = GPIO_In_AN;      //AN9
  60   1                P0M3 = GPIO_In_AN  ;  //
  61   1                ADCC0 = 0x80;                                         //打开ADC转换电源
  62   1                delay_us(20);                                         //延时20us，确保ADC系统稳定
  63   1                ADCC1 = 0x02;                                         //选择外部通道
  64   1            ADCC1 = 0x03;                                             //选择外部通道
  65   1                ADCC2 = 0x4B;                                         //转换结果12位数据，数据右对齐，ADC时钟16分频
  66   1      }
  67          
  68          /*********************************END OF FILE************************************/


MODULE INFORMATION:   STATIC OVERLAYABLE
   CODE SIZE        =    164    ----
   CONSTANT SIZE    =   ----    ----
   XDATA SIZE       =   ----    ----
   PDATA SIZE       =   ----    ----
   DATA SIZE        =   ----    ----
   IDATA SIZE       =   ----    ----
   BIT SIZE         =   ----    ----
END OF MODULE INFORMATION.


C51 COMPILATION COMPLETE.  0 WARNING(S),  0 ERROR(S)
