C51 COMPILER V9.00   TM1652                                                                04/15/2024 19:40:38 PAGE 1   


C51 COMPILER V9.00, COMPILATION OF MODULE TM1652
OBJECT MODULE PLACED IN .\Output\TM1652.obj
COMPILER INVOKED BY: F:\KEIL5\C51\BIN\C51.EXE ..\..\Application\TM1652\TM1652.c OPTIMIZE(8,SPEED) BROWSE INCDIR(..\..\Ap
                    -plication;..\..\User\INC;..\..\Libraries;..\..\Application\Buzzer_Driver;..\..\Application;..\..\Application\DISPLAY;..\
                    -..\Application\TM1652;..\..\Application\WDT;..\..\Application\TIMER;..\..\Application\EEPROM_R_W;..\..\Application\AD_WO
                    -RK;..\..\Application\Fun_Handle;..\..\Application\KEY;..\..\Application\USART) DEBUG OBJECTEXTEND PRINT(.\List\TM1652.ls
                    -t) OBJECT(.\Output\TM1652.obj)

line level    source

   1          
   2          #include "HC89F30xC.h"
   3          #include "HC89F30xC_SYS.h"
   4          #include "HC89F30xC_IO_INIT.h"
   5          
   6          #include "HC89F30xC_PORT_MAP.h"
   7          
   8          #include "define.h"
   9          
  10          /**备注：
  11          典型工作电压：5V
  12          串行接口（SDA），兼容串口通信（UART）协议，支持波特率19200bps
  13          one bit time 1/19200 = 52us
  14          支持共阴数码管显示
  15          辉度调节电路（位占空比16级可调、段驱动电流8级可调）
  16          **/ 
  17          
  18          
  19          /**********************************************************
  20          函数名称：TM1652GPIO_init
  21          函数功能：初始化TM1652数据输入引脚
  22          函数参数：无
  23          函数返回：无
  24          函数隶属：main
  25          创建日期：2021年2月26日09:34:05
  26          作    者：Vence
  27          注    解：PA.4作为串口的数据输出引脚
  28          **********************************************************/
  29          
  30          
  31          
  32          void Delay_1ms(unsigned char d_ms)
  33          {
  34   1                      unsigned char i ; 
  35   1                      for(i=0 ; i<d_ms ; i++)
  36   1                      {
  37   2                              CLR_WDT;
  38   2                              delay_us(160)    ;              
  39   2                              delay_us(160)    ;              
  40   2                              delay_us(160)    ;              
  41   2                              delay_us(160)    ;      
  42   2                              delay_us(160)    ;              
  43   2                              delay_us(160)    ;                                                              
  44   2                      }
  45   1              
  46   1      }       
  47          
  48          
  49          /*unsigned char K = 0;
  50          unsigned char Tm1652_flag = 0;                  //1652显示延迟标志位
  51          unsigned char Tm1652_TimeCount = 0;*/                   //1652显示时间
C51 COMPILER V9.00   TM1652                                                                04/15/2024 19:40:38 PAGE 2   

  52          void TM1652_init(void)
  53          {
  54   1                EA = 0; 
  55   1              tm1652_send_data(0x08);
  56   1                      tm1652_send_data(0xff);
  57   1                      tm1652_send_data(0xff);
  58   1                      tm1652_send_data(0xff);
  59   1                      tm1652_send_data(0xff&~(1<<0)&~(1<<1));  //&~(1<<0)&~(1<<1)
  60   1                      tm1652_send_data(0xff&~(1<<0));
  61   1                      tm1652_send_data(0xff);
  62   1                      Delay_1ms(3);  
  63   1                      Control_display() ;
  64   1                EA = 1; 
  65   1      }
  66          
  67          void tm1652_send_data(unsigned char sdat)
  68          {
  69   1                      unsigned char i=0, sfalg=0;
  70   1      
  71   1                      TMSDA=0;                                          //起始位
  72   1                      delay_us(84);  
  73   1                      for(i=0; i<8; i++)                                //八位数据位
  74   1                      {
  75   2                                      if(sdat & 0x01)
  76   2                                      {
  77   3                                              TMSDA=1;
  78   3                                              sfalg++;
  79   3                                      }else
  80   2                                      {
  81   3                                              TMSDA=0;
  82   3                                      }
  83   2                                      delay_us(84);                                    //波特率为19200，故每发送一位延时52us
  84   2                                      sdat >>=1;
  85   2                      }
  86   1      
  87   1                      if(sfalg%2==0)                           //奇校验位     
  88   1                      {
  89   2                                      TMSDA=1;
  90   2                      }
  91   1                      else                            
  92   1                      {
  93   2                                      TMSDA=0;
  94   2                      }
  95   1                                      delay_us(84);           
  96   1                                      TMSDA=1;                                                        //停止位
  97   1                                      delay_us(84);   
  98   1      }
  99          
 100          /**********************************************************
 101          函数名称：Control_display
 102          函数功能：显示控制调节
 103          函数参数：占空比(0-15)，段驱动电流(1-8)，显示模式(0-1)
 104          函数返回：无
 105          函数隶属：TM1652GPIO_init
 106          创建日期：2020/04/19  13：36
 107          作    者：RJ
 108          注    解：无
 109          **********************************************************/
 110          void Control_display(void)
 111          {
 112   1                      unsigned char Ctr_duty;
 113   1                      unsigned char Ctr_curr;
C51 COMPILER V9.00   TM1652                                                                04/15/2024 19:40:38 PAGE 3   

 114   1                      unsigned char Ctr_mode;
 115   1                      unsigned char Crdata;
 116   1      
 117   1                      Ctr_duty = 0xf0 ;
 118   1                      Ctr_curr = 0x0a ;       // 0a变动为0f 
 119   1                      Ctr_mode = 0x01 ;                               // 设置 7段 6位输出
 120   1      
 121   1                      Crdata = (Ctr_duty|Ctr_curr|Ctr_mode);
 122   1                      tm1652_send_data(addr_Cr);                              
 123   1                      tm1652_send_data(Crdata);       
 124   1                      Delay_1ms(3);
 125   1      }
 126          
 127          
 128          //=============================================================================
 129          
 130          
 131          


MODULE INFORMATION:   STATIC OVERLAYABLE
   CODE SIZE        =    194    ----
   CONSTANT SIZE    =   ----    ----
   XDATA SIZE       =   ----    ----
   PDATA SIZE       =   ----    ----
   DATA SIZE        =   ----       6
   IDATA SIZE       =   ----    ----
   BIT SIZE         =   ----    ----
END OF MODULE INFORMATION.


C51 COMPILATION COMPLETE.  0 WARNING(S),  0 ERROR(S)
